
===========================================================================
 report_power
============================================================================
======================= min_tt_025C_1v80 Corner ===================================

Group                    Internal    Switching      Leakage        Total
                            Power        Power        Power        Power (Watts)
------------------------------------------------------------------------
Sequential           7.024604e-04 1.424489e-04 1.211001e-09 8.449104e-04   3.3%
Combinational        1.164769e-02 1.344416e-02 1.871624e-08 2.509188e-02  96.7%
Macro                0.000000e+00 0.000000e+00 0.000000e+00 0.000000e+00   0.0%
Pad                  0.000000e+00 0.000000e+00 0.000000e+00 0.000000e+00   0.0%
------------------------------------------------------------------------
Total                1.235015e-02 1.358661e-02 1.992730e-08 2.593678e-02 100.0%
                            47.6%        52.4%         0.0%

