
===========================================================================
report_checks -unconstrained
===========================================================================
======================= max_tt_025C_1v80 Corner ===================================

Startpoint: rstb (input port clocked by clk)
Endpoint: _8434_ (recovery check against rising-edge clock clk')
Path Group: asynchronous
Path Type: max

Fanout         Cap        Slew       Delay        Time   Description
---------------------------------------------------------------------------------------------
                                  0.000000    0.000000   clock clk (rise edge)
                                  0.000000    0.000000   clock network delay (propagated)
                                  2.000000    2.000000 ^ input external delay
     1    0.005050    0.029518    0.018166    2.018166 ^ rstb (in)
                                                         rstb (net)
                      0.029524    0.000000    2.018166 ^ input17/A (sky130_fd_sc_hd__clkbuf_1)
     1    0.003343    0.049958    0.079587    2.097753 ^ input17/X (sky130_fd_sc_hd__clkbuf_1)
                                                         net17 (net)
                      0.049958    0.000144    2.097897 ^ fanout255/A (sky130_fd_sc_hd__clkbuf_2)
     5    0.025580    0.143438    0.176197    2.274094 ^ fanout255/X (sky130_fd_sc_hd__clkbuf_2)
                                                         net255 (net)
                      0.143499    0.002411    2.276505 ^ fanout252/A (sky130_fd_sc_hd__clkbuf_4)
    10    0.049481    0.154926    0.250778    2.527283 ^ fanout252/X (sky130_fd_sc_hd__clkbuf_4)
                                                         net252 (net)
                      0.154974    0.002271    2.529554 ^ _8434_/RESET_B (sky130_fd_sc_hd__dfrtp_4)
                                              2.529554   data arrival time

                                  5.000000    5.000000   clock clk' (rise edge)
                                  0.000000    5.000000   clock source latency
     1    0.015648    0.036781    0.025864    5.025864 v clk (in)
                                                         clk (net)
                      0.036856    0.000000    5.025864 v clkbuf_0_clk/A (sky130_fd_sc_hd__clkbuf_16)
     4    0.039604    0.046136    0.155278    5.181142 v clkbuf_0_clk/X (sky130_fd_sc_hd__clkbuf_16)
                                                         clknet_0_clk (net)
                      0.046405    0.002668    5.183810 v clkbuf_2_0__f_clk/A (sky130_fd_sc_hd__clkbuf_16)
     7    0.038428    0.045470    0.158940    5.342750 v clkbuf_2_0__f_clk/X (sky130_fd_sc_hd__clkbuf_16)
                                                         clknet_2_0__leaf_clk (net)
                      0.045649    0.001905    5.344655 v _8402__19/A (sky130_fd_sc_hd__inv_2)
     1    0.002431    0.021942    0.039105    5.383760 ^ _8402__19/Y (sky130_fd_sc_hd__inv_2)
                                                         net340 (net)
                      0.021942    0.000163    5.383923 ^ _8434_/CLK (sky130_fd_sc_hd__dfrtp_4)
                                 -0.250000    5.133923   clock uncertainty
                                  0.000000    5.133923   clock reconvergence pessimism
                                  0.174350    5.308273   library recovery time
                                              5.308273   data required time
---------------------------------------------------------------------------------------------
                                              5.308273   data required time
                                             -2.529554   data arrival time
---------------------------------------------------------------------------------------------
                                              2.778720   slack (MET)


Startpoint: periodTop[0] (input port clocked by clk)
Endpoint: _8421_ (rising edge-triggered flip-flop clocked by clk')
Path Group: clk
Path Type: max

Fanout         Cap        Slew       Delay        Time   Description
---------------------------------------------------------------------------------------------
                                  0.000000    0.000000   clock clk (rise edge)
                                  0.000000    0.000000   clock network delay (propagated)
                                  2.000000    2.000000 ^ input external delay
     1    0.004423    0.026781    0.016062    2.016062 ^ periodTop[0] (in)
                                                         periodTop[0] (net)
                      0.026784    0.000000    2.016062 ^ input1/A (sky130_fd_sc_hd__buf_1)
     1    0.015624    0.188711    0.175011    2.191073 ^ input1/X (sky130_fd_sc_hd__buf_1)
                                                         net1 (net)
                      0.188729    0.001494    2.192567 ^ fanout321/A (sky130_fd_sc_hd__buf_2)
     5    0.062478    0.304326    0.329218    2.521785 ^ fanout321/X (sky130_fd_sc_hd__buf_2)
                                                         net321 (net)
                      0.305575    0.015900    2.537684 ^ fanout320/A (sky130_fd_sc_hd__buf_4)
    10    0.067846    0.190613    0.287452    2.825136 ^ fanout320/X (sky130_fd_sc_hd__buf_4)
                                                         net320 (net)
                      0.192097    0.013594    2.838730 ^ fanout319/A (sky130_fd_sc_hd__buf_4)
    10    0.065576    0.184546    0.258867    3.097597 ^ fanout319/X (sky130_fd_sc_hd__buf_4)
                                                         net319 (net)
                      0.184924    0.006830    3.104426 ^ _4251_/A (sky130_fd_sc_hd__clkinv_4)
    10    0.073128    0.152808    0.178216    3.282642 v _4251_/Y (sky130_fd_sc_hd__clkinv_4)
                                                         _1218_ (net)
                      0.152958    0.004039    3.286682 v _4252_/A (sky130_fd_sc_hd__clkbuf_4)
    10    0.056164    0.116767    0.260010    3.546692 v _4252_/X (sky130_fd_sc_hd__clkbuf_4)
                                                         _1229_ (net)
                      0.116800    0.001665    3.548356 v _4253_/A (sky130_fd_sc_hd__buf_4)
    10    0.086802    0.114583    0.246490    3.794847 v _4253_/X (sky130_fd_sc_hd__buf_4)
                                                         _1240_ (net)
                      0.115335    0.007520    3.802367 v _4256_/A0 (sky130_fd_sc_hd__mux2_1)
     1    0.002531    0.053562    0.299762    4.102129 v _4256_/X (sky130_fd_sc_hd__mux2_1)
                                                         _1272_ (net)
                      0.053562    0.000160    4.102289 v _4260_/B (sky130_fd_sc_hd__or4_1)
     1    0.002418    0.078878    0.490596    4.592885 v _4260_/X (sky130_fd_sc_hd__or4_1)
                                                         _1316_ (net)
                      0.078878    0.000142    4.593026 v _4261_/D (sky130_fd_sc_hd__or4_1)
     1    0.003419    0.087745    0.409326    5.002352 v _4261_/X (sky130_fd_sc_hd__or4_1)
                                                         _1327_ (net)
                      0.087746    0.000188    5.002540 v _4262_/C (sky130_fd_sc_hd__or3_1)
     1    0.002534    0.062673    0.311174    5.313714 v _4262_/X (sky130_fd_sc_hd__or3_1)
                                                         _1338_ (net)
                      0.062673    0.000146    5.313859 v _4263_/D (sky130_fd_sc_hd__or4_1)
     1    0.004440    0.093519    0.414020    5.727880 v _4263_/X (sky130_fd_sc_hd__or4_1)
                                                         _1349_ (net)
                      0.093519    0.000295    5.728175 v _4264_/D (sky130_fd_sc_hd__or4_1)
     1    0.003341    0.086837    0.412644    6.140819 v _4264_/X (sky130_fd_sc_hd__or4_1)
                                                         _1360_ (net)
                      0.086837    0.000214    6.141033 v _4265_/D (sky130_fd_sc_hd__or4_1)
     1    0.003866    0.090318    0.415986    6.557019 v _4265_/X (sky130_fd_sc_hd__or4_1)
                                                         _1371_ (net)
                      0.090318    0.000265    6.557284 v _4281_/B1 (sky130_fd_sc_hd__a211o_1)
     2    0.008349    0.074936    0.311017    6.868301 v _4281_/X (sky130_fd_sc_hd__a211o_1)
                                                         _1547_ (net)
                      0.074944    0.000679    6.868980 v _4289_/A2 (sky130_fd_sc_hd__a21bo_1)
     1    0.002601    0.033333    0.193653    7.062633 v _4289_/X (sky130_fd_sc_hd__a21bo_1)
                                                         _1635_ (net)
                      0.033335    0.000183    7.062816 v _4290_/A (sky130_fd_sc_hd__buf_2)
     6    0.034689    0.091098    0.174559    7.237375 v _4290_/X (sky130_fd_sc_hd__buf_2)
                                                         _1646_ (net)
                      0.091118    0.001139    7.238514 v _4291_/A (sky130_fd_sc_hd__buf_4)
    10    0.063899    0.089467    0.216311    7.454824 v _4291_/X (sky130_fd_sc_hd__buf_4)
                                                         _1657_ (net)
                      0.089610    0.002927    7.457751 v _4301_/B (sky130_fd_sc_hd__xnor2_1)
     1    0.002507    0.046505    0.134699    7.592451 v _4301_/Y (sky130_fd_sc_hd__xnor2_1)
                                                         _0054_ (net)
                      0.046505    0.000171    7.592621 v _8421_/D (sky130_fd_sc_hd__dfrtp_1)
                                              7.592621   data arrival time

                                  5.000000    5.000000   clock clk' (rise edge)
                                  0.000000    5.000000   clock source latency
     1    0.015648    0.036781    0.025864    5.025864 v clk (in)
                                                         clk (net)
                      0.036856    0.000000    5.025864 v clkbuf_0_clk/A (sky130_fd_sc_hd__clkbuf_16)
     4    0.039604    0.046136    0.155278    5.181142 v clkbuf_0_clk/X (sky130_fd_sc_hd__clkbuf_16)
                                                         clknet_0_clk (net)
                      0.046361    0.002386    5.183528 v clkbuf_2_1__f_clk/A (sky130_fd_sc_hd__clkbuf_16)
     6    0.036239    0.044310    0.158120    5.341648 v clkbuf_2_1__f_clk/X (sky130_fd_sc_hd__clkbuf_16)
                                                         clknet_2_1__leaf_clk (net)
                      0.044422    0.001594    5.343242 v _8389__6/A (sky130_fd_sc_hd__inv_2)
     1    0.002001    0.020375    0.037086    5.380327 ^ _8389__6/Y (sky130_fd_sc_hd__inv_2)
                                                         net327 (net)
                      0.020375    0.000092    5.380420 ^ _8421_/CLK (sky130_fd_sc_hd__dfrtp_1)
                                 -0.250000    5.130420   clock uncertainty
                                  0.000000    5.130420   clock reconvergence pessimism
                                 -0.120566    5.009853   library setup time
                                              5.009853   data required time
---------------------------------------------------------------------------------------------
                                              5.009853   data required time
                                             -7.592621   data arrival time
---------------------------------------------------------------------------------------------
                                             -2.582767   slack (VIOLATED)




===========================================================================
report_checks --slack_max -0.01
============================================================================
======================= max_tt_025C_1v80 Corner ===================================

Startpoint: periodTop[0] (input port clocked by clk)
Endpoint: _8421_ (rising edge-triggered flip-flop clocked by clk')
Path Group: clk
Path Type: max

Fanout         Cap        Slew       Delay        Time   Description
---------------------------------------------------------------------------------------------
                                  0.000000    0.000000   clock clk (rise edge)
                                  0.000000    0.000000   clock network delay (propagated)
                                  2.000000    2.000000 ^ input external delay
     1    0.004423    0.026781    0.016062    2.016062 ^ periodTop[0] (in)
                                                         periodTop[0] (net)
                      0.026784    0.000000    2.016062 ^ input1/A (sky130_fd_sc_hd__buf_1)
     1    0.015624    0.188711    0.175011    2.191073 ^ input1/X (sky130_fd_sc_hd__buf_1)
                                                         net1 (net)
                      0.188729    0.001494    2.192567 ^ fanout321/A (sky130_fd_sc_hd__buf_2)
     5    0.062478    0.304326    0.329218    2.521785 ^ fanout321/X (sky130_fd_sc_hd__buf_2)
                                                         net321 (net)
                      0.305575    0.015900    2.537684 ^ fanout320/A (sky130_fd_sc_hd__buf_4)
    10    0.067846    0.190613    0.287452    2.825136 ^ fanout320/X (sky130_fd_sc_hd__buf_4)
                                                         net320 (net)
                      0.192097    0.013594    2.838730 ^ fanout319/A (sky130_fd_sc_hd__buf_4)
    10    0.065576    0.184546    0.258867    3.097597 ^ fanout319/X (sky130_fd_sc_hd__buf_4)
                                                         net319 (net)
                      0.184924    0.006830    3.104426 ^ _4251_/A (sky130_fd_sc_hd__clkinv_4)
    10    0.073128    0.152808    0.178216    3.282642 v _4251_/Y (sky130_fd_sc_hd__clkinv_4)
                                                         _1218_ (net)
                      0.152958    0.004039    3.286682 v _4252_/A (sky130_fd_sc_hd__clkbuf_4)
    10    0.056164    0.116767    0.260010    3.546692 v _4252_/X (sky130_fd_sc_hd__clkbuf_4)
                                                         _1229_ (net)
                      0.116800    0.001665    3.548356 v _4253_/A (sky130_fd_sc_hd__buf_4)
    10    0.086802    0.114583    0.246490    3.794847 v _4253_/X (sky130_fd_sc_hd__buf_4)
                                                         _1240_ (net)
                      0.115335    0.007520    3.802367 v _4256_/A0 (sky130_fd_sc_hd__mux2_1)
     1    0.002531    0.053562    0.299762    4.102129 v _4256_/X (sky130_fd_sc_hd__mux2_1)
                                                         _1272_ (net)
                      0.053562    0.000160    4.102289 v _4260_/B (sky130_fd_sc_hd__or4_1)
     1    0.002418    0.078878    0.490596    4.592885 v _4260_/X (sky130_fd_sc_hd__or4_1)
                                                         _1316_ (net)
                      0.078878    0.000142    4.593026 v _4261_/D (sky130_fd_sc_hd__or4_1)
     1    0.003419    0.087745    0.409326    5.002352 v _4261_/X (sky130_fd_sc_hd__or4_1)
                                                         _1327_ (net)
                      0.087746    0.000188    5.002540 v _4262_/C (sky130_fd_sc_hd__or3_1)
     1    0.002534    0.062673    0.311174    5.313714 v _4262_/X (sky130_fd_sc_hd__or3_1)
                                                         _1338_ (net)
                      0.062673    0.000146    5.313859 v _4263_/D (sky130_fd_sc_hd__or4_1)
     1    0.004440    0.093519    0.414020    5.727880 v _4263_/X (sky130_fd_sc_hd__or4_1)
                                                         _1349_ (net)
                      0.093519    0.000295    5.728175 v _4264_/D (sky130_fd_sc_hd__or4_1)
     1    0.003341    0.086837    0.412644    6.140819 v _4264_/X (sky130_fd_sc_hd__or4_1)
                                                         _1360_ (net)
                      0.086837    0.000214    6.141033 v _4265_/D (sky130_fd_sc_hd__or4_1)
     1    0.003866    0.090318    0.415986    6.557019 v _4265_/X (sky130_fd_sc_hd__or4_1)
                                                         _1371_ (net)
                      0.090318    0.000265    6.557284 v _4281_/B1 (sky130_fd_sc_hd__a211o_1)
     2    0.008349    0.074936    0.311017    6.868301 v _4281_/X (sky130_fd_sc_hd__a211o_1)
                                                         _1547_ (net)
                      0.074944    0.000679    6.868980 v _4289_/A2 (sky130_fd_sc_hd__a21bo_1)
     1    0.002601    0.033333    0.193653    7.062633 v _4289_/X (sky130_fd_sc_hd__a21bo_1)
                                                         _1635_ (net)
                      0.033335    0.000183    7.062816 v _4290_/A (sky130_fd_sc_hd__buf_2)
     6    0.034689    0.091098    0.174559    7.237375 v _4290_/X (sky130_fd_sc_hd__buf_2)
                                                         _1646_ (net)
                      0.091118    0.001139    7.238514 v _4291_/A (sky130_fd_sc_hd__buf_4)
    10    0.063899    0.089467    0.216311    7.454824 v _4291_/X (sky130_fd_sc_hd__buf_4)
                                                         _1657_ (net)
                      0.089610    0.002927    7.457751 v _4301_/B (sky130_fd_sc_hd__xnor2_1)
     1    0.002507    0.046505    0.134699    7.592451 v _4301_/Y (sky130_fd_sc_hd__xnor2_1)
                                                         _0054_ (net)
                      0.046505    0.000171    7.592621 v _8421_/D (sky130_fd_sc_hd__dfrtp_1)
                                              7.592621   data arrival time

                                  5.000000    5.000000   clock clk' (rise edge)
                                  0.000000    5.000000   clock source latency
     1    0.015648    0.036781    0.025864    5.025864 v clk (in)
                                                         clk (net)
                      0.036856    0.000000    5.025864 v clkbuf_0_clk/A (sky130_fd_sc_hd__clkbuf_16)
     4    0.039604    0.046136    0.155278    5.181142 v clkbuf_0_clk/X (sky130_fd_sc_hd__clkbuf_16)
                                                         clknet_0_clk (net)
                      0.046361    0.002386    5.183528 v clkbuf_2_1__f_clk/A (sky130_fd_sc_hd__clkbuf_16)
     6    0.036239    0.044310    0.158120    5.341648 v clkbuf_2_1__f_clk/X (sky130_fd_sc_hd__clkbuf_16)
                                                         clknet_2_1__leaf_clk (net)
                      0.044422    0.001594    5.343242 v _8389__6/A (sky130_fd_sc_hd__inv_2)
     1    0.002001    0.020375    0.037086    5.380327 ^ _8389__6/Y (sky130_fd_sc_hd__inv_2)
                                                         net327 (net)
                      0.020375    0.000092    5.380420 ^ _8421_/CLK (sky130_fd_sc_hd__dfrtp_1)
                                 -0.250000    5.130420   clock uncertainty
                                  0.000000    5.130420   clock reconvergence pessimism
                                 -0.120566    5.009853   library setup time
                                              5.009853   data required time
---------------------------------------------------------------------------------------------
                                              5.009853   data required time
                                             -7.592621   data arrival time
---------------------------------------------------------------------------------------------
                                             -2.582767   slack (VIOLATED)




===========================================================================
 report_check_types -max_slew -max_cap -max_fanout -violators
============================================================================
======================= max_tt_025C_1v80 Corner ===================================



===========================================================================
report_parasitic_annotation -report_unannotated
============================================================================
Found 0 unannotated drivers.
Found 0 partially unannotated drivers.

===========================================================================
max slew violation count 0
max fanout violation count 0
max cap violation count 0
============================================================================

===========================================================================
check_setup -verbose -unconstrained_endpoints -multiple_clock -no_clock -no_input_delay -loops -generated_clocks
===========================================================================
