
===========================================================================
 report_power
============================================================================
======================= max_tt_025C_1v80 Corner ===================================

Group                    Internal    Switching      Leakage        Total
                            Power        Power        Power        Power (Watts)
------------------------------------------------------------------------
Sequential           1.852436e-04 1.001406e-04 3.657656e-10 2.853846e-04   4.5%
Combinational        2.774976e-03 3.328136e-03 3.356791e-08 6.103145e-03  95.5%
Macro                0.000000e+00 0.000000e+00 0.000000e+00 0.000000e+00   0.0%
Pad                  0.000000e+00 0.000000e+00 0.000000e+00 0.000000e+00   0.0%
------------------------------------------------------------------------
Total                2.960220e-03 3.428276e-03 3.393369e-08 6.388531e-03 100.0%
                            46.3%        53.7%         0.0%

