
===========================================================================
 report_power
============================================================================
======================= nom_tt_025C_1v80 Corner ===================================

Group                    Internal    Switching      Leakage        Total
                            Power        Power        Power        Power (Watts)
------------------------------------------------------------------------
Sequential           7.020857e-04 1.481145e-04 1.211001e-09 8.502014e-04   3.2%
Combinational        1.165127e-02 1.384291e-02 1.871624e-08 2.549420e-02  96.8%
Macro                0.000000e+00 0.000000e+00 0.000000e+00 0.000000e+00   0.0%
Pad                  0.000000e+00 0.000000e+00 0.000000e+00 0.000000e+00   0.0%
------------------------------------------------------------------------
Total                1.235336e-02 1.399102e-02 1.992730e-08 2.634440e-02 100.0%
                            46.9%        53.1%         0.0%

