
===========================================================================
report_checks -unconstrained
===========================================================================
======================= nom_tt_025C_1v80 Corner ===================================

Startpoint: rstb (input port clocked by clk)
Endpoint: _8434_ (recovery check against rising-edge clock clk')
Path Group: asynchronous
Path Type: max

Fanout         Cap        Slew       Delay        Time   Description
---------------------------------------------------------------------------------------------
                                  0.000000    0.000000   clock clk (rise edge)
                                  0.000000    0.000000   clock network delay (propagated)
                                  2.000000    2.000000 ^ input external delay
     1    0.004930    0.028990    0.017678    2.017678 ^ rstb (in)
                                                         rstb (net)
                      0.028992    0.000000    2.017678 ^ input17/A (sky130_fd_sc_hd__clkbuf_1)
     1    0.003306    0.049556    0.079140    2.096817 ^ input17/X (sky130_fd_sc_hd__clkbuf_1)
                                                         net17 (net)
                      0.049557    0.000074    2.096892 ^ fanout255/A (sky130_fd_sc_hd__clkbuf_2)
     5    0.024349    0.137390    0.172073    2.268965 ^ fanout255/X (sky130_fd_sc_hd__clkbuf_2)
                                                         net255 (net)
                      0.137410    0.001356    2.270322 ^ fanout252/A (sky130_fd_sc_hd__clkbuf_4)
    10    0.048213    0.151780    0.247102    2.517423 ^ fanout252/X (sky130_fd_sc_hd__clkbuf_4)
                                                         net252 (net)
                      0.151790    0.001041    2.518464 ^ _8434_/RESET_B (sky130_fd_sc_hd__dfrtp_4)
                                              2.518464   data arrival time

                                  5.000000    5.000000   clock clk' (rise edge)
                                  0.000000    5.000000   clock source latency
     1    0.014845    0.034858    0.024331    5.024331 v clk (in)
                                                         clk (net)
                      0.034889    0.000000    5.024331 v clkbuf_0_clk/A (sky130_fd_sc_hd__clkbuf_16)
     4    0.038445    0.045397    0.154318    5.178649 v clkbuf_0_clk/X (sky130_fd_sc_hd__clkbuf_16)
                                                         clknet_0_clk (net)
                      0.045449    0.001151    5.179800 v clkbuf_2_0__f_clk/A (sky130_fd_sc_hd__clkbuf_16)
     7    0.037524    0.044908    0.158615    5.338415 v clkbuf_2_0__f_clk/X (sky130_fd_sc_hd__clkbuf_16)
                                                         clknet_2_0__leaf_clk (net)
                      0.044943    0.000821    5.339236 v _8402__19/A (sky130_fd_sc_hd__inv_2)
     1    0.002367    0.021626    0.038609    5.377844 ^ _8402__19/Y (sky130_fd_sc_hd__inv_2)
                                                         net340 (net)
                      0.021626    0.000067    5.377912 ^ _8434_/CLK (sky130_fd_sc_hd__dfrtp_4)
                                 -0.250000    5.127912   clock uncertainty
                                  0.000000    5.127912   clock reconvergence pessimism
                                  0.175284    5.303196   library recovery time
                                              5.303196   data required time
---------------------------------------------------------------------------------------------
                                              5.303196   data required time
                                             -2.518464   data arrival time
---------------------------------------------------------------------------------------------
                                              2.784731   slack (MET)


Startpoint: periodTop[0] (input port clocked by clk)
Endpoint: _8421_ (rising edge-triggered flip-flop clocked by clk')
Path Group: clk
Path Type: max

Fanout         Cap        Slew       Delay        Time   Description
---------------------------------------------------------------------------------------------
                                  0.000000    0.000000   clock clk (rise edge)
                                  0.000000    0.000000   clock network delay (propagated)
                                  2.000000    2.000000 ^ input external delay
     1    0.004265    0.026097    0.015469    2.015469 ^ periodTop[0] (in)
                                                         periodTop[0] (net)
                      0.026098    0.000000    2.015469 ^ input1/A (sky130_fd_sc_hd__buf_1)
     1    0.013955    0.169664    0.161927    2.177395 ^ input1/X (sky130_fd_sc_hd__buf_1)
                                                         net1 (net)
                      0.169671    0.000905    2.178300 ^ fanout321/A (sky130_fd_sc_hd__buf_2)
     5    0.058339    0.284213    0.313892    2.492192 ^ fanout321/X (sky130_fd_sc_hd__buf_2)
                                                         net321 (net)
                      0.284668    0.009350    2.501543 ^ fanout320/A (sky130_fd_sc_hd__buf_4)
    10    0.063227    0.178513    0.278908    2.780450 ^ fanout320/X (sky130_fd_sc_hd__buf_4)
                                                         net320 (net)
                      0.179015    0.007724    2.788174 ^ fanout319/A (sky130_fd_sc_hd__buf_4)
    10    0.062022    0.174266    0.250469    3.038643 ^ fanout319/X (sky130_fd_sc_hd__buf_4)
                                                         net319 (net)
                      0.174391    0.003848    3.042492 ^ _4251_/A (sky130_fd_sc_hd__clkinv_4)
    10    0.068299    0.142076    0.170887    3.213379 v _4251_/Y (sky130_fd_sc_hd__clkinv_4)
                                                         _1218_ (net)
                      0.142094    0.001378    3.214757 v _4252_/A (sky130_fd_sc_hd__clkbuf_4)
    10    0.052976    0.110825    0.252978    3.467734 v _4252_/X (sky130_fd_sc_hd__clkbuf_4)
                                                         _1229_ (net)
                      0.110831    0.000643    3.468378 v _4253_/A (sky130_fd_sc_hd__buf_4)
    10    0.080988    0.107329    0.241042    3.709420 v _4253_/X (sky130_fd_sc_hd__buf_4)
                                                         _1240_ (net)
                      0.107534    0.003836    3.713256 v _4256_/A0 (sky130_fd_sc_hd__mux2_1)
     1    0.002417    0.052993    0.295790    4.009046 v _4256_/X (sky130_fd_sc_hd__mux2_1)
                                                         _1272_ (net)
                      0.052993    0.000070    4.009116 v _4260_/B (sky130_fd_sc_hd__or4_1)
     1    0.002279    0.077888    0.488633    4.497749 v _4260_/X (sky130_fd_sc_hd__or4_1)
                                                         _1316_ (net)
                      0.077888    0.000067    4.497816 v _4261_/D (sky130_fd_sc_hd__or4_1)
     1    0.003164    0.085455    0.405697    4.903513 v _4261_/X (sky130_fd_sc_hd__or4_1)
                                                         _1327_ (net)
                      0.085455    0.000099    4.903612 v _4262_/C (sky130_fd_sc_hd__or3_1)
     1    0.002373    0.061622    0.308661    5.212274 v _4262_/X (sky130_fd_sc_hd__or3_1)
                                                         _1338_ (net)
                      0.061622    0.000070    5.212343 v _4263_/D (sky130_fd_sc_hd__or4_1)
     1    0.004165    0.091970    0.411232    5.623576 v _4263_/X (sky130_fd_sc_hd__or4_1)
                                                         _1349_ (net)
                      0.091970    0.000149    5.623725 v _4264_/D (sky130_fd_sc_hd__or4_1)
     1    0.003178    0.085340    0.410076    6.033801 v _4264_/X (sky130_fd_sc_hd__or4_1)
                                                         _1360_ (net)
                      0.085340    0.000096    6.033897 v _4265_/D (sky130_fd_sc_hd__or4_1)
     1    0.003666    0.089220    0.413741    6.447638 v _4265_/X (sky130_fd_sc_hd__or4_1)
                                                         _1371_ (net)
                      0.089220    0.000123    6.447761 v _4281_/B1 (sky130_fd_sc_hd__a211o_1)
     2    0.008006    0.072971    0.308740    6.756501 v _4281_/X (sky130_fd_sc_hd__a211o_1)
                                                         _1547_ (net)
                      0.072973    0.000314    6.756815 v _4289_/A2 (sky130_fd_sc_hd__a21bo_1)
     1    0.002521    0.032955    0.192427    6.949241 v _4289_/X (sky130_fd_sc_hd__a21bo_1)
                                                         _1635_ (net)
                      0.032955    0.000075    6.949316 v _4290_/A (sky130_fd_sc_hd__buf_2)
     6    0.033688    0.088590    0.173422    7.122738 v _4290_/X (sky130_fd_sc_hd__buf_2)
                                                         _1646_ (net)
                      0.088595    0.000538    7.123275 v _4291_/A (sky130_fd_sc_hd__buf_4)
    10    0.062056    0.087166    0.215091    7.338367 v _4291_/X (sky130_fd_sc_hd__buf_4)
                                                         _1657_ (net)
                      0.087190    0.001206    7.339572 v _4301_/B (sky130_fd_sc_hd__xnor2_1)
     1    0.002451    0.045395    0.133316    7.472888 v _4301_/Y (sky130_fd_sc_hd__xnor2_1)
                                                         _0054_ (net)
                      0.045395    0.000070    7.472959 v _8421_/D (sky130_fd_sc_hd__dfrtp_1)
                                              7.472959   data arrival time

                                  5.000000    5.000000   clock clk' (rise edge)
                                  0.000000    5.000000   clock source latency
     1    0.014845    0.034858    0.024331    5.024331 v clk (in)
                                                         clk (net)
                      0.034889    0.000000    5.024331 v clkbuf_0_clk/A (sky130_fd_sc_hd__clkbuf_16)
     4    0.038445    0.045397    0.154318    5.178649 v clkbuf_0_clk/X (sky130_fd_sc_hd__clkbuf_16)
                                                         clknet_0_clk (net)
                      0.045440    0.001028    5.179677 v clkbuf_2_1__f_clk/A (sky130_fd_sc_hd__clkbuf_16)
     6    0.035233    0.043758    0.157514    5.337191 v clkbuf_2_1__f_clk/X (sky130_fd_sc_hd__clkbuf_16)
                                                         clknet_2_1__leaf_clk (net)
                      0.043761    0.000679    5.337870 v _8389__6/A (sky130_fd_sc_hd__inv_2)
     1    0.001996    0.020238    0.036807    5.374677 ^ _8389__6/Y (sky130_fd_sc_hd__inv_2)
                                                         net327 (net)
                      0.020238    0.000038    5.374715 ^ _8421_/CLK (sky130_fd_sc_hd__dfrtp_1)
                                 -0.250000    5.124715   clock uncertainty
                                  0.000000    5.124715   clock reconvergence pessimism
                                 -0.120112    5.004603   library setup time
                                              5.004603   data required time
---------------------------------------------------------------------------------------------
                                              5.004603   data required time
                                             -7.472959   data arrival time
---------------------------------------------------------------------------------------------
                                             -2.468355   slack (VIOLATED)




===========================================================================
report_checks --slack_max -0.01
============================================================================
======================= nom_tt_025C_1v80 Corner ===================================

Startpoint: periodTop[0] (input port clocked by clk)
Endpoint: _8421_ (rising edge-triggered flip-flop clocked by clk')
Path Group: clk
Path Type: max

Fanout         Cap        Slew       Delay        Time   Description
---------------------------------------------------------------------------------------------
                                  0.000000    0.000000   clock clk (rise edge)
                                  0.000000    0.000000   clock network delay (propagated)
                                  2.000000    2.000000 ^ input external delay
     1    0.004265    0.026097    0.015469    2.015469 ^ periodTop[0] (in)
                                                         periodTop[0] (net)
                      0.026098    0.000000    2.015469 ^ input1/A (sky130_fd_sc_hd__buf_1)
     1    0.013955    0.169664    0.161927    2.177395 ^ input1/X (sky130_fd_sc_hd__buf_1)
                                                         net1 (net)
                      0.169671    0.000905    2.178300 ^ fanout321/A (sky130_fd_sc_hd__buf_2)
     5    0.058339    0.284213    0.313892    2.492192 ^ fanout321/X (sky130_fd_sc_hd__buf_2)
                                                         net321 (net)
                      0.284668    0.009350    2.501543 ^ fanout320/A (sky130_fd_sc_hd__buf_4)
    10    0.063227    0.178513    0.278908    2.780450 ^ fanout320/X (sky130_fd_sc_hd__buf_4)
                                                         net320 (net)
                      0.179015    0.007724    2.788174 ^ fanout319/A (sky130_fd_sc_hd__buf_4)
    10    0.062022    0.174266    0.250469    3.038643 ^ fanout319/X (sky130_fd_sc_hd__buf_4)
                                                         net319 (net)
                      0.174391    0.003848    3.042492 ^ _4251_/A (sky130_fd_sc_hd__clkinv_4)
    10    0.068299    0.142076    0.170887    3.213379 v _4251_/Y (sky130_fd_sc_hd__clkinv_4)
                                                         _1218_ (net)
                      0.142094    0.001378    3.214757 v _4252_/A (sky130_fd_sc_hd__clkbuf_4)
    10    0.052976    0.110825    0.252978    3.467734 v _4252_/X (sky130_fd_sc_hd__clkbuf_4)
                                                         _1229_ (net)
                      0.110831    0.000643    3.468378 v _4253_/A (sky130_fd_sc_hd__buf_4)
    10    0.080988    0.107329    0.241042    3.709420 v _4253_/X (sky130_fd_sc_hd__buf_4)
                                                         _1240_ (net)
                      0.107534    0.003836    3.713256 v _4256_/A0 (sky130_fd_sc_hd__mux2_1)
     1    0.002417    0.052993    0.295790    4.009046 v _4256_/X (sky130_fd_sc_hd__mux2_1)
                                                         _1272_ (net)
                      0.052993    0.000070    4.009116 v _4260_/B (sky130_fd_sc_hd__or4_1)
     1    0.002279    0.077888    0.488633    4.497749 v _4260_/X (sky130_fd_sc_hd__or4_1)
                                                         _1316_ (net)
                      0.077888    0.000067    4.497816 v _4261_/D (sky130_fd_sc_hd__or4_1)
     1    0.003164    0.085455    0.405697    4.903513 v _4261_/X (sky130_fd_sc_hd__or4_1)
                                                         _1327_ (net)
                      0.085455    0.000099    4.903612 v _4262_/C (sky130_fd_sc_hd__or3_1)
     1    0.002373    0.061622    0.308661    5.212274 v _4262_/X (sky130_fd_sc_hd__or3_1)
                                                         _1338_ (net)
                      0.061622    0.000070    5.212343 v _4263_/D (sky130_fd_sc_hd__or4_1)
     1    0.004165    0.091970    0.411232    5.623576 v _4263_/X (sky130_fd_sc_hd__or4_1)
                                                         _1349_ (net)
                      0.091970    0.000149    5.623725 v _4264_/D (sky130_fd_sc_hd__or4_1)
     1    0.003178    0.085340    0.410076    6.033801 v _4264_/X (sky130_fd_sc_hd__or4_1)
                                                         _1360_ (net)
                      0.085340    0.000096    6.033897 v _4265_/D (sky130_fd_sc_hd__or4_1)
     1    0.003666    0.089220    0.413741    6.447638 v _4265_/X (sky130_fd_sc_hd__or4_1)
                                                         _1371_ (net)
                      0.089220    0.000123    6.447761 v _4281_/B1 (sky130_fd_sc_hd__a211o_1)
     2    0.008006    0.072971    0.308740    6.756501 v _4281_/X (sky130_fd_sc_hd__a211o_1)
                                                         _1547_ (net)
                      0.072973    0.000314    6.756815 v _4289_/A2 (sky130_fd_sc_hd__a21bo_1)
     1    0.002521    0.032955    0.192427    6.949241 v _4289_/X (sky130_fd_sc_hd__a21bo_1)
                                                         _1635_ (net)
                      0.032955    0.000075    6.949316 v _4290_/A (sky130_fd_sc_hd__buf_2)
     6    0.033688    0.088590    0.173422    7.122738 v _4290_/X (sky130_fd_sc_hd__buf_2)
                                                         _1646_ (net)
                      0.088595    0.000538    7.123275 v _4291_/A (sky130_fd_sc_hd__buf_4)
    10    0.062056    0.087166    0.215091    7.338367 v _4291_/X (sky130_fd_sc_hd__buf_4)
                                                         _1657_ (net)
                      0.087190    0.001206    7.339572 v _4301_/B (sky130_fd_sc_hd__xnor2_1)
     1    0.002451    0.045395    0.133316    7.472888 v _4301_/Y (sky130_fd_sc_hd__xnor2_1)
                                                         _0054_ (net)
                      0.045395    0.000070    7.472959 v _8421_/D (sky130_fd_sc_hd__dfrtp_1)
                                              7.472959   data arrival time

                                  5.000000    5.000000   clock clk' (rise edge)
                                  0.000000    5.000000   clock source latency
     1    0.014845    0.034858    0.024331    5.024331 v clk (in)
                                                         clk (net)
                      0.034889    0.000000    5.024331 v clkbuf_0_clk/A (sky130_fd_sc_hd__clkbuf_16)
     4    0.038445    0.045397    0.154318    5.178649 v clkbuf_0_clk/X (sky130_fd_sc_hd__clkbuf_16)
                                                         clknet_0_clk (net)
                      0.045440    0.001028    5.179677 v clkbuf_2_1__f_clk/A (sky130_fd_sc_hd__clkbuf_16)
     6    0.035233    0.043758    0.157514    5.337191 v clkbuf_2_1__f_clk/X (sky130_fd_sc_hd__clkbuf_16)
                                                         clknet_2_1__leaf_clk (net)
                      0.043761    0.000679    5.337870 v _8389__6/A (sky130_fd_sc_hd__inv_2)
     1    0.001996    0.020238    0.036807    5.374677 ^ _8389__6/Y (sky130_fd_sc_hd__inv_2)
                                                         net327 (net)
                      0.020238    0.000038    5.374715 ^ _8421_/CLK (sky130_fd_sc_hd__dfrtp_1)
                                 -0.250000    5.124715   clock uncertainty
                                  0.000000    5.124715   clock reconvergence pessimism
                                 -0.120112    5.004603   library setup time
                                              5.004603   data required time
---------------------------------------------------------------------------------------------
                                              5.004603   data required time
                                             -7.472959   data arrival time
---------------------------------------------------------------------------------------------
                                             -2.468355   slack (VIOLATED)




===========================================================================
 report_check_types -max_slew -max_cap -max_fanout -violators
============================================================================
======================= nom_tt_025C_1v80 Corner ===================================



===========================================================================
report_parasitic_annotation -report_unannotated
============================================================================
Found 0 unannotated drivers.
Found 0 partially unannotated drivers.

===========================================================================
max slew violation count 0
max fanout violation count 0
max cap violation count 0
============================================================================

===========================================================================
check_setup -verbose -unconstrained_endpoints -multiple_clock -no_clock -no_input_delay -loops -generated_clocks
===========================================================================
