
===========================================================================
Violator List
============================================================================
[setup in-reg] periodTop[8] -> _3891_/D : -0.742293
[setup in-reg] periodTop[8] -> _3825_/D : -0.738816
[setup in-reg] periodTop[8] -> _3890_/D : -0.737703
[setup in-reg] periodTop[8] -> _3875_/D : -0.737158
[setup in-reg] periodTop[8] -> _3824_/D : -0.736753
[setup in-reg] periodTop[8] -> _3874_/D : -0.736674
[setup in-reg] periodTop[8] -> _3827_/D : -0.732099
[setup in-reg] periodTop[8] -> _3823_/D : -0.727874
[setup in-reg] periodTop[8] -> _3877_/D : -0.724061
[setup in-reg] periodTop[8] -> _3873_/D : -0.722154
[setup in-reg] periodTop[8] -> _3893_/D : -0.720698
[setup in-reg] periodTop[8] -> _3826_/D : -0.719875
[setup in-reg] periodTop[8] -> _3892_/D : -0.718415
[setup in-reg] periodTop[8] -> _3876_/D : -0.715330
[setup in-reg] periodTop[8] -> _3889_/D : -0.712829
[setup in-reg] periodTop[8] -> _3887_/D : -0.708977
[setup in-reg] periodTop[8] -> _3871_/D : -0.707412
[setup in-reg] periodTop[8] -> _3821_/D : -0.696433
[setup in-reg] periodTop[8] -> _3872_/D : -0.682284
[setup in-reg] periodTop[8] -> _3822_/D : -0.678666
[setup in-reg] periodTop[8] -> _3888_/D : -0.677460
[setup in-reg] periodTop[8] -> _3886_/D : -0.624688
[setup in-reg] periodTop[8] -> _3820_/D : -0.624650
[setup in-reg] periodTop[8] -> _3870_/D : -0.622378
[setup in-reg] periodTop[8] -> _3819_/D : -0.613873
[setup in-reg] periodTop[8] -> _3885_/D : -0.611749
[setup in-reg] periodTop[8] -> _3869_/D : -0.610148
[setup in-reg] periodTop[8] -> _3868_/D : -0.512908
[setup in-reg] periodTop[8] -> _3818_/D : -0.509448
[setup in-reg] periodTop[8] -> _3884_/D : -0.506814
[setup in-reg] periodTop[8] -> _3881_/D : -0.493816
[setup in-reg] periodTop[8] -> _3865_/D : -0.487632
[setup in-reg] periodTop[8] -> _3815_/D : -0.485073
[setup in-reg] periodTop[8] -> _3883_/D : -0.447156
[setup in-reg] periodTop[8] -> _3867_/D : -0.442121
[setup in-reg] periodTop[8] -> _3817_/D : -0.440024
[setup in-reg] periodTop[8] -> _3880_/D : -0.379829
[setup in-reg] periodTop[8] -> _3864_/D : -0.373118
[setup in-reg] periodTop[8] -> _3814_/D : -0.372563
[setup in-reg] periodTop[8] -> _3816_/D : -0.350113
[setup in-reg] periodTop[8] -> _3866_/D : -0.347306
[setup in-reg] periodTop[8] -> _3882_/D : -0.343394
[setup in-reg] periodTop[8] -> _3879_/D : -0.217688
[setup in-reg] periodTop[8] -> _3863_/D : -0.209758
[setup in-reg] periodTop[8] -> _3813_/D : -0.205050
[setup in-reg] periodTop[8] -> _3878_/D : -0.125572
[setup in-reg] periodTop[8] -> _3862_/D : -0.119218
[setup in-reg] periodTop[8] -> _3812_/D : -0.117571
