
===========================================================================
Violator List
============================================================================
[setup in-reg] periodTop[11] -> _3890_/D : -2.916825
[setup in-reg] periodTop[11] -> _3824_/D : -2.915612
[setup in-reg] periodTop[11] -> _3874_/D : -2.915030
[setup in-reg] periodTop[11] -> _3823_/D : -2.902706
[setup in-reg] periodTop[11] -> _3873_/D : -2.895719
[setup in-reg] periodTop[11] -> _3891_/D : -2.883849
[setup in-reg] periodTop[11] -> _3889_/D : -2.880354
[setup in-reg] periodTop[11] -> _3887_/D : -2.879920
[setup in-reg] periodTop[11] -> _3825_/D : -2.877969
[setup in-reg] periodTop[11] -> _3871_/D : -2.877808
[setup in-reg] periodTop[11] -> _3875_/D : -2.874977
[setup in-reg] periodTop[11] -> _3821_/D : -2.863284
[setup in-reg] periodTop[11] -> _3827_/D : -2.862802
[setup in-reg] periodTop[11] -> _3877_/D : -2.852785
[setup in-reg] periodTop[11] -> _3826_/D : -2.849383
[setup in-reg] periodTop[11] -> _3893_/D : -2.847386
[setup in-reg] periodTop[11] -> _3892_/D : -2.847278
[setup in-reg] periodTop[11] -> _3876_/D : -2.845058
[setup in-reg] periodTop[11] -> _3872_/D : -2.836747
[setup in-reg] periodTop[11] -> _3822_/D : -2.830011
[setup in-reg] periodTop[11] -> _3888_/D : -2.828247
[setup in-reg] periodTop[11] -> _3886_/D : -2.726322
[setup in-reg] periodTop[11] -> _3820_/D : -2.726162
[setup in-reg] periodTop[11] -> _3870_/D : -2.723676
[setup in-reg] periodTop[11] -> _3819_/D : -2.723449
[setup in-reg] periodTop[11] -> _3885_/D : -2.719266
[setup in-reg] periodTop[11] -> _3869_/D : -2.718723
[setup in-reg] periodTop[11] -> _3868_/D : -2.577328
[setup in-reg] periodTop[11] -> _3881_/D : -2.573618
[setup in-reg] periodTop[11] -> _3818_/D : -2.571515
[setup in-reg] periodTop[11] -> _3884_/D : -2.566458
[setup in-reg] periodTop[11] -> _3865_/D : -2.564471
[setup in-reg] periodTop[11] -> _3815_/D : -2.559817
[setup in-reg] periodTop[11] -> _3883_/D : -2.477206
[setup in-reg] periodTop[11] -> _3867_/D : -2.468534
[setup in-reg] periodTop[11] -> _3817_/D : -2.464442
[setup in-reg] periodTop[11] -> _3880_/D : -2.390015
[setup in-reg] periodTop[11] -> _3864_/D : -2.380087
[setup in-reg] periodTop[11] -> _3814_/D : -2.378873
[setup in-reg] periodTop[11] -> _3816_/D : -2.282722
[setup in-reg] periodTop[11] -> _3866_/D : -2.277735
[setup in-reg] periodTop[11] -> _3882_/D : -2.270686
[setup in-reg] periodTop[11] -> _3879_/D : -2.107342
[setup in-reg] periodTop[11] -> _3863_/D : -2.094705
[setup in-reg] periodTop[11] -> _3813_/D : -2.088066
[setup in-reg] periodTop[11] -> _3878_/D : -1.935717
[setup in-reg] periodTop[11] -> _3862_/D : -1.926084
[setup in-reg] periodTop[11] -> _3812_/D : -1.923876
[setup in-reg] periodTop[2] -> _3855_/D : -1.867547
[setup in-reg] periodTop[2] -> _3847_/D : -1.837748
[setup in-reg] periodTop[2] -> _3853_/D : -1.825431
[setup in-reg] periodTop[2] -> _3859_/D : -1.814936
[setup in-reg] periodTop[2] -> _3857_/D : -1.813064
[setup in-reg] periodTop[2] -> _3851_/D : -1.806859
[setup in-reg] periodTop[2] -> _3854_/D : -1.803790
[setup in-reg] periodTop[2] -> _3849_/D : -1.799325
[setup in-reg] periodTop[2] -> _3858_/D : -1.796655
[setup in-reg] periodTop[2] -> _3856_/D : -1.793939
[setup in-reg] periodTop[2] -> _3846_/D : -1.787752
[setup in-reg] periodTop[2] -> _3850_/D : -1.777982
[setup in-reg] periodTop[2] -> _3848_/D : -1.775931
[setup in-reg] periodTop[2] -> _3852_/D : -1.771481
[setup in-reg] periodTop[2] -> _3845_/D : -1.620082
[setup in-reg] periodTop[2] -> _3860_/D : -1.253485
[setup reg-out] _3830_/Q -> pwmB : -0.543440
[setup reg-out] _3830_/Q -> pwmA : -0.474802
[setup reg-out] _3830_/Q -> pwmC : -0.348581
