
===========================================================================
report_checks -unconstrained
===========================================================================
======================= max_ss_100C_1v60 Corner ===================================

Startpoint: rstb (input port clocked by clk)
Endpoint: _8434_ (recovery check against rising-edge clock clk')
Path Group: asynchronous
Path Type: max

Fanout         Cap        Slew       Delay        Time   Description
---------------------------------------------------------------------------------------------
                                  0.000000    0.000000   clock clk (rise edge)
                                  0.000000    0.000000   clock network delay (propagated)
                                  2.000000    2.000000 ^ input external delay
     1    0.004984    0.047045    0.027462    2.027462 ^ rstb (in)
                                                         rstb (net)
                      0.047048    0.000000    2.027462 ^ input17/A (sky130_fd_sc_hd__clkbuf_1)
     1    0.003321    0.081483    0.146978    2.174440 ^ input17/X (sky130_fd_sc_hd__clkbuf_1)
                                                         net17 (net)
                      0.081484    0.000143    2.174583 ^ fanout255/A (sky130_fd_sc_hd__clkbuf_2)
     5    0.024837    0.218328    0.303725    2.478308 ^ fanout255/X (sky130_fd_sc_hd__clkbuf_2)
                                                         net255 (net)
                      0.218365    0.002325    2.480633 ^ fanout252/A (sky130_fd_sc_hd__clkbuf_4)
    10    0.045801    0.230239    0.433026    2.913659 ^ fanout252/X (sky130_fd_sc_hd__clkbuf_4)
                                                         net252 (net)
                      0.230267    0.002103    2.915762 ^ _8434_/RESET_B (sky130_fd_sc_hd__dfrtp_4)
                                              2.915762   data arrival time

                                  5.000000    5.000000   clock clk' (rise edge)
                                  0.000000    5.000000   clock source latency
     1    0.015756    0.071088    0.049329    5.049330 v clk (in)
                                                         clk (net)
                      0.071127    0.000000    5.049330 v clkbuf_0_clk/A (sky130_fd_sc_hd__clkbuf_16)
     4    0.040036    0.077111    0.280287    5.329617 v clkbuf_0_clk/X (sky130_fd_sc_hd__clkbuf_16)
                                                         clknet_0_clk (net)
                      0.077250    0.002701    5.332317 v clkbuf_2_0__f_clk/A (sky130_fd_sc_hd__clkbuf_16)
     7    0.038596    0.075566    0.281348    5.613666 v clkbuf_2_0__f_clk/X (sky130_fd_sc_hd__clkbuf_16)
                                                         clknet_2_0__leaf_clk (net)
                      0.075636    0.001915    5.615581 v _8402__19/A (sky130_fd_sc_hd__inv_2)
     1    0.002360    0.033853    0.066719    5.682299 ^ _8402__19/Y (sky130_fd_sc_hd__inv_2)
                                                         net340 (net)
                      0.033853    0.000158    5.682457 ^ _8434_/CLK (sky130_fd_sc_hd__dfrtp_4)
                                 -0.250000    5.432457   clock uncertainty
                                  0.000000    5.432457   clock reconvergence pessimism
                                  0.356545    5.789002   library recovery time
                                              5.789002   data required time
---------------------------------------------------------------------------------------------
                                              5.789002   data required time
                                             -2.915762   data arrival time
---------------------------------------------------------------------------------------------
                                              2.873240   slack (MET)


Startpoint: periodTop[15] (input port clocked by clk)
Endpoint: pwmA (output port clocked by clk)
Path Group: clk
Path Type: max

Fanout         Cap        Slew       Delay        Time   Description
---------------------------------------------------------------------------------------------
                                  0.000000    0.000000   clock clk (rise edge)
                                  0.000000    0.000000   clock network delay (propagated)
                                  2.000000    2.000000 ^ input external delay
     1    0.003381    0.036127    0.018906    2.018906 ^ periodTop[15] (in)
                                                         periodTop[15] (net)
                      0.036128    0.000000    2.018906 ^ input7/A (sky130_fd_sc_hd__clkbuf_4)
     4    0.058749    0.285933    0.388440    2.407345 ^ input7/X (sky130_fd_sc_hd__clkbuf_4)
                                                         net7 (net)
                      0.286190    0.007070    2.414415 ^ fanout100/A (sky130_fd_sc_hd__buf_6)
    10    0.066155    0.218495    0.379655    2.794070 ^ fanout100/X (sky130_fd_sc_hd__buf_6)
                                                         net100 (net)
                      0.218820    0.006899    2.800969 ^ fanout99/A (sky130_fd_sc_hd__clkbuf_2)
     6    0.032631    0.281772    0.411529    3.212498 ^ fanout99/X (sky130_fd_sc_hd__clkbuf_2)
                                                         net99 (net)
                      0.281801    0.002388    3.214886 ^ fanout98/A (sky130_fd_sc_hd__clkbuf_4)
    10    0.041925    0.212963    0.448066    3.662952 ^ fanout98/X (sky130_fd_sc_hd__clkbuf_4)
                                                         net98 (net)
                      0.213242    0.004126    3.667078 ^ _4273_/A (sky130_fd_sc_hd__inv_2)
     2    0.005773    0.058605    0.116838    3.783916 v _4273_/Y (sky130_fd_sc_hd__inv_2)
                                                         _1459_ (net)
                      0.058605    0.000280    3.784196 v _4274_/A (sky130_fd_sc_hd__buf_4)
    10    0.099825    0.229234    0.403351    4.187547 v _4274_/X (sky130_fd_sc_hd__buf_4)
                                                         _1470_ (net)
                      0.230727    0.014920    4.202467 v _4275_/A (sky130_fd_sc_hd__buf_4)
    10    0.081708    0.201741    0.451633    4.654099 v _4275_/X (sky130_fd_sc_hd__buf_4)
                                                         _1481_ (net)
                      0.204802    0.020081    4.674181 v _4276_/A (sky130_fd_sc_hd__buf_4)
    10    0.105458    0.240440    0.480890    5.155071 v _4276_/X (sky130_fd_sc_hd__buf_4)
                                                         _1492_ (net)
                      0.242050    0.015874    5.170946 v _7562_/A (sky130_fd_sc_hd__or3_4)
     4    0.017589    0.155213    0.883781    6.054726 v _7562_/X (sky130_fd_sc_hd__or3_4)
                                                         _2755_ (net)
                      0.155230    0.001289    6.056015 v _7938_/B (sky130_fd_sc_hd__xnor2_1)
     1    0.004913    0.131306    0.266917    6.322933 v _7938_/Y (sky130_fd_sc_hd__xnor2_1)
                                                         _3168_ (net)
                      0.131307    0.000235    6.323168 v _7941_/A (sky130_fd_sc_hd__xnor2_1)
     2    0.009938    0.416858    0.445540    6.768708 ^ _7941_/Y (sky130_fd_sc_hd__xnor2_1)
                                                         _3172_ (net)
                      0.416859    0.000662    6.769370 ^ _8015_/B_N (sky130_fd_sc_hd__or2b_4)
     2    0.010924    0.096247    0.651411    7.420782 v _8015_/X (sky130_fd_sc_hd__or2b_4)
                                                         _3253_ (net)
                      0.096249    0.000890    7.421671 v _8016_/B (sky130_fd_sc_hd__xor2_1)
     2    0.007635    0.169690    0.311743    7.733414 v _8016_/X (sky130_fd_sc_hd__xor2_1)
                                                         _3254_ (net)
                      0.169692    0.000468    7.733882 v _8074_/A2 (sky130_fd_sc_hd__a21o_1)
     2    0.010010    0.116785    0.415342    8.149223 v _8074_/X (sky130_fd_sc_hd__a21o_1)
                                                         _3318_ (net)
                      0.116790    0.000682    8.149906 v _8075_/B (sky130_fd_sc_hd__xnor2_1)
     2    0.008889    0.183357    0.294903    8.444809 v _8075_/Y (sky130_fd_sc_hd__xnor2_1)
                                                         _3319_ (net)
                      0.183358    0.000334    8.445143 v _8116_/B2 (sky130_fd_sc_hd__a32o_1)
     2    0.007669    0.111131    0.469651    8.914794 v _8116_/X (sky130_fd_sc_hd__a32o_1)
                                                         _3364_ (net)
                      0.111135    0.000542    8.915336 v _8117_/B (sky130_fd_sc_hd__xnor2_1)
     2    0.007713    0.344327    0.352076    9.267411 ^ _8117_/Y (sky130_fd_sc_hd__xnor2_1)
                                                         _3365_ (net)
                      0.344327    0.000291    9.267702 ^ _8118_/B (sky130_fd_sc_hd__xnor2_1)
     2    0.007422    0.334724    0.344893    9.612596 ^ _8118_/Y (sky130_fd_sc_hd__xnor2_1)
                                                         _3366_ (net)
                      0.334725    0.000534    9.613130 ^ _8119_/B1 (sky130_fd_sc_hd__a21oi_1)
     2    0.008554    0.171258    0.215858    9.828988 v _8119_/Y (sky130_fd_sc_hd__a21oi_1)
                                                         _3367_ (net)
                      0.171261    0.000544    9.829532 v _8121_/A (sky130_fd_sc_hd__or2b_1)
     2    0.012080    0.175308    0.621514   10.451047 v _8121_/X (sky130_fd_sc_hd__or2b_1)
                                                         _3370_ (net)
                      0.175311    0.000582   10.451629 v _8126_/A (sky130_fd_sc_hd__or2_1)
     2    0.008298    0.144884    0.599192   11.050820 v _8126_/X (sky130_fd_sc_hd__or2_1)
                                                         _3375_ (net)
                      0.144886    0.000418   11.051238 v _8127_/D1 (sky130_fd_sc_hd__a2111o_1)
     2    0.016425    0.227257    0.742240   11.793479 v _8127_/X (sky130_fd_sc_hd__a2111o_1)
                                                         _3376_ (net)
                      0.227272    0.001486   11.794965 v _8170_/A1 (sky130_fd_sc_hd__a21oi_4)
     4    0.016151    0.249530    0.342842   12.137807 ^ _8170_/Y (sky130_fd_sc_hd__a21oi_4)
                                                         _3424_ (net)
                      0.249541    0.001201   12.139008 ^ _8247_/A1 (sky130_fd_sc_hd__a21oi_1)
     2    0.008500    0.175820    0.260400   12.399407 v _8247_/Y (sky130_fd_sc_hd__a21oi_1)
                                                         _3508_ (net)
                      0.175823    0.000552   12.399960 v _8250_/B (sky130_fd_sc_hd__xnor2_1)
     2    0.008067    0.179507    0.313526   12.713486 v _8250_/Y (sky130_fd_sc_hd__xnor2_1)
                                                         _3512_ (net)
                      0.179508    0.000367   12.713853 v _8275_/A2 (sky130_fd_sc_hd__a22oi_1)
     2    0.004914    0.294092    0.381982   13.095834 ^ _8275_/Y (sky130_fd_sc_hd__a22oi_1)
                                                         _3539_ (net)
                      0.294092    0.000213   13.096047 ^ _8276_/C_N (sky130_fd_sc_hd__or3b_4)
     2    0.005316    0.120514    0.817328   13.913376 v _8276_/X (sky130_fd_sc_hd__or3b_4)
                                                         _3540_ (net)
                      0.120514    0.000324   13.913700 v _8296_/B (sky130_fd_sc_hd__or4_1)
     1    0.003834    0.192009    1.209204   15.122904 v _8296_/X (sky130_fd_sc_hd__or4_1)
                                                         _3562_ (net)
                      0.192010    0.000245   15.123149 v _8307_/A3 (sky130_fd_sc_hd__o32a_1)
     1    0.005959    0.148165    0.616163   15.739312 v _8307_/X (sky130_fd_sc_hd__o32a_1)
                                                         _3574_ (net)
                      0.148167    0.000430   15.739742 v _8311_/A1_N (sky130_fd_sc_hd__a2bb2o_1)
     1    0.010575    0.180103    0.621418   16.361160 ^ _8311_/X (sky130_fd_sc_hd__a2bb2o_1)
                                                         net67 (net)
                      0.180110    0.000954   16.362114 ^ output67/A (sky130_fd_sc_hd__buf_4)
     1    0.034618    0.166839    0.332122   16.694235 ^ output67/X (sky130_fd_sc_hd__buf_4)
                                                         pwmA (net)
                      0.166865    0.001750   16.695986 ^ pwmA (out)
                                             16.695986   data arrival time

                                 10.000000   10.000000   clock clk (rise edge)
                                  0.000000   10.000000   clock network delay (propagated)
                                 -0.250000    9.750000   clock uncertainty
                                  0.000000    9.750000   clock reconvergence pessimism
                                 -2.000000    7.750000   output external delay
                                              7.750000   data required time
---------------------------------------------------------------------------------------------
                                              7.750000   data required time
                                            -16.695986   data arrival time
---------------------------------------------------------------------------------------------
                                             -8.945986   slack (VIOLATED)




===========================================================================
report_checks --slack_max -0.01
============================================================================
======================= max_ss_100C_1v60 Corner ===================================

Startpoint: periodTop[15] (input port clocked by clk)
Endpoint: pwmA (output port clocked by clk)
Path Group: clk
Path Type: max

Fanout         Cap        Slew       Delay        Time   Description
---------------------------------------------------------------------------------------------
                                  0.000000    0.000000   clock clk (rise edge)
                                  0.000000    0.000000   clock network delay (propagated)
                                  2.000000    2.000000 ^ input external delay
     1    0.003381    0.036127    0.018906    2.018906 ^ periodTop[15] (in)
                                                         periodTop[15] (net)
                      0.036128    0.000000    2.018906 ^ input7/A (sky130_fd_sc_hd__clkbuf_4)
     4    0.058749    0.285933    0.388440    2.407345 ^ input7/X (sky130_fd_sc_hd__clkbuf_4)
                                                         net7 (net)
                      0.286190    0.007070    2.414415 ^ fanout100/A (sky130_fd_sc_hd__buf_6)
    10    0.066155    0.218495    0.379655    2.794070 ^ fanout100/X (sky130_fd_sc_hd__buf_6)
                                                         net100 (net)
                      0.218820    0.006899    2.800969 ^ fanout99/A (sky130_fd_sc_hd__clkbuf_2)
     6    0.032631    0.281772    0.411529    3.212498 ^ fanout99/X (sky130_fd_sc_hd__clkbuf_2)
                                                         net99 (net)
                      0.281801    0.002388    3.214886 ^ fanout98/A (sky130_fd_sc_hd__clkbuf_4)
    10    0.041925    0.212963    0.448066    3.662952 ^ fanout98/X (sky130_fd_sc_hd__clkbuf_4)
                                                         net98 (net)
                      0.213242    0.004126    3.667078 ^ _4273_/A (sky130_fd_sc_hd__inv_2)
     2    0.005773    0.058605    0.116838    3.783916 v _4273_/Y (sky130_fd_sc_hd__inv_2)
                                                         _1459_ (net)
                      0.058605    0.000280    3.784196 v _4274_/A (sky130_fd_sc_hd__buf_4)
    10    0.099825    0.229234    0.403351    4.187547 v _4274_/X (sky130_fd_sc_hd__buf_4)
                                                         _1470_ (net)
                      0.230727    0.014920    4.202467 v _4275_/A (sky130_fd_sc_hd__buf_4)
    10    0.081708    0.201741    0.451633    4.654099 v _4275_/X (sky130_fd_sc_hd__buf_4)
                                                         _1481_ (net)
                      0.204802    0.020081    4.674181 v _4276_/A (sky130_fd_sc_hd__buf_4)
    10    0.105458    0.240440    0.480890    5.155071 v _4276_/X (sky130_fd_sc_hd__buf_4)
                                                         _1492_ (net)
                      0.242050    0.015874    5.170946 v _7562_/A (sky130_fd_sc_hd__or3_4)
     4    0.017589    0.155213    0.883781    6.054726 v _7562_/X (sky130_fd_sc_hd__or3_4)
                                                         _2755_ (net)
                      0.155230    0.001289    6.056015 v _7938_/B (sky130_fd_sc_hd__xnor2_1)
     1    0.004913    0.131306    0.266917    6.322933 v _7938_/Y (sky130_fd_sc_hd__xnor2_1)
                                                         _3168_ (net)
                      0.131307    0.000235    6.323168 v _7941_/A (sky130_fd_sc_hd__xnor2_1)
     2    0.009938    0.416858    0.445540    6.768708 ^ _7941_/Y (sky130_fd_sc_hd__xnor2_1)
                                                         _3172_ (net)
                      0.416859    0.000662    6.769370 ^ _8015_/B_N (sky130_fd_sc_hd__or2b_4)
     2    0.010924    0.096247    0.651411    7.420782 v _8015_/X (sky130_fd_sc_hd__or2b_4)
                                                         _3253_ (net)
                      0.096249    0.000890    7.421671 v _8016_/B (sky130_fd_sc_hd__xor2_1)
     2    0.007635    0.169690    0.311743    7.733414 v _8016_/X (sky130_fd_sc_hd__xor2_1)
                                                         _3254_ (net)
                      0.169692    0.000468    7.733882 v _8074_/A2 (sky130_fd_sc_hd__a21o_1)
     2    0.010010    0.116785    0.415342    8.149223 v _8074_/X (sky130_fd_sc_hd__a21o_1)
                                                         _3318_ (net)
                      0.116790    0.000682    8.149906 v _8075_/B (sky130_fd_sc_hd__xnor2_1)
     2    0.008889    0.183357    0.294903    8.444809 v _8075_/Y (sky130_fd_sc_hd__xnor2_1)
                                                         _3319_ (net)
                      0.183358    0.000334    8.445143 v _8116_/B2 (sky130_fd_sc_hd__a32o_1)
     2    0.007669    0.111131    0.469651    8.914794 v _8116_/X (sky130_fd_sc_hd__a32o_1)
                                                         _3364_ (net)
                      0.111135    0.000542    8.915336 v _8117_/B (sky130_fd_sc_hd__xnor2_1)
     2    0.007713    0.344327    0.352076    9.267411 ^ _8117_/Y (sky130_fd_sc_hd__xnor2_1)
                                                         _3365_ (net)
                      0.344327    0.000291    9.267702 ^ _8118_/B (sky130_fd_sc_hd__xnor2_1)
     2    0.007422    0.334724    0.344893    9.612596 ^ _8118_/Y (sky130_fd_sc_hd__xnor2_1)
                                                         _3366_ (net)
                      0.334725    0.000534    9.613130 ^ _8119_/B1 (sky130_fd_sc_hd__a21oi_1)
     2    0.008554    0.171258    0.215858    9.828988 v _8119_/Y (sky130_fd_sc_hd__a21oi_1)
                                                         _3367_ (net)
                      0.171261    0.000544    9.829532 v _8121_/A (sky130_fd_sc_hd__or2b_1)
     2    0.012080    0.175308    0.621514   10.451047 v _8121_/X (sky130_fd_sc_hd__or2b_1)
                                                         _3370_ (net)
                      0.175311    0.000582   10.451629 v _8126_/A (sky130_fd_sc_hd__or2_1)
     2    0.008298    0.144884    0.599192   11.050820 v _8126_/X (sky130_fd_sc_hd__or2_1)
                                                         _3375_ (net)
                      0.144886    0.000418   11.051238 v _8127_/D1 (sky130_fd_sc_hd__a2111o_1)
     2    0.016425    0.227257    0.742240   11.793479 v _8127_/X (sky130_fd_sc_hd__a2111o_1)
                                                         _3376_ (net)
                      0.227272    0.001486   11.794965 v _8170_/A1 (sky130_fd_sc_hd__a21oi_4)
     4    0.016151    0.249530    0.342842   12.137807 ^ _8170_/Y (sky130_fd_sc_hd__a21oi_4)
                                                         _3424_ (net)
                      0.249541    0.001201   12.139008 ^ _8247_/A1 (sky130_fd_sc_hd__a21oi_1)
     2    0.008500    0.175820    0.260400   12.399407 v _8247_/Y (sky130_fd_sc_hd__a21oi_1)
                                                         _3508_ (net)
                      0.175823    0.000552   12.399960 v _8250_/B (sky130_fd_sc_hd__xnor2_1)
     2    0.008067    0.179507    0.313526   12.713486 v _8250_/Y (sky130_fd_sc_hd__xnor2_1)
                                                         _3512_ (net)
                      0.179508    0.000367   12.713853 v _8275_/A2 (sky130_fd_sc_hd__a22oi_1)
     2    0.004914    0.294092    0.381982   13.095834 ^ _8275_/Y (sky130_fd_sc_hd__a22oi_1)
                                                         _3539_ (net)
                      0.294092    0.000213   13.096047 ^ _8276_/C_N (sky130_fd_sc_hd__or3b_4)
     2    0.005316    0.120514    0.817328   13.913376 v _8276_/X (sky130_fd_sc_hd__or3b_4)
                                                         _3540_ (net)
                      0.120514    0.000324   13.913700 v _8296_/B (sky130_fd_sc_hd__or4_1)
     1    0.003834    0.192009    1.209204   15.122904 v _8296_/X (sky130_fd_sc_hd__or4_1)
                                                         _3562_ (net)
                      0.192010    0.000245   15.123149 v _8307_/A3 (sky130_fd_sc_hd__o32a_1)
     1    0.005959    0.148165    0.616163   15.739312 v _8307_/X (sky130_fd_sc_hd__o32a_1)
                                                         _3574_ (net)
                      0.148167    0.000430   15.739742 v _8311_/A1_N (sky130_fd_sc_hd__a2bb2o_1)
     1    0.010575    0.180103    0.621418   16.361160 ^ _8311_/X (sky130_fd_sc_hd__a2bb2o_1)
                                                         net67 (net)
                      0.180110    0.000954   16.362114 ^ output67/A (sky130_fd_sc_hd__buf_4)
     1    0.034618    0.166839    0.332122   16.694235 ^ output67/X (sky130_fd_sc_hd__buf_4)
                                                         pwmA (net)
                      0.166865    0.001750   16.695986 ^ pwmA (out)
                                             16.695986   data arrival time

                                 10.000000   10.000000   clock clk (rise edge)
                                  0.000000   10.000000   clock network delay (propagated)
                                 -0.250000    9.750000   clock uncertainty
                                  0.000000    9.750000   clock reconvergence pessimism
                                 -2.000000    7.750000   output external delay
                                              7.750000   data required time
---------------------------------------------------------------------------------------------
                                              7.750000   data required time
                                            -16.695986   data arrival time
---------------------------------------------------------------------------------------------
                                             -8.945986   slack (VIOLATED)




===========================================================================
 report_check_types -max_slew -max_cap -max_fanout -violators
============================================================================
======================= max_ss_100C_1v60 Corner ===================================

max slew

Pin                                        Limit        Slew       Slack
------------------------------------------------------------------------
_4697_/B                                0.750000    0.772269   -0.022269 (VIOLATED)
_4621_/A2                               0.750000    0.772267   -0.022267 (VIOLATED)
_4619_/Y                                0.750000    0.772264   -0.022264 (VIOLATED)



===========================================================================
report_parasitic_annotation -report_unannotated
============================================================================
Found 0 unannotated drivers.
Found 0 partially unannotated drivers.

===========================================================================
max slew violation count 3
max fanout violation count 0
max cap violation count 0
============================================================================

===========================================================================
check_setup -verbose -unconstrained_endpoints -multiple_clock -no_clock -no_input_delay -loops -generated_clocks
===========================================================================
