
===========================================================================
report_checks -unconstrained
===========================================================================
======================= min_ss_100C_1v60 Corner ===================================

Startpoint: rstb (input port clocked by clk)
Endpoint: _3809_ (recovery check against rising-edge clock clk')
Path Group: asynchronous
Path Type: max

Fanout         Cap        Slew       Delay        Time   Description
---------------------------------------------------------------------------------------------
                                  0.000000    0.000000   clock clk (rise edge)
                                  0.000000    0.000000   clock network delay (propagated)
                                  2.000000    2.000000 ^ input external delay
     1    0.002608    0.030991    0.014760    2.014760 ^ rstb (in)
                                                         rstb (net)
                      0.030991    0.000000    2.014760 ^ input18/A (sky130_fd_sc_hd__clkbuf_1)
     1    0.002798    0.072509    0.132761    2.147521 ^ input18/X (sky130_fd_sc_hd__clkbuf_1)
                                                         net18 (net)
                      0.072509    0.000032    2.147553 ^ fanout146/A (sky130_fd_sc_hd__buf_2)
     5    0.039524    0.311252    0.372520    2.520073 ^ fanout146/X (sky130_fd_sc_hd__buf_2)
                                                         net146 (net)
                      0.311252    0.000089    2.520162 ^ fanout139/A (sky130_fd_sc_hd__clkbuf_2)
     5    0.031379    0.272035    0.440711    2.960873 ^ fanout139/X (sky130_fd_sc_hd__clkbuf_2)
                                                         net139 (net)
                      0.272035    0.000155    2.961028 ^ fanout138/A (sky130_fd_sc_hd__clkbuf_4)
    10    0.052704    0.260534    0.479725    3.440753 ^ fanout138/X (sky130_fd_sc_hd__clkbuf_4)
                                                         net138 (net)
                      0.260534    0.000237    3.440990 ^ fanout137/A (sky130_fd_sc_hd__clkbuf_4)
    10    0.046534    0.233245    0.455265    3.896255 ^ fanout137/X (sky130_fd_sc_hd__clkbuf_4)
                                                         net137 (net)
                      0.233246    0.000343    3.896598 ^ _3809_/RESET_B (sky130_fd_sc_hd__dfrtp_4)
                                              3.896598   data arrival time

                                  5.000000    5.000000   clock clk' (rise edge)
                                  0.000000    5.000000   clock source latency
     1    0.023072    0.101979    0.071544    5.071544 v clk (in)
                                                         clk (net)
                      0.102008    0.000000    5.071544 v clkbuf_0_clk/A (sky130_fd_sc_hd__clkbuf_16)
     8    0.088109    0.118465    0.335124    5.406669 v clkbuf_0_clk/X (sky130_fd_sc_hd__clkbuf_16)
                                                         clknet_0_clk (net)
                      0.118500    0.001676    5.408345 v clkbuf_3_2__f_clk/A (sky130_fd_sc_hd__clkbuf_16)
    13    0.075433    0.106901    0.333364    5.741709 v clkbuf_3_2__f_clk/X (sky130_fd_sc_hd__clkbuf_16)
                                                         clknet_3_2__leaf_clk (net)
                      0.106946    0.001738    5.743447 v _3721__4/A (sky130_fd_sc_hd__inv_2)
     1    0.001975    0.038308    0.075138    5.818584 ^ _3721__4/Y (sky130_fd_sc_hd__inv_2)
                                                         net182 (net)
                      0.038308    0.000008    5.818593 ^ _3809_/CLK (sky130_fd_sc_hd__dfrtp_4)
                                 -0.250000    5.568593   clock uncertainty
                                  0.000000    5.568593   clock reconvergence pessimism
                                  0.356654    5.925246   library recovery time
                                              5.925246   data required time
---------------------------------------------------------------------------------------------
                                              5.925246   data required time
                                             -3.896598   data arrival time
---------------------------------------------------------------------------------------------
                                              2.028647   slack (MET)


Startpoint: periodTop[11] (input port clocked by clk)
Endpoint: _3887_ (rising edge-triggered flip-flop clocked by clk')
Path Group: clk
Path Type: max

Fanout         Cap        Slew       Delay        Time   Description
---------------------------------------------------------------------------------------------
                                  0.000000    0.000000   clock clk (rise edge)
                                  0.000000    0.000000   clock network delay (propagated)
                                  2.000000    2.000000 ^ input external delay
     1    0.002660    0.031332    0.015030    2.015029 ^ periodTop[11] (in)
                                                         periodTop[11] (net)
                      0.031332    0.000000    2.015029 ^ input4/A (sky130_fd_sc_hd__clkbuf_1)
     1    0.005196    0.114448    0.164610    2.179639 ^ input4/X (sky130_fd_sc_hd__clkbuf_1)
                                                         net4 (net)
                      0.114448    0.000103    2.179742 ^ fanout126/A (sky130_fd_sc_hd__clkbuf_2)
     3    0.041494    0.353206    0.414544    2.594286 ^ fanout126/X (sky130_fd_sc_hd__clkbuf_2)
                                                         net126 (net)
                      0.353206    0.000131    2.594417 ^ fanout125/A (sky130_fd_sc_hd__clkbuf_2)
     5    0.035727    0.307301    0.481686    3.076103 ^ fanout125/X (sky130_fd_sc_hd__clkbuf_2)
                                                         net125 (net)
                      0.307303    0.000668    3.076771 ^ fanout124/A (sky130_fd_sc_hd__clkbuf_4)
    10    0.042053    0.214073    0.461568    3.538339 ^ fanout124/X (sky130_fd_sc_hd__clkbuf_4)
                                                         net124 (net)
                      0.214077    0.000723    3.539062 ^ _2597_/A (sky130_fd_sc_hd__nand4_1)
     3    0.008156    0.323775    0.334715    3.873777 v _2597_/Y (sky130_fd_sc_hd__nand4_1)
                                                         _0203_ (net)
                      0.323775    0.000034    3.873812 v _2660_/B1_N (sky130_fd_sc_hd__a21bo_1)
     2    0.007029    0.112809    0.495930    4.369742 ^ _2660_/X (sky130_fd_sc_hd__a21bo_1)
                                                         _0266_ (net)
                      0.112809    0.000105    4.369847 ^ _2662_/B (sky130_fd_sc_hd__nand3_1)
     3    0.008486    0.252586    0.272051    4.641898 v _2662_/Y (sky130_fd_sc_hd__nand3_1)
                                                         _0268_ (net)
                      0.252586    0.000062    4.641960 v _2734_/B1_N (sky130_fd_sc_hd__a21bo_1)
     2    0.008660    0.134142    0.477396    5.119357 ^ _2734_/X (sky130_fd_sc_hd__a21bo_1)
                                                         _0340_ (net)
                      0.134142    0.000099    5.119456 ^ _2736_/B (sky130_fd_sc_hd__nand3_2)
     6    0.021164    0.305707    0.326579    5.446035 v _2736_/Y (sky130_fd_sc_hd__nand3_2)
                                                         _0342_ (net)
                      0.305708    0.000514    5.446549 v _2751_/A (sky130_fd_sc_hd__and3_1)
     3    0.007960    0.112586    0.450986    5.897535 v _2751_/X (sky130_fd_sc_hd__and3_1)
                                                         _0357_ (net)
                      0.112586    0.000064    5.897600 v _2753_/A1 (sky130_fd_sc_hd__o211a_1)
     2    0.006660    0.104938    0.459143    6.356742 v _2753_/X (sky130_fd_sc_hd__o211a_1)
                                                         _0359_ (net)
                      0.104938    0.000089    6.356831 v _2777_/B (sky130_fd_sc_hd__or4bb_4)
     5    0.024256    0.221389    1.149615    7.506446 v _2777_/X (sky130_fd_sc_hd__or4bb_4)
                                                         _0383_ (net)
                      0.221389    0.000171    7.506618 v _2853_/B1 (sky130_fd_sc_hd__o211a_4)
     3    0.010052    0.077604    0.335350    7.841967 v _2853_/X (sky130_fd_sc_hd__o211a_4)
                                                         _0459_ (net)
                      0.077604    0.000094    7.842062 v _2863_/B (sky130_fd_sc_hd__or3_4)
     2    0.013732    0.143875    0.764881    8.606943 v _2863_/X (sky130_fd_sc_hd__or3_4)
                                                         _0469_ (net)
                      0.143875    0.000203    8.607146 v _2865_/A1 (sky130_fd_sc_hd__a211oi_4)
     2    0.009144    0.324260    0.413665    9.020811 ^ _2865_/Y (sky130_fd_sc_hd__a211oi_4)
                                                         _0471_ (net)
                      0.324260    0.000101    9.020912 ^ rebuffer13/A (sky130_fd_sc_hd__clkbuf_2)
     1    0.002749    0.049777    0.273451    9.294363 ^ rebuffer13/X (sky130_fd_sc_hd__clkbuf_2)
                                                         net303 (net)
                      0.049777    0.000027    9.294390 ^ rebuffer1/A (sky130_fd_sc_hd__clkbuf_1)
     2    0.005713    0.127521    0.179702    9.474092 ^ rebuffer1/X (sky130_fd_sc_hd__clkbuf_1)
                                                         net267 (net)
                      0.127521    0.000036    9.474128 ^ rebuffer2/A (sky130_fd_sc_hd__clkbuf_1)
     1    0.004377    0.100011    0.195627    9.669754 ^ rebuffer2/X (sky130_fd_sc_hd__clkbuf_1)
                                                         net268 (net)
                      0.100011    0.000047    9.669801 ^ _2867_/A2 (sky130_fd_sc_hd__o21ai_1)
     1    0.003177    0.101563    0.128213    9.798015 v _2867_/Y (sky130_fd_sc_hd__o21ai_1)
                                                         _0473_ (net)
                      0.101563    0.000047    9.798061 v _2868_/C (sky130_fd_sc_hd__and3_1)
     3    0.010466    0.133796    0.443126   10.241188 v _2868_/X (sky130_fd_sc_hd__and3_1)
                                                         _0474_ (net)
                      0.133796    0.000284   10.241472 v _3136_/A1 (sky130_fd_sc_hd__a311o_1)
     3    0.011485    0.175245    0.623309   10.864781 v _3136_/X (sky130_fd_sc_hd__a311o_1)
                                                         _0742_ (net)
                      0.175246    0.000302   10.865084 v _3214_/A1 (sky130_fd_sc_hd__a41o_1)
     3    0.013460    0.152399    0.461233   11.326316 v _3214_/X (sky130_fd_sc_hd__a41o_1)
                                                         _0820_ (net)
                      0.152402    0.000556   11.326872 v rebuffer4/A (sky130_fd_sc_hd__clkbuf_1)
     2    0.007401    0.097589    0.239035   11.565907 v rebuffer4/X (sky130_fd_sc_hd__clkbuf_1)
                                                         net270 (net)
                      0.097589    0.000075   11.565982 v _3265_/B (sky130_fd_sc_hd__and2_1)
     2    0.006572    0.097779    0.360405   11.926388 v _3265_/X (sky130_fd_sc_hd__and2_1)
                                                         _0865_ (net)
                      0.097779    0.000092   11.926479 v _3266_/B (sky130_fd_sc_hd__nor2_1)
     1    0.008968    0.304026    0.280461   12.206941 ^ _3266_/Y (sky130_fd_sc_hd__nor2_1)
                                                         _0866_ (net)
                      0.304026    0.000083   12.207024 ^ _3267_/B (sky130_fd_sc_hd__xnor2_2)
     3    0.021486    0.237270    0.311677   12.518701 v _3267_/Y (sky130_fd_sc_hd__xnor2_2)
                                                         _0867_ (net)
                      0.237271    0.000298   12.518999 v _3268_/A1 (sky130_fd_sc_hd__mux2_1)
     1    0.002364    0.108274    0.708471   13.227469 v _3268_/X (sky130_fd_sc_hd__mux2_1)
                                                         _0868_ (net)
                      0.108274    0.000012   13.227482 v _3269_/A (sky130_fd_sc_hd__clkbuf_1)
     1    0.002408    0.046593    0.174214   13.401695 v _3269_/X (sky130_fd_sc_hd__clkbuf_1)
                                                         _0167_ (net)
                      0.046593    0.000022   13.401717 v _3887_/D (sky130_fd_sc_hd__dfrtp_1)
                                             13.401717   data arrival time

                                  5.000000    5.000000   clock clk' (rise edge)
                                  0.000000    5.000000   clock source latency
     1    0.023072    0.101979    0.071544    5.071544 v clk (in)
                                                         clk (net)
                      0.102008    0.000000    5.071544 v clkbuf_0_clk/A (sky130_fd_sc_hd__clkbuf_16)
     8    0.088109    0.118465    0.335124    5.406669 v clkbuf_0_clk/X (sky130_fd_sc_hd__clkbuf_16)
                                                         clknet_0_clk (net)
                      0.118498    0.001611    5.408280 v clkbuf_3_3__f_clk/A (sky130_fd_sc_hd__clkbuf_16)
     9    0.058494    0.091837    0.319842    5.728122 v clkbuf_3_3__f_clk/X (sky130_fd_sc_hd__clkbuf_16)
                                                         clknet_3_3__leaf_clk (net)
                      0.091870    0.001315    5.729437 v _3799__82/A (sky130_fd_sc_hd__inv_2)
     1    0.001953    0.034550    0.070261    5.799698 ^ _3799__82/Y (sky130_fd_sc_hd__inv_2)
                                                         net260 (net)
                      0.034550    0.000008    5.799706 ^ _3887_/CLK (sky130_fd_sc_hd__dfrtp_1)
                                 -0.250000    5.549706   clock uncertainty
                                  0.000000    5.549706   clock reconvergence pessimism
                                 -0.276243    5.273462   library setup time
                                              5.273462   data required time
---------------------------------------------------------------------------------------------
                                              5.273462   data required time
                                            -13.401717   data arrival time
---------------------------------------------------------------------------------------------
                                             -8.128256   slack (VIOLATED)




===========================================================================
report_checks --slack_max -0.01
============================================================================
======================= min_ss_100C_1v60 Corner ===================================

Startpoint: periodTop[11] (input port clocked by clk)
Endpoint: _3887_ (rising edge-triggered flip-flop clocked by clk')
Path Group: clk
Path Type: max

Fanout         Cap        Slew       Delay        Time   Description
---------------------------------------------------------------------------------------------
                                  0.000000    0.000000   clock clk (rise edge)
                                  0.000000    0.000000   clock network delay (propagated)
                                  2.000000    2.000000 ^ input external delay
     1    0.002660    0.031332    0.015030    2.015029 ^ periodTop[11] (in)
                                                         periodTop[11] (net)
                      0.031332    0.000000    2.015029 ^ input4/A (sky130_fd_sc_hd__clkbuf_1)
     1    0.005196    0.114448    0.164610    2.179639 ^ input4/X (sky130_fd_sc_hd__clkbuf_1)
                                                         net4 (net)
                      0.114448    0.000103    2.179742 ^ fanout126/A (sky130_fd_sc_hd__clkbuf_2)
     3    0.041494    0.353206    0.414544    2.594286 ^ fanout126/X (sky130_fd_sc_hd__clkbuf_2)
                                                         net126 (net)
                      0.353206    0.000131    2.594417 ^ fanout125/A (sky130_fd_sc_hd__clkbuf_2)
     5    0.035727    0.307301    0.481686    3.076103 ^ fanout125/X (sky130_fd_sc_hd__clkbuf_2)
                                                         net125 (net)
                      0.307303    0.000668    3.076771 ^ fanout124/A (sky130_fd_sc_hd__clkbuf_4)
    10    0.042053    0.214073    0.461568    3.538339 ^ fanout124/X (sky130_fd_sc_hd__clkbuf_4)
                                                         net124 (net)
                      0.214077    0.000723    3.539062 ^ _2597_/A (sky130_fd_sc_hd__nand4_1)
     3    0.008156    0.323775    0.334715    3.873777 v _2597_/Y (sky130_fd_sc_hd__nand4_1)
                                                         _0203_ (net)
                      0.323775    0.000034    3.873812 v _2660_/B1_N (sky130_fd_sc_hd__a21bo_1)
     2    0.007029    0.112809    0.495930    4.369742 ^ _2660_/X (sky130_fd_sc_hd__a21bo_1)
                                                         _0266_ (net)
                      0.112809    0.000105    4.369847 ^ _2662_/B (sky130_fd_sc_hd__nand3_1)
     3    0.008486    0.252586    0.272051    4.641898 v _2662_/Y (sky130_fd_sc_hd__nand3_1)
                                                         _0268_ (net)
                      0.252586    0.000062    4.641960 v _2734_/B1_N (sky130_fd_sc_hd__a21bo_1)
     2    0.008660    0.134142    0.477396    5.119357 ^ _2734_/X (sky130_fd_sc_hd__a21bo_1)
                                                         _0340_ (net)
                      0.134142    0.000099    5.119456 ^ _2736_/B (sky130_fd_sc_hd__nand3_2)
     6    0.021164    0.305707    0.326579    5.446035 v _2736_/Y (sky130_fd_sc_hd__nand3_2)
                                                         _0342_ (net)
                      0.305708    0.000514    5.446549 v _2751_/A (sky130_fd_sc_hd__and3_1)
     3    0.007960    0.112586    0.450986    5.897535 v _2751_/X (sky130_fd_sc_hd__and3_1)
                                                         _0357_ (net)
                      0.112586    0.000064    5.897600 v _2753_/A1 (sky130_fd_sc_hd__o211a_1)
     2    0.006660    0.104938    0.459143    6.356742 v _2753_/X (sky130_fd_sc_hd__o211a_1)
                                                         _0359_ (net)
                      0.104938    0.000089    6.356831 v _2777_/B (sky130_fd_sc_hd__or4bb_4)
     5    0.024256    0.221389    1.149615    7.506446 v _2777_/X (sky130_fd_sc_hd__or4bb_4)
                                                         _0383_ (net)
                      0.221389    0.000171    7.506618 v _2853_/B1 (sky130_fd_sc_hd__o211a_4)
     3    0.010052    0.077604    0.335350    7.841967 v _2853_/X (sky130_fd_sc_hd__o211a_4)
                                                         _0459_ (net)
                      0.077604    0.000094    7.842062 v _2863_/B (sky130_fd_sc_hd__or3_4)
     2    0.013732    0.143875    0.764881    8.606943 v _2863_/X (sky130_fd_sc_hd__or3_4)
                                                         _0469_ (net)
                      0.143875    0.000203    8.607146 v _2865_/A1 (sky130_fd_sc_hd__a211oi_4)
     2    0.009144    0.324260    0.413665    9.020811 ^ _2865_/Y (sky130_fd_sc_hd__a211oi_4)
                                                         _0471_ (net)
                      0.324260    0.000101    9.020912 ^ rebuffer13/A (sky130_fd_sc_hd__clkbuf_2)
     1    0.002749    0.049777    0.273451    9.294363 ^ rebuffer13/X (sky130_fd_sc_hd__clkbuf_2)
                                                         net303 (net)
                      0.049777    0.000027    9.294390 ^ rebuffer1/A (sky130_fd_sc_hd__clkbuf_1)
     2    0.005713    0.127521    0.179702    9.474092 ^ rebuffer1/X (sky130_fd_sc_hd__clkbuf_1)
                                                         net267 (net)
                      0.127521    0.000036    9.474128 ^ rebuffer2/A (sky130_fd_sc_hd__clkbuf_1)
     1    0.004377    0.100011    0.195627    9.669754 ^ rebuffer2/X (sky130_fd_sc_hd__clkbuf_1)
                                                         net268 (net)
                      0.100011    0.000047    9.669801 ^ _2867_/A2 (sky130_fd_sc_hd__o21ai_1)
     1    0.003177    0.101563    0.128213    9.798015 v _2867_/Y (sky130_fd_sc_hd__o21ai_1)
                                                         _0473_ (net)
                      0.101563    0.000047    9.798061 v _2868_/C (sky130_fd_sc_hd__and3_1)
     3    0.010466    0.133796    0.443126   10.241188 v _2868_/X (sky130_fd_sc_hd__and3_1)
                                                         _0474_ (net)
                      0.133796    0.000284   10.241472 v _3136_/A1 (sky130_fd_sc_hd__a311o_1)
     3    0.011485    0.175245    0.623309   10.864781 v _3136_/X (sky130_fd_sc_hd__a311o_1)
                                                         _0742_ (net)
                      0.175246    0.000302   10.865084 v _3214_/A1 (sky130_fd_sc_hd__a41o_1)
     3    0.013460    0.152399    0.461233   11.326316 v _3214_/X (sky130_fd_sc_hd__a41o_1)
                                                         _0820_ (net)
                      0.152402    0.000556   11.326872 v rebuffer4/A (sky130_fd_sc_hd__clkbuf_1)
     2    0.007401    0.097589    0.239035   11.565907 v rebuffer4/X (sky130_fd_sc_hd__clkbuf_1)
                                                         net270 (net)
                      0.097589    0.000075   11.565982 v _3265_/B (sky130_fd_sc_hd__and2_1)
     2    0.006572    0.097779    0.360405   11.926388 v _3265_/X (sky130_fd_sc_hd__and2_1)
                                                         _0865_ (net)
                      0.097779    0.000092   11.926479 v _3266_/B (sky130_fd_sc_hd__nor2_1)
     1    0.008968    0.304026    0.280461   12.206941 ^ _3266_/Y (sky130_fd_sc_hd__nor2_1)
                                                         _0866_ (net)
                      0.304026    0.000083   12.207024 ^ _3267_/B (sky130_fd_sc_hd__xnor2_2)
     3    0.021486    0.237270    0.311677   12.518701 v _3267_/Y (sky130_fd_sc_hd__xnor2_2)
                                                         _0867_ (net)
                      0.237271    0.000298   12.518999 v _3268_/A1 (sky130_fd_sc_hd__mux2_1)
     1    0.002364    0.108274    0.708471   13.227469 v _3268_/X (sky130_fd_sc_hd__mux2_1)
                                                         _0868_ (net)
                      0.108274    0.000012   13.227482 v _3269_/A (sky130_fd_sc_hd__clkbuf_1)
     1    0.002408    0.046593    0.174214   13.401695 v _3269_/X (sky130_fd_sc_hd__clkbuf_1)
                                                         _0167_ (net)
                      0.046593    0.000022   13.401717 v _3887_/D (sky130_fd_sc_hd__dfrtp_1)
                                             13.401717   data arrival time

                                  5.000000    5.000000   clock clk' (rise edge)
                                  0.000000    5.000000   clock source latency
     1    0.023072    0.101979    0.071544    5.071544 v clk (in)
                                                         clk (net)
                      0.102008    0.000000    5.071544 v clkbuf_0_clk/A (sky130_fd_sc_hd__clkbuf_16)
     8    0.088109    0.118465    0.335124    5.406669 v clkbuf_0_clk/X (sky130_fd_sc_hd__clkbuf_16)
                                                         clknet_0_clk (net)
                      0.118498    0.001611    5.408280 v clkbuf_3_3__f_clk/A (sky130_fd_sc_hd__clkbuf_16)
     9    0.058494    0.091837    0.319842    5.728122 v clkbuf_3_3__f_clk/X (sky130_fd_sc_hd__clkbuf_16)
                                                         clknet_3_3__leaf_clk (net)
                      0.091870    0.001315    5.729437 v _3799__82/A (sky130_fd_sc_hd__inv_2)
     1    0.001953    0.034550    0.070261    5.799698 ^ _3799__82/Y (sky130_fd_sc_hd__inv_2)
                                                         net260 (net)
                      0.034550    0.000008    5.799706 ^ _3887_/CLK (sky130_fd_sc_hd__dfrtp_1)
                                 -0.250000    5.549706   clock uncertainty
                                  0.000000    5.549706   clock reconvergence pessimism
                                 -0.276243    5.273462   library setup time
                                              5.273462   data required time
---------------------------------------------------------------------------------------------
                                              5.273462   data required time
                                            -13.401717   data arrival time
---------------------------------------------------------------------------------------------
                                             -8.128256   slack (VIOLATED)




===========================================================================
 report_check_types -max_slew -max_cap -max_fanout -violators
============================================================================
======================= min_ss_100C_1v60 Corner ===================================

max fanout

Pin                                   Limit Fanout  Slack
---------------------------------------------------------
clkbuf_3_5__f_clk/X                      10     15     -5 (VIOLATED)
clkbuf_3_6__f_clk/X                      10     14     -4 (VIOLATED)
clkbuf_3_2__f_clk/X                      10     13     -3 (VIOLATED)
clkbuf_3_7__f_clk/X                      10     11        (VIOLATED)



===========================================================================
report_parasitic_annotation -report_unannotated
============================================================================
Found 0 unannotated drivers.
Found 0 partially unannotated drivers.

===========================================================================
max slew violation count 0
max fanout violation count 4
max cap violation count 0
============================================================================

===========================================================================
check_setup -verbose -unconstrained_endpoints -multiple_clock -no_clock -no_input_delay -loops -generated_clocks
===========================================================================
