
===========================================================================
 report_power
============================================================================
======================= min_ss_100C_1v60 Corner ===================================

Group                    Internal    Switching      Leakage        Total
                            Power        Power        Power        Power (Watts)
------------------------------------------------------------------------
Sequential           3.948517e-04 1.354418e-04 1.697024e-06 5.319905e-04  14.1%
Combinational        1.606965e-03 1.629618e-03 9.355215e-06 3.245938e-03  85.9%
Macro                0.000000e+00 0.000000e+00 0.000000e+00 0.000000e+00   0.0%
Pad                  0.000000e+00 0.000000e+00 0.000000e+00 0.000000e+00   0.0%
------------------------------------------------------------------------
Total                2.001816e-03 1.765060e-03 1.105226e-05 3.777928e-03 100.0%
                            53.0%        46.7%         0.3%

