
===========================================================================
Violator List
============================================================================
[setup in-reg] periodTop[11] -> _3887_/D : -8.128256
[setup in-reg] periodTop[11] -> _3871_/D : -8.124222
[setup in-reg] periodTop[11] -> _3821_/D : -8.105053
[setup in-reg] periodTop[11] -> _3890_/D : -8.101386
[setup in-reg] periodTop[11] -> _3874_/D : -8.100492
[setup in-reg] periodTop[11] -> _3824_/D : -8.100301
[setup in-reg] periodTop[11] -> _3823_/D : -8.092732
[setup in-reg] periodTop[11] -> _3873_/D : -8.081676
[setup in-reg] periodTop[11] -> _3889_/D : -8.061131
[setup in-reg] periodTop[11] -> _3891_/D : -7.990794
[setup in-reg] periodTop[11] -> _3825_/D : -7.982448
[setup in-reg] periodTop[11] -> _3875_/D : -7.979705
[setup in-reg] periodTop[11] -> _3872_/D : -7.967030
[setup in-reg] periodTop[11] -> _3822_/D : -7.959096
[setup in-reg] periodTop[11] -> _3888_/D : -7.955963
[setup in-reg] periodTop[11] -> _3827_/D : -7.942175
[setup in-reg] periodTop[11] -> _3826_/D : -7.928445
[setup in-reg] periodTop[11] -> _3892_/D : -7.927118
[setup in-reg] periodTop[11] -> _3877_/D : -7.925575
[setup in-reg] periodTop[11] -> _3876_/D : -7.920016
[setup in-reg] periodTop[11] -> _3893_/D : -7.918781
[setup in-reg] periodTop[11] -> _3819_/D : -7.819433
[setup in-reg] periodTop[11] -> _3885_/D : -7.812833
[setup in-reg] periodTop[11] -> _3869_/D : -7.810234
[setup in-reg] periodTop[11] -> _3881_/D : -7.698996
[setup in-reg] periodTop[11] -> _3865_/D : -7.689064
[setup in-reg] periodTop[11] -> _3815_/D : -7.680553
[setup in-reg] periodTop[11] -> _3820_/D : -7.570287
[setup in-reg] periodTop[11] -> _3886_/D : -7.569374
[setup in-reg] periodTop[11] -> _3870_/D : -7.565538
[setup in-reg] periodTop[2] -> _3855_/D : -7.538036
[setup in-reg] periodTop[11] -> _3868_/D : -7.518976
[setup in-reg] periodTop[11] -> _3818_/D : -7.512871
[setup in-reg] periodTop[11] -> _3884_/D : -7.503811
[setup in-reg] periodTop[2] -> _3847_/D : -7.473851
[setup in-reg] periodTop[2] -> _3859_/D : -7.444935
[setup in-reg] periodTop[2] -> _3853_/D : -7.439920
[setup in-reg] periodTop[2] -> _3857_/D : -7.424562
[setup in-reg] periodTop[2] -> _3851_/D : -7.409173
[setup in-reg] periodTop[2] -> _3849_/D : -7.409119
[setup in-reg] periodTop[11] -> _3883_/D : -7.357691
[setup in-reg] periodTop[2] -> _3854_/D : -7.357085
[setup in-reg] periodTop[11] -> _3880_/D : -7.347324
[setup in-reg] periodTop[11] -> _3867_/D : -7.344899
[setup in-reg] periodTop[11] -> _3817_/D : -7.339027
[setup in-reg] periodTop[11] -> _3864_/D : -7.338266
[setup in-reg] periodTop[2] -> _3846_/D : -7.336329
[setup in-reg] periodTop[11] -> _3814_/D : -7.334903
[setup in-reg] periodTop[2] -> _3858_/D : -7.334251
[setup in-reg] periodTop[2] -> _3856_/D : -7.333607
[setup in-reg] periodTop[2] -> _3850_/D : -7.309195
[setup in-reg] periodTop[2] -> _3848_/D : -7.303399
[setup in-reg] periodTop[2] -> _3852_/D : -7.301597
[setup in-reg] periodTop[2] -> _3845_/D : -7.089944
[setup in-reg] periodTop[11] -> _3816_/D : -6.828361
[setup in-reg] periodTop[11] -> _3866_/D : -6.818452
[setup in-reg] periodTop[11] -> _3882_/D : -6.806738
[setup in-reg] periodTop[11] -> _3879_/D : -6.748610
[setup in-reg] periodTop[11] -> _3863_/D : -6.736141
[setup in-reg] periodTop[11] -> _3813_/D : -6.722098
[setup in-reg] periodTop[2] -> _3860_/D : -6.416042
[setup in-reg] periodTop[11] -> _3878_/D : -6.331422
[setup in-reg] periodTop[11] -> _3862_/D : -6.321646
[setup in-reg] periodTop[11] -> _3812_/D : -6.316720
[setup reg-out] _3830_/Q -> pwmB : -3.605549
[setup reg-out] _3830_/Q -> pwmA : -3.472381
[setup reg-out] _3842_/Q -> pwmC : -3.306074
[setup reg-out] _3838_/Q -> halt : -2.488291
