
===========================================================================
 report_power
============================================================================
======================= min_ss_100C_1v60 Corner ===================================

Group                    Internal    Switching      Leakage        Total
                            Power        Power        Power        Power (Watts)
------------------------------------------------------------------------
Sequential           5.502459e-04 1.112571e-04 2.055844e-06 6.635588e-04   3.2%
Combinational        9.423384e-03 1.053028e-02 1.233738e-05 1.996600e-02  96.8%
Macro                0.000000e+00 0.000000e+00 0.000000e+00 0.000000e+00   0.0%
Pad                  0.000000e+00 0.000000e+00 0.000000e+00 0.000000e+00   0.0%
------------------------------------------------------------------------
Total                9.973635e-03 1.064153e-02 1.439326e-05 2.062956e-02 100.0%
                            48.3%        51.6%         0.1%

