
===========================================================================
 report_power
============================================================================
======================= nom_ff_n40C_1v95 Corner ===================================

Group                    Internal    Switching      Leakage        Total
                            Power        Power        Power        Power (Watts)
------------------------------------------------------------------------
Sequential           8.025066e-04 1.765554e-04 1.598529e-09 9.790637e-04   3.2%
Combinational        1.294502e-02 1.635987e-02 3.150571e-08 2.930493e-02  96.8%
Macro                0.000000e+00 0.000000e+00 0.000000e+00 0.000000e+00   0.0%
Pad                  0.000000e+00 0.000000e+00 0.000000e+00 0.000000e+00   0.0%
------------------------------------------------------------------------
Total                1.374753e-02 1.653643e-02 3.310427e-08 3.028399e-02 100.0%
                            45.4%        54.6%         0.0%

