
===========================================================================
 report_power
============================================================================
======================= max_ss_100C_1v60 Corner ===================================

Group                    Internal    Switching      Leakage        Total
                            Power        Power        Power        Power (Watts)
------------------------------------------------------------------------
Sequential           3.931656e-04 1.457391e-04 1.697024e-06 5.406017e-04  13.9%
Combinational        1.607745e-03 1.728913e-03 9.355215e-06 3.346014e-03  86.1%
Macro                0.000000e+00 0.000000e+00 0.000000e+00 0.000000e+00   0.0%
Pad                  0.000000e+00 0.000000e+00 0.000000e+00 0.000000e+00   0.0%
------------------------------------------------------------------------
Total                2.000911e-03 1.874652e-03 1.105226e-05 3.886616e-03 100.0%
                            51.5%        48.2%         0.3%

