
===========================================================================
Violator List
============================================================================
[setup in-reg] periodTop[11] -> _3887_/D : -8.401361
[setup in-reg] periodTop[11] -> _3871_/D : -8.397336
[setup in-reg] periodTop[11] -> _3821_/D : -8.378077
[setup in-reg] periodTop[11] -> _3823_/D : -8.357966
[setup in-reg] periodTop[11] -> _3890_/D : -8.355487
[setup in-reg] periodTop[11] -> _3824_/D : -8.354402
[setup in-reg] periodTop[11] -> _3874_/D : -8.353938
[setup in-reg] periodTop[11] -> _3873_/D : -8.347816
[setup in-reg] periodTop[11] -> _3889_/D : -8.322880
[setup in-reg] periodTop[11] -> _3891_/D : -8.271408
[setup in-reg] periodTop[11] -> _3825_/D : -8.260211
[setup in-reg] periodTop[11] -> _3875_/D : -8.256397
[setup in-reg] periodTop[11] -> _3872_/D : -8.242150
[setup in-reg] periodTop[11] -> _3822_/D : -8.229665
[setup in-reg] periodTop[11] -> _3888_/D : -8.226289
[setup in-reg] periodTop[11] -> _3827_/D : -8.214830
[setup in-reg] periodTop[11] -> _3826_/D : -8.212043
[setup in-reg] periodTop[11] -> _3892_/D : -8.209826
[setup in-reg] periodTop[11] -> _3876_/D : -8.207325
[setup in-reg] periodTop[11] -> _3877_/D : -8.199365
[setup in-reg] periodTop[11] -> _3893_/D : -8.190868
[setup in-reg] periodTop[11] -> _3819_/D : -8.086778
[setup in-reg] periodTop[11] -> _3885_/D : -8.080199
[setup in-reg] periodTop[11] -> _3869_/D : -8.079264
[setup in-reg] periodTop[11] -> _3881_/D : -7.948142
[setup in-reg] periodTop[11] -> _3865_/D : -7.936121
[setup in-reg] periodTop[11] -> _3820_/D : -7.928387
[setup in-reg] periodTop[11] -> _3886_/D : -7.928220
[setup in-reg] periodTop[11] -> _3815_/D : -7.926782
[setup in-reg] periodTop[11] -> _3870_/D : -7.924332
[setup in-reg] periodTop[11] -> _3868_/D : -7.785633
[setup in-reg] periodTop[11] -> _3818_/D : -7.777789
[setup in-reg] periodTop[11] -> _3884_/D : -7.766403
[setup in-reg] periodTop[2] -> _3855_/D : -7.661600
[setup in-reg] periodTop[11] -> _3883_/D : -7.621395
[setup in-reg] periodTop[2] -> _3847_/D : -7.608227
[setup in-reg] periodTop[11] -> _3867_/D : -7.605730
[setup in-reg] periodTop[11] -> _3817_/D : -7.598421
[setup in-reg] periodTop[11] -> _3880_/D : -7.589575
[setup in-reg] periodTop[11] -> _3864_/D : -7.578192
[setup in-reg] periodTop[11] -> _3814_/D : -7.574738
[setup in-reg] periodTop[2] -> _3853_/D : -7.569071
[setup in-reg] periodTop[2] -> _3859_/D : -7.566731
[setup in-reg] periodTop[2] -> _3857_/D : -7.545756
[setup in-reg] periodTop[2] -> _3849_/D : -7.539026
[setup in-reg] periodTop[2] -> _3851_/D : -7.536858
[setup in-reg] periodTop[2] -> _3854_/D : -7.487920
[setup in-reg] periodTop[2] -> _3846_/D : -7.468870
[setup in-reg] periodTop[2] -> _3858_/D : -7.467508
[setup in-reg] periodTop[2] -> _3856_/D : -7.465674
[setup in-reg] periodTop[2] -> _3850_/D : -7.441025
[setup in-reg] periodTop[2] -> _3848_/D : -7.435017
[setup in-reg] periodTop[2] -> _3852_/D : -7.431231
[setup in-reg] periodTop[2] -> _3845_/D : -7.204741
[setup in-reg] periodTop[11] -> _3816_/D : -7.076891
[setup in-reg] periodTop[11] -> _3866_/D : -7.066271
[setup in-reg] periodTop[11] -> _3882_/D : -7.052425
[setup in-reg] periodTop[11] -> _3879_/D : -6.978338
[setup in-reg] periodTop[11] -> _3863_/D : -6.961669
[setup in-reg] periodTop[11] -> _3813_/D : -6.948734
[setup in-reg] periodTop[11] -> _3878_/D : -6.563597
[setup in-reg] periodTop[11] -> _3862_/D : -6.551783
[setup in-reg] periodTop[11] -> _3812_/D : -6.546947
[setup in-reg] periodTop[2] -> _3860_/D : -6.486051
[setup reg-out] _3830_/Q -> pwmB : -3.729515
[setup reg-out] _3830_/Q -> pwmA : -3.589506
[setup reg-out] _3842_/Q -> pwmC : -3.449663
[setup reg-out] _3838_/Q -> halt : -2.621110
