
===========================================================================
 report_power
============================================================================
======================= nom_tt_025C_1v80 Corner ===================================

Group                    Internal    Switching      Leakage        Total
                            Power        Power        Power        Power (Watts)
------------------------------------------------------------------------
Sequential           7.025857e-04 1.324145e-04 1.211001e-09 8.350014e-04   3.3%
Combinational        1.164665e-02 1.271102e-02 9.809308e-09 2.435768e-02  96.7%
Macro                0.000000e+00 0.000000e+00 0.000000e+00 0.000000e+00   0.0%
Pad                  0.000000e+00 0.000000e+00 0.000000e+00 0.000000e+00   0.0%
------------------------------------------------------------------------
Total                1.234924e-02 1.284343e-02 1.102029e-08 2.519268e-02 100.0%
                            49.0%        51.0%         0.0%
Writing metric power__internal__total: 0.012349238619208336
Writing metric power__switching__total: 0.012843431904911995
Writing metric power__leakage__total: 1.102029223432055e-8
Writing metric power__total: 0.025192681699991226

