┏━━━━━━━━━━━━━━━━━━┳━━━━━━━━━━━━━━━━━┳━━━━━━━━━━━━━━━━━━━━━┳━━━━━━━━━━━━━━━━━━┳━━━━━━━━━━━━━━━━━━━━━┳━━━━━━━━━━━━━━━━━━━━┳━━━━━━━━━━━━━━━━━━━━━┓
┃ Corner/Group     ┃ Hold Violations ┃ of which reg-to-reg ┃ Setup Violations ┃ of which reg-to-reg ┃ Max Cap Violations ┃ Max Slew Violations ┃
┡━━━━━━━━━━━━━━━━━━╇━━━━━━━━━━━━━━━━━╇━━━━━━━━━━━━━━━━━━━━━╇━━━━━━━━━━━━━━━━━━╇━━━━━━━━━━━━━━━━━━━━━╇━━━━━━━━━━━━━━━━━━━━╇━━━━━━━━━━━━━━━━━━━━━┩
│ Overall          │ 0               │ 0                   │ 166              │ 0                   │ 0                  │ 9                   │
│ nom_tt_025C_1v80 │ 0               │ 0                   │ 20               │ 0                   │ 0                  │ 0                   │
│ nom_ss_100C_1v60 │ 0               │ 0                   │ 20               │ 0                   │ 0                  │ 3                   │
│ nom_ff_n40C_1v95 │ 0               │ 0                   │ 15               │ 0                   │ 0                  │ 0                   │
│ min_tt_025C_1v80 │ 0               │ 0                   │ 20               │ 0                   │ 0                  │ 0                   │
│ min_ss_100C_1v60 │ 0               │ 0                   │ 20               │ 0                   │ 0                  │ 3                   │
│ min_ff_n40C_1v95 │ 0               │ 0                   │ 15               │ 0                   │ 0                  │ 0                   │
│ max_tt_025C_1v80 │ 0               │ 0                   │ 20               │ 0                   │ 0                  │ 0                   │
│ max_ss_100C_1v60 │ 0               │ 0                   │ 20               │ 0                   │ 0                  │ 3                   │
│ max_ff_n40C_1v95 │ 0               │ 0                   │ 16               │ 0                   │ 0                  │ 0                   │
└──────────────────┴─────────────────┴─────────────────────┴──────────────────┴─────────────────────┴────────────────────┴─────────────────────┘
