
===========================================================================
report_checks -unconstrained
===========================================================================
======================= nom_ff_n40C_1v95 Corner ===================================

Startpoint: rstb (input port clocked by clk)
Endpoint: _8434_ (recovery check against rising-edge clock clk')
Path Group: asynchronous
Path Type: max

Fanout         Cap        Slew       Delay        Time   Description
---------------------------------------------------------------------------------------------
                                  0.000000    0.000000   clock clk (rise edge)
                                  0.000000    0.000000   clock network delay (propagated)
                                  2.000000    2.000000 ^ input external delay
     1    0.004995    0.021664    0.013008    2.013008 ^ rstb (in)
                                                         rstb (net)
                      0.021666    0.000000    2.013008 ^ input17/A (sky130_fd_sc_hd__clkbuf_1)
     1    0.003343    0.036591    0.053042    2.066050 ^ input17/X (sky130_fd_sc_hd__clkbuf_1)
                                                         net17 (net)
                      0.036591    0.000075    2.066126 ^ fanout255/A (sky130_fd_sc_hd__clkbuf_2)
     5    0.024507    0.105735    0.120610    2.186735 ^ fanout255/X (sky130_fd_sc_hd__clkbuf_2)
                                                         net255 (net)
                      0.105762    0.001365    2.188100 ^ fanout252/A (sky130_fd_sc_hd__clkbuf_4)
    10    0.048085    0.113845    0.167510    2.355610 ^ fanout252/X (sky130_fd_sc_hd__clkbuf_4)
                                                         net252 (net)
                      0.113859    0.001038    2.356648 ^ _8434_/RESET_B (sky130_fd_sc_hd__dfrtp_4)
                                              2.356648   data arrival time

                                  5.000000    5.000000   clock clk' (rise edge)
                                  0.000000    5.000000   clock source latency
     1    0.014945    0.024353    0.015746    5.015746 v clk (in)
                                                         clk (net)
                      0.024399    0.000000    5.015746 v clkbuf_0_clk/A (sky130_fd_sc_hd__clkbuf_16)
     4    0.038845    0.034771    0.105361    5.121107 v clkbuf_0_clk/X (sky130_fd_sc_hd__clkbuf_16)
                                                         clknet_0_clk (net)
                      0.034803    0.001163    5.122270 v clkbuf_2_0__f_clk/A (sky130_fd_sc_hd__clkbuf_16)
     7    0.037587    0.034306    0.109247    5.231517 v clkbuf_2_0__f_clk/X (sky130_fd_sc_hd__clkbuf_16)
                                                         clknet_2_0__leaf_clk (net)
                      0.034310    0.000822    5.232339 v _8402__19/A (sky130_fd_sc_hd__inv_2)
     1    0.002448    0.016818    0.027445    5.259784 ^ _8402__19/Y (sky130_fd_sc_hd__inv_2)
                                                         net340 (net)
                      0.016818    0.000069    5.259853 ^ _8434_/CLK (sky130_fd_sc_hd__dfrtp_4)
                                 -0.250000    5.009853   clock uncertainty
                                  0.000000    5.009853   clock reconvergence pessimism
                                  0.102799    5.112652   library recovery time
                                              5.112652   data required time
---------------------------------------------------------------------------------------------
                                              5.112652   data required time
                                             -2.356648   data arrival time
---------------------------------------------------------------------------------------------
                                              2.756004   slack (MET)


Startpoint: periodTop[0] (input port clocked by clk)
Endpoint: _8421_ (rising edge-triggered flip-flop clocked by clk')
Path Group: clk
Path Type: max

Fanout         Cap        Slew       Delay        Time   Description
---------------------------------------------------------------------------------------------
                                  0.000000    0.000000   clock clk (rise edge)
                                  0.000000    0.000000   clock network delay (propagated)
                                  2.000000    2.000000 ^ input external delay
     1    0.004332    0.019392    0.011278    2.011278 ^ periodTop[0] (in)
                                                         periodTop[0] (net)
                      0.019393    0.000000    2.011278 ^ input1/A (sky130_fd_sc_hd__buf_1)
     1    0.014026    0.126839    0.114570    2.125847 ^ input1/X (sky130_fd_sc_hd__buf_1)
                                                         net1 (net)
                      0.126849    0.000911    2.126759 ^ fanout321/A (sky130_fd_sc_hd__buf_2)
     5    0.058527    0.215217    0.215504    2.342263 ^ fanout321/X (sky130_fd_sc_hd__buf_2)
                                                         net321 (net)
                      0.215827    0.009365    2.351628 ^ fanout320/A (sky130_fd_sc_hd__buf_4)
    10    0.063579    0.135845    0.172285    2.523913 ^ fanout320/X (sky130_fd_sc_hd__buf_4)
                                                         net320 (net)
                      0.136515    0.007747    2.531660 ^ fanout319/A (sky130_fd_sc_hd__buf_4)
    10    0.062195    0.132188    0.165982    2.697641 ^ fanout319/X (sky130_fd_sc_hd__buf_4)
                                                         net319 (net)
                      0.132354    0.003846    2.701488 ^ _4251_/A (sky130_fd_sc_hd__clkinv_4)
    10    0.068622    0.107816    0.110167    2.811655 v _4251_/Y (sky130_fd_sc_hd__clkinv_4)
                                                         _1218_ (net)
                      0.107840    0.001384    2.813038 v _4252_/A (sky130_fd_sc_hd__clkbuf_4)
    10    0.053389    0.081218    0.173412    2.986450 v _4252_/X (sky130_fd_sc_hd__clkbuf_4)
                                                         _1229_ (net)
                      0.081225    0.000649    2.987100 v _4253_/A (sky130_fd_sc_hd__buf_4)
    10    0.081279    0.077576    0.163960    3.151060 v _4253_/X (sky130_fd_sc_hd__buf_4)
                                                         _1240_ (net)
                      0.077868    0.003844    3.154904 v _4256_/A0 (sky130_fd_sc_hd__mux2_1)
     1    0.002490    0.036804    0.154823    3.309726 v _4256_/X (sky130_fd_sc_hd__mux2_1)
                                                         _1272_ (net)
                      0.036804    0.000073    3.309799 v _4260_/B (sky130_fd_sc_hd__or4_1)
     1    0.002333    0.050885    0.277583    3.587383 v _4260_/X (sky130_fd_sc_hd__or4_1)
                                                         _1316_ (net)
                      0.050885    0.000069    3.587451 v _4261_/D (sky130_fd_sc_hd__or4_1)
     1    0.003236    0.055133    0.223363    3.810814 v _4261_/X (sky130_fd_sc_hd__or4_1)
                                                         _1327_ (net)
                      0.055133    0.000102    3.810917 v _4262_/C (sky130_fd_sc_hd__or3_1)
     1    0.002427    0.040696    0.173627    3.984544 v _4262_/X (sky130_fd_sc_hd__or3_1)
                                                         _1338_ (net)
                      0.040696    0.000071    3.984615 v _4263_/D (sky130_fd_sc_hd__or4_1)
     1    0.004219    0.060120    0.227650    4.212265 v _4263_/X (sky130_fd_sc_hd__or4_1)
                                                         _1349_ (net)
                      0.060120    0.000151    4.212416 v _4264_/D (sky130_fd_sc_hd__or4_1)
     1    0.003232    0.055069    0.226125    4.438541 v _4264_/X (sky130_fd_sc_hd__or4_1)
                                                         _1360_ (net)
                      0.055069    0.000099    4.438640 v _4265_/D (sky130_fd_sc_hd__or4_1)
     1    0.003739    0.057898    0.228256    4.666895 v _4265_/X (sky130_fd_sc_hd__or4_1)
                                                         _1371_ (net)
                      0.057898    0.000126    4.667021 v _4281_/B1 (sky130_fd_sc_hd__a211o_1)
     2    0.008023    0.051095    0.149599    4.816620 v _4281_/X (sky130_fd_sc_hd__a211o_1)
                                                         _1547_ (net)
                      0.051097    0.000314    4.816934 v _4289_/A2 (sky130_fd_sc_hd__a21bo_1)
     1    0.002593    0.024515    0.123707    4.940640 v _4289_/X (sky130_fd_sc_hd__a21bo_1)
                                                         _1635_ (net)
                      0.024516    0.000077    4.940717 v _4290_/A (sky130_fd_sc_hd__buf_2)
     6    0.033583    0.061958    0.113765    5.054482 v _4290_/X (sky130_fd_sc_hd__buf_2)
                                                         _1646_ (net)
                      0.061964    0.000536    5.055018 v _4291_/A (sky130_fd_sc_hd__buf_4)
    10    0.061796    0.065736    0.143273    5.198291 v _4291_/X (sky130_fd_sc_hd__buf_4)
                                                         _1657_ (net)
                      0.065766    0.001199    5.199490 v _4301_/B (sky130_fd_sc_hd__xnor2_1)
     1    0.002561    0.035089    0.087803    5.287292 v _4301_/Y (sky130_fd_sc_hd__xnor2_1)
                                                         _0054_ (net)
                      0.035089    0.000073    5.287366 v _8421_/D (sky130_fd_sc_hd__dfrtp_1)
                                              5.287366   data arrival time

                                  5.000000    5.000000   clock clk' (rise edge)
                                  0.000000    5.000000   clock source latency
     1    0.014945    0.024353    0.015746    5.015746 v clk (in)
                                                         clk (net)
                      0.024399    0.000000    5.015746 v clkbuf_0_clk/A (sky130_fd_sc_hd__clkbuf_16)
     4    0.038845    0.034771    0.105361    5.121107 v clkbuf_0_clk/X (sky130_fd_sc_hd__clkbuf_16)
                                                         clknet_0_clk (net)
                      0.034794    0.001039    5.122146 v clkbuf_2_1__f_clk/A (sky130_fd_sc_hd__clkbuf_16)
     6    0.035287    0.033410    0.108492    5.230638 v clkbuf_2_1__f_clk/X (sky130_fd_sc_hd__clkbuf_16)
                                                         clknet_2_1__leaf_clk (net)
                      0.033414    0.000679    5.231318 v _8389__6/A (sky130_fd_sc_hd__inv_2)
     1    0.002076    0.015700    0.026138    5.257455 ^ _8389__6/Y (sky130_fd_sc_hd__inv_2)
                                                         net327 (net)
                      0.015700    0.000040    5.257495 ^ _8421_/CLK (sky130_fd_sc_hd__dfrtp_1)
                                 -0.250000    5.007495   clock uncertainty
                                  0.000000    5.007495   clock reconvergence pessimism
                                 -0.075117    4.932378   library setup time
                                              4.932378   data required time
---------------------------------------------------------------------------------------------
                                              4.932378   data required time
                                             -5.287366   data arrival time
---------------------------------------------------------------------------------------------
                                             -0.354988   slack (VIOLATED)




===========================================================================
report_checks --slack_max -0.01
============================================================================
======================= nom_ff_n40C_1v95 Corner ===================================

Startpoint: periodTop[0] (input port clocked by clk)
Endpoint: _8421_ (rising edge-triggered flip-flop clocked by clk')
Path Group: clk
Path Type: max

Fanout         Cap        Slew       Delay        Time   Description
---------------------------------------------------------------------------------------------
                                  0.000000    0.000000   clock clk (rise edge)
                                  0.000000    0.000000   clock network delay (propagated)
                                  2.000000    2.000000 ^ input external delay
     1    0.004332    0.019392    0.011278    2.011278 ^ periodTop[0] (in)
                                                         periodTop[0] (net)
                      0.019393    0.000000    2.011278 ^ input1/A (sky130_fd_sc_hd__buf_1)
     1    0.014026    0.126839    0.114570    2.125847 ^ input1/X (sky130_fd_sc_hd__buf_1)
                                                         net1 (net)
                      0.126849    0.000911    2.126759 ^ fanout321/A (sky130_fd_sc_hd__buf_2)
     5    0.058527    0.215217    0.215504    2.342263 ^ fanout321/X (sky130_fd_sc_hd__buf_2)
                                                         net321 (net)
                      0.215827    0.009365    2.351628 ^ fanout320/A (sky130_fd_sc_hd__buf_4)
    10    0.063579    0.135845    0.172285    2.523913 ^ fanout320/X (sky130_fd_sc_hd__buf_4)
                                                         net320 (net)
                      0.136515    0.007747    2.531660 ^ fanout319/A (sky130_fd_sc_hd__buf_4)
    10    0.062195    0.132188    0.165982    2.697641 ^ fanout319/X (sky130_fd_sc_hd__buf_4)
                                                         net319 (net)
                      0.132354    0.003846    2.701488 ^ _4251_/A (sky130_fd_sc_hd__clkinv_4)
    10    0.068622    0.107816    0.110167    2.811655 v _4251_/Y (sky130_fd_sc_hd__clkinv_4)
                                                         _1218_ (net)
                      0.107840    0.001384    2.813038 v _4252_/A (sky130_fd_sc_hd__clkbuf_4)
    10    0.053389    0.081218    0.173412    2.986450 v _4252_/X (sky130_fd_sc_hd__clkbuf_4)
                                                         _1229_ (net)
                      0.081225    0.000649    2.987100 v _4253_/A (sky130_fd_sc_hd__buf_4)
    10    0.081279    0.077576    0.163960    3.151060 v _4253_/X (sky130_fd_sc_hd__buf_4)
                                                         _1240_ (net)
                      0.077868    0.003844    3.154904 v _4256_/A0 (sky130_fd_sc_hd__mux2_1)
     1    0.002490    0.036804    0.154823    3.309726 v _4256_/X (sky130_fd_sc_hd__mux2_1)
                                                         _1272_ (net)
                      0.036804    0.000073    3.309799 v _4260_/B (sky130_fd_sc_hd__or4_1)
     1    0.002333    0.050885    0.277583    3.587383 v _4260_/X (sky130_fd_sc_hd__or4_1)
                                                         _1316_ (net)
                      0.050885    0.000069    3.587451 v _4261_/D (sky130_fd_sc_hd__or4_1)
     1    0.003236    0.055133    0.223363    3.810814 v _4261_/X (sky130_fd_sc_hd__or4_1)
                                                         _1327_ (net)
                      0.055133    0.000102    3.810917 v _4262_/C (sky130_fd_sc_hd__or3_1)
     1    0.002427    0.040696    0.173627    3.984544 v _4262_/X (sky130_fd_sc_hd__or3_1)
                                                         _1338_ (net)
                      0.040696    0.000071    3.984615 v _4263_/D (sky130_fd_sc_hd__or4_1)
     1    0.004219    0.060120    0.227650    4.212265 v _4263_/X (sky130_fd_sc_hd__or4_1)
                                                         _1349_ (net)
                      0.060120    0.000151    4.212416 v _4264_/D (sky130_fd_sc_hd__or4_1)
     1    0.003232    0.055069    0.226125    4.438541 v _4264_/X (sky130_fd_sc_hd__or4_1)
                                                         _1360_ (net)
                      0.055069    0.000099    4.438640 v _4265_/D (sky130_fd_sc_hd__or4_1)
     1    0.003739    0.057898    0.228256    4.666895 v _4265_/X (sky130_fd_sc_hd__or4_1)
                                                         _1371_ (net)
                      0.057898    0.000126    4.667021 v _4281_/B1 (sky130_fd_sc_hd__a211o_1)
     2    0.008023    0.051095    0.149599    4.816620 v _4281_/X (sky130_fd_sc_hd__a211o_1)
                                                         _1547_ (net)
                      0.051097    0.000314    4.816934 v _4289_/A2 (sky130_fd_sc_hd__a21bo_1)
     1    0.002593    0.024515    0.123707    4.940640 v _4289_/X (sky130_fd_sc_hd__a21bo_1)
                                                         _1635_ (net)
                      0.024516    0.000077    4.940717 v _4290_/A (sky130_fd_sc_hd__buf_2)
     6    0.033583    0.061958    0.113765    5.054482 v _4290_/X (sky130_fd_sc_hd__buf_2)
                                                         _1646_ (net)
                      0.061964    0.000536    5.055018 v _4291_/A (sky130_fd_sc_hd__buf_4)
    10    0.061796    0.065736    0.143273    5.198291 v _4291_/X (sky130_fd_sc_hd__buf_4)
                                                         _1657_ (net)
                      0.065766    0.001199    5.199490 v _4301_/B (sky130_fd_sc_hd__xnor2_1)
     1    0.002561    0.035089    0.087803    5.287292 v _4301_/Y (sky130_fd_sc_hd__xnor2_1)
                                                         _0054_ (net)
                      0.035089    0.000073    5.287366 v _8421_/D (sky130_fd_sc_hd__dfrtp_1)
                                              5.287366   data arrival time

                                  5.000000    5.000000   clock clk' (rise edge)
                                  0.000000    5.000000   clock source latency
     1    0.014945    0.024353    0.015746    5.015746 v clk (in)
                                                         clk (net)
                      0.024399    0.000000    5.015746 v clkbuf_0_clk/A (sky130_fd_sc_hd__clkbuf_16)
     4    0.038845    0.034771    0.105361    5.121107 v clkbuf_0_clk/X (sky130_fd_sc_hd__clkbuf_16)
                                                         clknet_0_clk (net)
                      0.034794    0.001039    5.122146 v clkbuf_2_1__f_clk/A (sky130_fd_sc_hd__clkbuf_16)
     6    0.035287    0.033410    0.108492    5.230638 v clkbuf_2_1__f_clk/X (sky130_fd_sc_hd__clkbuf_16)
                                                         clknet_2_1__leaf_clk (net)
                      0.033414    0.000679    5.231318 v _8389__6/A (sky130_fd_sc_hd__inv_2)
     1    0.002076    0.015700    0.026138    5.257455 ^ _8389__6/Y (sky130_fd_sc_hd__inv_2)
                                                         net327 (net)
                      0.015700    0.000040    5.257495 ^ _8421_/CLK (sky130_fd_sc_hd__dfrtp_1)
                                 -0.250000    5.007495   clock uncertainty
                                  0.000000    5.007495   clock reconvergence pessimism
                                 -0.075117    4.932378   library setup time
                                              4.932378   data required time
---------------------------------------------------------------------------------------------
                                              4.932378   data required time
                                             -5.287366   data arrival time
---------------------------------------------------------------------------------------------
                                             -0.354988   slack (VIOLATED)




===========================================================================
 report_check_types -max_slew -max_cap -max_fanout -violators
============================================================================
======================= nom_ff_n40C_1v95 Corner ===================================



===========================================================================
report_parasitic_annotation -report_unannotated
============================================================================
Found 0 unannotated drivers.
Found 0 partially unannotated drivers.

===========================================================================
max slew violation count 0
max fanout violation count 0
max cap violation count 0
============================================================================

===========================================================================
check_setup -verbose -unconstrained_endpoints -multiple_clock -no_clock -no_input_delay -loops -generated_clocks
===========================================================================
