
===========================================================================
 report_power
============================================================================
======================= nom_ss_100C_1v60 Corner ===================================

Group                    Internal    Switching      Leakage        Total
                            Power        Power        Power        Power (Watts)
------------------------------------------------------------------------
Sequential           1.458322e-04 7.497457e-05 6.179288e-07 2.214247e-04   4.4%
Combinational        2.250222e-03 2.535285e-03 2.158219e-05 4.807089e-03  95.6%
Macro                0.000000e+00 0.000000e+00 0.000000e+00 0.000000e+00   0.0%
Pad                  0.000000e+00 0.000000e+00 0.000000e+00 0.000000e+00   0.0%
------------------------------------------------------------------------
Total                2.396054e-03 2.610260e-03 2.220013e-05 5.028513e-03 100.0%
                            47.6%        51.9%         0.4%

