
===========================================================================
 report_power
============================================================================
======================= min_tt_025C_1v80 Corner ===================================

Group                    Internal    Switching      Leakage        Total
                            Power        Power        Power        Power (Watts)
------------------------------------------------------------------------
Sequential           5.023571e-04 1.734124e-04 9.993176e-10 6.757705e-04  14.3%
Combinational        1.968154e-03 2.082686e-03 1.485919e-08 4.050855e-03  85.7%
Macro                0.000000e+00 0.000000e+00 0.000000e+00 0.000000e+00   0.0%
Pad                  0.000000e+00 0.000000e+00 0.000000e+00 0.000000e+00   0.0%
------------------------------------------------------------------------
Total                2.470510e-03 2.256098e-03 1.585849e-08 4.726624e-03 100.0%
                            52.3%        47.7%         0.0%

