
===========================================================================
report_checks -unconstrained
===========================================================================
======================= min_tt_025C_1v80 Corner ===================================

Startpoint: rstb (input port clocked by clk)
Endpoint: _8434_ (recovery check against rising-edge clock clk')
Path Group: asynchronous
Path Type: max

Fanout         Cap        Slew       Delay        Time   Description
---------------------------------------------------------------------------------------------
                                  0.000000    0.000000   clock clk (rise edge)
                                  0.000000    0.000000   clock network delay (propagated)
                                  2.000000    2.000000 ^ input external delay
     1    0.004662    0.027822    0.016770    2.016770 ^ rstb (in)
                                                         rstb (net)
                      0.027823    0.000000    2.016770 ^ input17/A (sky130_fd_sc_hd__clkbuf_1)
     1    0.003197    0.048360    0.077896    2.094666 ^ input17/X (sky130_fd_sc_hd__clkbuf_1)
                                                         net17 (net)
                      0.048360    0.000023    2.094689 ^ fanout255/A (sky130_fd_sc_hd__clkbuf_2)
     5    0.023353    0.132155    0.168292    2.262982 ^ fanout255/X (sky130_fd_sc_hd__clkbuf_2)
                                                         net255 (net)
                      0.132163    0.000867    2.263849 ^ fanout252/A (sky130_fd_sc_hd__clkbuf_4)
    10    0.047079    0.148449    0.243449    2.507298 ^ fanout252/X (sky130_fd_sc_hd__clkbuf_4)
                                                         net252 (net)
                      0.148451    0.000488    2.507786 ^ _8434_/RESET_B (sky130_fd_sc_hd__dfrtp_4)
                                              2.507786   data arrival time

                                  5.000000    5.000000   clock clk' (rise edge)
                                  0.000000    5.000000   clock source latency
     1    0.014081    0.033214    0.022996    5.022996 v clk (in)
                                                         clk (net)
                      0.033230    0.000000    5.022996 v clkbuf_0_clk/A (sky130_fd_sc_hd__clkbuf_16)
     4    0.037377    0.044837    0.153213    5.176208 v clkbuf_0_clk/X (sky130_fd_sc_hd__clkbuf_16)
                                                         clknet_0_clk (net)
                      0.044849    0.000523    5.176731 v clkbuf_2_0__f_clk/A (sky130_fd_sc_hd__clkbuf_16)
     7    0.036795    0.044536    0.158181    5.334913 v clkbuf_2_0__f_clk/X (sky130_fd_sc_hd__clkbuf_16)
                                                         clknet_2_0__leaf_clk (net)
                      0.044543    0.000350    5.335263 v _8402__19/A (sky130_fd_sc_hd__inv_2)
     1    0.002313    0.021387    0.038262    5.373525 ^ _8402__19/Y (sky130_fd_sc_hd__inv_2)
                                                         net340 (net)
                      0.021387    0.000021    5.373545 ^ _8434_/CLK (sky130_fd_sc_hd__dfrtp_4)
                                 -0.250000    5.123545   clock uncertainty
                                  0.000000    5.123545   clock reconvergence pessimism
                                  0.176293    5.299838   library recovery time
                                              5.299838   data required time
---------------------------------------------------------------------------------------------
                                              5.299838   data required time
                                             -2.507786   data arrival time
---------------------------------------------------------------------------------------------
                                              2.792052   slack (MET)


Startpoint: periodTop[0] (input port clocked by clk)
Endpoint: _8421_ (rising edge-triggered flip-flop clocked by clk')
Path Group: clk
Path Type: max

Fanout         Cap        Slew       Delay        Time   Description
---------------------------------------------------------------------------------------------
                                  0.000000    0.000000   clock clk (rise edge)
                                  0.000000    0.000000   clock network delay (propagated)
                                  2.000000    2.000000 ^ input external delay
     1    0.004099    0.025377    0.014859    2.014859 ^ periodTop[0] (in)
                                                         periodTop[0] (net)
                      0.025377    0.000000    2.014859 ^ input1/A (sky130_fd_sc_hd__buf_1)
     1    0.012716    0.155543    0.152085    2.166944 ^ input1/X (sky130_fd_sc_hd__buf_1)
                                                         net1 (net)
                      0.155546    0.000563    2.167507 ^ fanout321/A (sky130_fd_sc_hd__buf_2)
     5    0.053103    0.259242    0.294519    2.462026 ^ fanout321/X (sky130_fd_sc_hd__buf_2)
                                                         net321 (net)
                      0.259468    0.006317    2.468343 ^ fanout320/A (sky130_fd_sc_hd__buf_4)
    10    0.059485    0.168521    0.266780    2.735123 ^ fanout320/X (sky130_fd_sc_hd__buf_4)
                                                         net320 (net)
                      0.168760    0.005194    2.740317 ^ fanout319/A (sky130_fd_sc_hd__buf_4)
    10    0.059024    0.166895    0.242827    2.983144 ^ fanout319/X (sky130_fd_sc_hd__buf_4)
                                                         net319 (net)
                      0.166947    0.002432    2.985576 ^ _4251_/A (sky130_fd_sc_hd__clkinv_4)
    10    0.063099    0.136522    0.161362    3.146938 v _4251_/Y (sky130_fd_sc_hd__clkinv_4)
                                                         _1218_ (net)
                      0.136524    0.000443    3.147381 v _4252_/A (sky130_fd_sc_hd__clkbuf_4)
    10    0.049285    0.106958    0.245786    3.393167 v _4252_/X (sky130_fd_sc_hd__clkbuf_4)
                                                         _1229_ (net)
                      0.106958    0.000158    3.393325 v _4253_/A (sky130_fd_sc_hd__buf_4)
    10    0.074836    0.100558    0.234962    3.628287 v _4253_/X (sky130_fd_sc_hd__buf_4)
                                                         _1240_ (net)
                      0.100637    0.002302    3.630589 v _4256_/A0 (sky130_fd_sc_hd__mux2_1)
     1    0.002329    0.052571    0.292402    3.922991 v _4256_/X (sky130_fd_sc_hd__mux2_1)
                                                         _1272_ (net)
                      0.052571    0.000023    3.923014 v _4260_/B (sky130_fd_sc_hd__or4_1)
     1    0.002174    0.077138    0.487180    4.410193 v _4260_/X (sky130_fd_sc_hd__or4_1)
                                                         _1316_ (net)
                      0.077138    0.000023    4.410217 v _4261_/D (sky130_fd_sc_hd__or4_1)
     1    0.002960    0.083658    0.402810    4.813026 v _4261_/X (sky130_fd_sc_hd__or4_1)
                                                         _1327_ (net)
                      0.083658    0.000039    4.813066 v _4262_/C (sky130_fd_sc_hd__or3_1)
     1    0.002262    0.060934    0.306858    5.119923 v _4262_/X (sky130_fd_sc_hd__or3_1)
                                                         _1338_ (net)
                      0.060934    0.000025    5.119948 v _4263_/D (sky130_fd_sc_hd__or4_1)
     1    0.003854    0.090225    0.408215    5.528164 v _4263_/X (sky130_fd_sc_hd__or4_1)
                                                         _1349_ (net)
                      0.090225    0.000067    5.528231 v _4264_/D (sky130_fd_sc_hd__or4_1)
     1    0.002973    0.083501    0.406886    5.935117 v _4264_/X (sky130_fd_sc_hd__or4_1)
                                                         _1360_ (net)
                      0.083501    0.000040    5.935157 v _4265_/D (sky130_fd_sc_hd__or4_1)
     1    0.003531    0.088517    0.411979    6.347136 v _4265_/X (sky130_fd_sc_hd__or4_1)
                                                         _1371_ (net)
                      0.088517    0.000048    6.347184 v _4281_/B1 (sky130_fd_sc_hd__a211o_1)
     2    0.007657    0.071071    0.306468    6.653652 v _4281_/X (sky130_fd_sc_hd__a211o_1)
                                                         _1547_ (net)
                      0.071072    0.000154    6.653806 v _4289_/A2 (sky130_fd_sc_hd__a21bo_1)
     1    0.002434    0.032566    0.191158    6.844965 v _4289_/X (sky130_fd_sc_hd__a21bo_1)
                                                         _1635_ (net)
                      0.032566    0.000026    6.844991 v _4290_/A (sky130_fd_sc_hd__buf_2)
     6    0.032771    0.086414    0.171942    7.016932 v _4290_/X (sky130_fd_sc_hd__buf_2)
                                                         _1646_ (net)
                      0.086415    0.000210    7.017143 v _4291_/A (sky130_fd_sc_hd__buf_4)
    10    0.060363    0.084956    0.213318    7.230461 v _4291_/X (sky130_fd_sc_hd__buf_4)
                                                         _1657_ (net)
                      0.084960    0.000472    7.230933 v _4301_/B (sky130_fd_sc_hd__xnor2_1)
     1    0.002391    0.044497    0.131983    7.362916 v _4301_/Y (sky130_fd_sc_hd__xnor2_1)
                                                         _0054_ (net)
                      0.044497    0.000021    7.362936 v _8421_/D (sky130_fd_sc_hd__dfrtp_1)
                                              7.362936   data arrival time

                                  5.000000    5.000000   clock clk' (rise edge)
                                  0.000000    5.000000   clock source latency
     1    0.014081    0.033214    0.022996    5.022996 v clk (in)
                                                         clk (net)
                      0.033230    0.000000    5.022996 v clkbuf_0_clk/A (sky130_fd_sc_hd__clkbuf_16)
     4    0.037377    0.044837    0.153213    5.176208 v clkbuf_0_clk/X (sky130_fd_sc_hd__clkbuf_16)
                                                         clknet_0_clk (net)
                      0.044846    0.000458    5.176667 v clkbuf_2_1__f_clk/A (sky130_fd_sc_hd__clkbuf_16)
     6    0.034268    0.043283    0.156875    5.333542 v clkbuf_2_1__f_clk/X (sky130_fd_sc_hd__clkbuf_16)
                                                         clknet_2_1__leaf_clk (net)
                      0.043283    0.000264    5.333807 v _8389__6/A (sky130_fd_sc_hd__inv_2)
     1    0.001989    0.020129    0.036592    5.370398 ^ _8389__6/Y (sky130_fd_sc_hd__inv_2)
                                                         net327 (net)
                      0.020129    0.000008    5.370406 ^ _8421_/CLK (sky130_fd_sc_hd__dfrtp_1)
                                 -0.250000    5.120406   clock uncertainty
                                  0.000000    5.120406   clock reconvergence pessimism
                                 -0.119745    5.000661   library setup time
                                              5.000661   data required time
---------------------------------------------------------------------------------------------
                                              5.000661   data required time
                                             -7.362936   data arrival time
---------------------------------------------------------------------------------------------
                                             -2.362275   slack (VIOLATED)




===========================================================================
report_checks --slack_max -0.01
============================================================================
======================= min_tt_025C_1v80 Corner ===================================

Startpoint: periodTop[0] (input port clocked by clk)
Endpoint: _8421_ (rising edge-triggered flip-flop clocked by clk')
Path Group: clk
Path Type: max

Fanout         Cap        Slew       Delay        Time   Description
---------------------------------------------------------------------------------------------
                                  0.000000    0.000000   clock clk (rise edge)
                                  0.000000    0.000000   clock network delay (propagated)
                                  2.000000    2.000000 ^ input external delay
     1    0.004099    0.025377    0.014859    2.014859 ^ periodTop[0] (in)
                                                         periodTop[0] (net)
                      0.025377    0.000000    2.014859 ^ input1/A (sky130_fd_sc_hd__buf_1)
     1    0.012716    0.155543    0.152085    2.166944 ^ input1/X (sky130_fd_sc_hd__buf_1)
                                                         net1 (net)
                      0.155546    0.000563    2.167507 ^ fanout321/A (sky130_fd_sc_hd__buf_2)
     5    0.053103    0.259242    0.294519    2.462026 ^ fanout321/X (sky130_fd_sc_hd__buf_2)
                                                         net321 (net)
                      0.259468    0.006317    2.468343 ^ fanout320/A (sky130_fd_sc_hd__buf_4)
    10    0.059485    0.168521    0.266780    2.735123 ^ fanout320/X (sky130_fd_sc_hd__buf_4)
                                                         net320 (net)
                      0.168760    0.005194    2.740317 ^ fanout319/A (sky130_fd_sc_hd__buf_4)
    10    0.059024    0.166895    0.242827    2.983144 ^ fanout319/X (sky130_fd_sc_hd__buf_4)
                                                         net319 (net)
                      0.166947    0.002432    2.985576 ^ _4251_/A (sky130_fd_sc_hd__clkinv_4)
    10    0.063099    0.136522    0.161362    3.146938 v _4251_/Y (sky130_fd_sc_hd__clkinv_4)
                                                         _1218_ (net)
                      0.136524    0.000443    3.147381 v _4252_/A (sky130_fd_sc_hd__clkbuf_4)
    10    0.049285    0.106958    0.245786    3.393167 v _4252_/X (sky130_fd_sc_hd__clkbuf_4)
                                                         _1229_ (net)
                      0.106958    0.000158    3.393325 v _4253_/A (sky130_fd_sc_hd__buf_4)
    10    0.074836    0.100558    0.234962    3.628287 v _4253_/X (sky130_fd_sc_hd__buf_4)
                                                         _1240_ (net)
                      0.100637    0.002302    3.630589 v _4256_/A0 (sky130_fd_sc_hd__mux2_1)
     1    0.002329    0.052571    0.292402    3.922991 v _4256_/X (sky130_fd_sc_hd__mux2_1)
                                                         _1272_ (net)
                      0.052571    0.000023    3.923014 v _4260_/B (sky130_fd_sc_hd__or4_1)
     1    0.002174    0.077138    0.487180    4.410193 v _4260_/X (sky130_fd_sc_hd__or4_1)
                                                         _1316_ (net)
                      0.077138    0.000023    4.410217 v _4261_/D (sky130_fd_sc_hd__or4_1)
     1    0.002960    0.083658    0.402810    4.813026 v _4261_/X (sky130_fd_sc_hd__or4_1)
                                                         _1327_ (net)
                      0.083658    0.000039    4.813066 v _4262_/C (sky130_fd_sc_hd__or3_1)
     1    0.002262    0.060934    0.306858    5.119923 v _4262_/X (sky130_fd_sc_hd__or3_1)
                                                         _1338_ (net)
                      0.060934    0.000025    5.119948 v _4263_/D (sky130_fd_sc_hd__or4_1)
     1    0.003854    0.090225    0.408215    5.528164 v _4263_/X (sky130_fd_sc_hd__or4_1)
                                                         _1349_ (net)
                      0.090225    0.000067    5.528231 v _4264_/D (sky130_fd_sc_hd__or4_1)
     1    0.002973    0.083501    0.406886    5.935117 v _4264_/X (sky130_fd_sc_hd__or4_1)
                                                         _1360_ (net)
                      0.083501    0.000040    5.935157 v _4265_/D (sky130_fd_sc_hd__or4_1)
     1    0.003531    0.088517    0.411979    6.347136 v _4265_/X (sky130_fd_sc_hd__or4_1)
                                                         _1371_ (net)
                      0.088517    0.000048    6.347184 v _4281_/B1 (sky130_fd_sc_hd__a211o_1)
     2    0.007657    0.071071    0.306468    6.653652 v _4281_/X (sky130_fd_sc_hd__a211o_1)
                                                         _1547_ (net)
                      0.071072    0.000154    6.653806 v _4289_/A2 (sky130_fd_sc_hd__a21bo_1)
     1    0.002434    0.032566    0.191158    6.844965 v _4289_/X (sky130_fd_sc_hd__a21bo_1)
                                                         _1635_ (net)
                      0.032566    0.000026    6.844991 v _4290_/A (sky130_fd_sc_hd__buf_2)
     6    0.032771    0.086414    0.171942    7.016932 v _4290_/X (sky130_fd_sc_hd__buf_2)
                                                         _1646_ (net)
                      0.086415    0.000210    7.017143 v _4291_/A (sky130_fd_sc_hd__buf_4)
    10    0.060363    0.084956    0.213318    7.230461 v _4291_/X (sky130_fd_sc_hd__buf_4)
                                                         _1657_ (net)
                      0.084960    0.000472    7.230933 v _4301_/B (sky130_fd_sc_hd__xnor2_1)
     1    0.002391    0.044497    0.131983    7.362916 v _4301_/Y (sky130_fd_sc_hd__xnor2_1)
                                                         _0054_ (net)
                      0.044497    0.000021    7.362936 v _8421_/D (sky130_fd_sc_hd__dfrtp_1)
                                              7.362936   data arrival time

                                  5.000000    5.000000   clock clk' (rise edge)
                                  0.000000    5.000000   clock source latency
     1    0.014081    0.033214    0.022996    5.022996 v clk (in)
                                                         clk (net)
                      0.033230    0.000000    5.022996 v clkbuf_0_clk/A (sky130_fd_sc_hd__clkbuf_16)
     4    0.037377    0.044837    0.153213    5.176208 v clkbuf_0_clk/X (sky130_fd_sc_hd__clkbuf_16)
                                                         clknet_0_clk (net)
                      0.044846    0.000458    5.176667 v clkbuf_2_1__f_clk/A (sky130_fd_sc_hd__clkbuf_16)
     6    0.034268    0.043283    0.156875    5.333542 v clkbuf_2_1__f_clk/X (sky130_fd_sc_hd__clkbuf_16)
                                                         clknet_2_1__leaf_clk (net)
                      0.043283    0.000264    5.333807 v _8389__6/A (sky130_fd_sc_hd__inv_2)
     1    0.001989    0.020129    0.036592    5.370398 ^ _8389__6/Y (sky130_fd_sc_hd__inv_2)
                                                         net327 (net)
                      0.020129    0.000008    5.370406 ^ _8421_/CLK (sky130_fd_sc_hd__dfrtp_1)
                                 -0.250000    5.120406   clock uncertainty
                                  0.000000    5.120406   clock reconvergence pessimism
                                 -0.119745    5.000661   library setup time
                                              5.000661   data required time
---------------------------------------------------------------------------------------------
                                              5.000661   data required time
                                             -7.362936   data arrival time
---------------------------------------------------------------------------------------------
                                             -2.362275   slack (VIOLATED)




===========================================================================
 report_check_types -max_slew -max_cap -max_fanout -violators
============================================================================
======================= min_tt_025C_1v80 Corner ===================================



===========================================================================
report_parasitic_annotation -report_unannotated
============================================================================
Found 0 unannotated drivers.
Found 0 partially unannotated drivers.

===========================================================================
max slew violation count 0
max fanout violation count 0
max cap violation count 0
============================================================================

===========================================================================
check_setup -verbose -unconstrained_endpoints -multiple_clock -no_clock -no_input_delay -loops -generated_clocks
===========================================================================
