
===========================================================================
 report_power
============================================================================
======================= min_tt_025C_1v80 Corner ===================================

Group                    Internal    Switching      Leakage        Total
                            Power        Power        Power        Power (Watts)
------------------------------------------------------------------------
Sequential           1.866847e-04 9.088853e-05 3.657656e-10 2.775737e-04   4.5%
Combinational        2.774219e-03 3.138615e-03 3.356791e-08 5.912867e-03  95.5%
Macro                0.000000e+00 0.000000e+00 0.000000e+00 0.000000e+00   0.0%
Pad                  0.000000e+00 0.000000e+00 0.000000e+00 0.000000e+00   0.0%
------------------------------------------------------------------------
Total                2.960904e-03 3.229504e-03 3.393369e-08 6.190441e-03 100.0%
                            47.8%        52.2%         0.0%

