
===========================================================================
Violator List
============================================================================
[setup in-reg] periodTop[0] -> _8421_/D : -2.362275
[setup in-reg] periodTop[0] -> _8426_/D : -2.351523
[setup in-reg] periodTop[0] -> _8424_/D : -2.350004
[setup in-reg] periodTop[0] -> _8425_/D : -2.347498
[setup in-reg] periodTop[0] -> _8423_/D : -2.346709
[setup in-reg] periodTop[0] -> _8430_/D : -2.346463
[setup in-reg] periodTop[0] -> _8427_/D : -2.344805
[setup in-reg] periodTop[0] -> _8428_/D : -2.343927
[setup in-reg] periodTop[0] -> _8429_/D : -2.343855
[setup in-reg] periodTop[0] -> _8422_/D : -2.343517
[setup in-reg] periodTop[0] -> _8420_/D : -2.151824
[setup in-reg] periodTop[0] -> _8419_/D : -2.150134
[setup in-reg] periodTop[0] -> _8416_/D : -2.148340
[setup in-reg] periodTop[0] -> _8418_/D : -2.147039
[setup in-reg] periodTop[0] -> _8417_/D : -2.146837
[setup in-reg] periodTop[0] -> _8447_/D : -1.773888
[setup in-out] periodTop[15] -> pwmA : -1.572921
[setup in-out] periodTop[10] -> pwmB : -1.571917
[setup in-out] periodTop[15] -> pwmC : -1.448539
[setup reg-out] _8444_/Q -> halt : -0.072228
