
===========================================================================
Violator List
============================================================================
[setup in-reg] vC[1] -> _3824_/D : -2.682756
[setup in-reg] vC[1] -> _3823_/D : -2.676753
[setup in-reg] vC[1] -> _3874_/D : -2.676012
[setup in-reg] vC[1] -> _3890_/D : -2.676008
[setup in-reg] vC[1] -> _3873_/D : -2.666949
[setup in-reg] vC[1] -> _3889_/D : -2.654633
[setup in-reg] vC[1] -> _3891_/D : -2.629042
[setup in-reg] vC[1] -> _3875_/D : -2.627367
[setup in-reg] vC[1] -> _3825_/D : -2.624589
[setup in-reg] vC[1] -> _3877_/D : -2.608278
[setup in-reg] vC[1] -> _3887_/D : -2.606853
[setup in-reg] vC[1] -> _3893_/D : -2.605316
[setup in-reg] vC[1] -> _3827_/D : -2.605136
[setup in-reg] vC[1] -> _3871_/D : -2.590702
[setup in-reg] vC[1] -> _3826_/D : -2.585826
[setup in-reg] vC[1] -> _3821_/D : -2.585447
[setup in-reg] vC[1] -> _3892_/D : -2.579534
[setup in-reg] vC[1] -> _3876_/D : -2.577874
[setup in-reg] vC[1] -> _3822_/D : -2.575456
[setup in-reg] vC[1] -> _3872_/D : -2.574919
[setup in-reg] vC[1] -> _3888_/D : -2.570258
[setup in-reg] vC[1] -> _3819_/D : -2.492919
[setup in-reg] vC[1] -> _3885_/D : -2.482973
[setup in-reg] vC[1] -> _3869_/D : -2.479794
[setup in-reg] vC[1] -> _3881_/D : -2.396958
[setup in-reg] vC[1] -> _3865_/D : -2.379687
[setup in-reg] vC[1] -> _3815_/D : -2.379357
[setup in-reg] vC[1] -> _3886_/D : -2.367270
[setup in-reg] vC[1] -> _3820_/D : -2.364183
[setup in-reg] vC[1] -> _3870_/D : -2.347009
[setup in-reg] vC[1] -> _3818_/D : -2.341824
[setup in-reg] vC[1] -> _3884_/D : -2.328637
[setup in-reg] vC[1] -> _3868_/D : -2.327192
[setup in-reg] vC[1] -> _3883_/D : -2.257889
[setup in-reg] vC[1] -> _3867_/D : -2.247501
[setup in-reg] vC[1] -> _3817_/D : -2.243608
[setup in-reg] vC[1] -> _3880_/D : -2.205944
[setup in-reg] vC[1] -> _3864_/D : -2.202920
[setup in-reg] vC[1] -> _3814_/D : -2.197479
[setup in-reg] vC[1] -> _3816_/D : -2.023587
[setup in-reg] vC[1] -> _3882_/D : -2.012298
[setup in-reg] vC[1] -> _3866_/D : -2.007266
[setup in-reg] vC[1] -> _3879_/D : -1.912532
[setup in-reg] vC[1] -> _3813_/D : -1.906972
[setup in-reg] vC[1] -> _3863_/D : -1.901857
[setup in-reg] vC[1] -> _3812_/D : -1.746431
[setup in-reg] vC[1] -> _3878_/D : -1.746425
[setup in-reg] vC[1] -> _3862_/D : -1.732393
[setup in-reg] periodTop[2] -> _3855_/D : -1.697682
[setup in-reg] periodTop[2] -> _3847_/D : -1.651835
[setup in-reg] periodTop[2] -> _3853_/D : -1.648190
[setup in-reg] periodTop[2] -> _3857_/D : -1.646013
[setup in-reg] periodTop[2] -> _3851_/D : -1.630901
[setup in-reg] periodTop[2] -> _3859_/D : -1.623720
[setup in-reg] periodTop[2] -> _3854_/D : -1.618821
[setup in-reg] periodTop[2] -> _3849_/D : -1.617204
[setup in-reg] periodTop[2] -> _3858_/D : -1.598485
[setup in-reg] periodTop[2] -> _3846_/D : -1.593416
[setup in-reg] periodTop[2] -> _3856_/D : -1.590911
[setup in-reg] periodTop[2] -> _3852_/D : -1.581727
[setup in-reg] periodTop[2] -> _3850_/D : -1.577844
[setup in-reg] periodTop[2] -> _3848_/D : -1.572984
[setup in-reg] periodTop[2] -> _3845_/D : -1.448754
[setup in-reg] periodTop[2] -> _3860_/D : -1.191360
[setup reg-out] _3830_/Q -> pwmB : -0.373150
[setup reg-out] _3830_/Q -> pwmA : -0.305219
[setup reg-out] _3830_/Q -> pwmC : -0.177761
Writing metric timing__hold_vio__count__corner:nom_tt_025C_1v80: 0
Writing metric timing__hold_r2r_vio__count__corner:nom_tt_025C_1v80: 0
Writing metric timing__setup_vio__count__corner:nom_tt_025C_1v80: 67
Writing metric timing__setup_r2r_vio__count__corner:nom_tt_025C_1v80: 0
