
===========================================================================
report_checks -unconstrained
===========================================================================
======================= max_ff_n40C_1v95 Corner ===================================

Startpoint: rstb (input port clocked by clk)
Endpoint: _4734_ (recovery check against rising-edge clock clk')
Path Group: asynchronous
Path Type: max

Fanout         Cap        Slew       Delay        Time   Description
---------------------------------------------------------------------------------------------
                                  0.000000    0.000000   clock clk (rise edge)
                                  0.000000    0.000000   clock network delay (propagated)
                                  2.000000    2.000000 ^ input external delay
     1    0.002564    0.013079    0.006659    2.006659 ^ rstb (in)
                                                         rstb (net)
                      0.013080    0.000000    2.006659 ^ input2/A (sky130_fd_sc_hd__buf_2)
     4    0.049179    0.181807    0.165366    2.172025 ^ input2/X (sky130_fd_sc_hd__buf_2)
                                                         net2 (net)
                      0.182041    0.005378    2.177403 ^ fanout174/A (sky130_fd_sc_hd__buf_4)
     9    0.064841    0.138192    0.168677    2.346079 ^ fanout174/X (sky130_fd_sc_hd__buf_4)
                                                         net174 (net)
                      0.138216    0.001572    2.347652 ^ fanout173/A (sky130_fd_sc_hd__buf_4)
    10    0.059810    0.128567    0.156890    2.504541 ^ fanout173/X (sky130_fd_sc_hd__buf_4)
                                                         net173 (net)
                      0.128909    0.005573    2.510114 ^ fanout172/A (sky130_fd_sc_hd__clkbuf_4)
    10    0.054707    0.128629    0.181013    2.691128 ^ fanout172/X (sky130_fd_sc_hd__clkbuf_4)
                                                         net172 (net)
                      0.128949    0.005243    2.696371 ^ fanout171/A (sky130_fd_sc_hd__clkbuf_4)
    10    0.048913    0.116204    0.173402    2.869772 ^ fanout171/X (sky130_fd_sc_hd__clkbuf_4)
                                                         net171 (net)
                      0.116395    0.003841    2.873614 ^ _4734_/RESET_B (sky130_fd_sc_hd__dfrtp_2)
                                              2.873614   data arrival time

                                  5.000000    5.000000   clock clk' (rise edge)
                                  0.000000    5.000000   clock source latency
     1    0.035322    0.055642    0.040003    5.040003 v clk (in)
                                                         clk (net)
                      0.056169    0.000000    5.040003 v clkbuf_0_clk/A (sky130_fd_sc_hd__clkbuf_16)
     8    0.127841    0.070325    0.148356    5.188360 v clkbuf_0_clk/X (sky130_fd_sc_hd__clkbuf_16)
                                                         clknet_0_clk (net)
                      0.073637    0.011930    5.200290 v clkbuf_3_0__f_clk/A (sky130_fd_sc_hd__clkbuf_16)
    13    0.085235    0.054988    0.141760    5.342050 v clkbuf_3_0__f_clk/X (sky130_fd_sc_hd__clkbuf_16)
                                                         clknet_3_0__leaf_clk (net)
                      0.055992    0.005875    5.347925 v _4627__41/A (sky130_fd_sc_hd__inv_2)
     1    0.002479    0.021154    0.034746    5.382671 ^ _4627__41/Y (sky130_fd_sc_hd__inv_2)
                                                         net225 (net)
                      0.021154    0.000169    5.382840 ^ _4734_/CLK (sky130_fd_sc_hd__dfrtp_2)
                                 -0.250000    5.132840   clock uncertainty
                                  0.000000    5.132840   clock reconvergence pessimism
                                  0.110249    5.243090   library recovery time
                                              5.243090   data required time
---------------------------------------------------------------------------------------------
                                              5.243090   data required time
                                             -2.873614   data arrival time
---------------------------------------------------------------------------------------------
                                              2.369476   slack (MET)


Startpoint: _4695_ (rising edge-triggered flip-flop clocked by clk')
Endpoint: ready (output port clocked by clk)
Path Group: clk
Path Type: max

Fanout         Cap        Slew       Delay        Time   Description
---------------------------------------------------------------------------------------------
                                  5.000000    5.000000   clock clk' (rise edge)
                                  0.000000    5.000000   clock source latency
     1    0.035322    0.055642    0.040003    5.040003 v clk (in)
                                                         clk (net)
                      0.056169    0.000000    5.040003 v clkbuf_0_clk/A (sky130_fd_sc_hd__clkbuf_16)
     8    0.127841    0.070325    0.148356    5.188360 v clkbuf_0_clk/X (sky130_fd_sc_hd__clkbuf_16)
                                                         clknet_0_clk (net)
                      0.071736    0.007624    5.195983 v clkbuf_3_3__f_clk/A (sky130_fd_sc_hd__clkbuf_16)
    10    0.069221    0.047502    0.135564    5.331548 v clkbuf_3_3__f_clk/X (sky130_fd_sc_hd__clkbuf_16)
                                                         clknet_3_3__leaf_clk (net)
                      0.048555    0.005547    5.337095 v _4588__2/A (sky130_fd_sc_hd__inv_2)
     1    0.002714    0.020295    0.033177    5.370272 ^ _4588__2/Y (sky130_fd_sc_hd__inv_2)
                                                         net186 (net)
                      0.020295    0.000199    5.370471 ^ _4695_/CLK (sky130_fd_sc_hd__dfstp_1)
     2    0.004740    0.043793    0.304755    5.675227 ^ _4695_/Q (sky130_fd_sc_hd__dfstp_1)
                                                         net36 (net)
                      0.043796    0.000272    5.675498 ^ output36/A (sky130_fd_sc_hd__clkbuf_4)
     1    0.033918    0.083313    0.128120    5.803618 ^ output36/X (sky130_fd_sc_hd__clkbuf_4)
                                                         ready (net)
                      0.083358    0.001585    5.805202 ^ ready (out)
                                              5.805202   data arrival time

                                 10.000000   10.000000   clock clk (rise edge)
                                  0.000000   10.000000   clock network delay (propagated)
                                 -0.250000    9.750000   clock uncertainty
                                  0.000000    9.750000   clock reconvergence pessimism
                                 -2.000000    7.750000   output external delay
                                              7.750000   data required time
---------------------------------------------------------------------------------------------
                                              7.750000   data required time
                                             -5.805202   data arrival time
---------------------------------------------------------------------------------------------
                                              1.944797   slack (MET)




===========================================================================
report_checks --slack_max -0.01
============================================================================
======================= max_ff_n40C_1v95 Corner ===================================

No paths found.


===========================================================================
 report_check_types -max_slew -max_cap -max_fanout -violators
============================================================================
======================= max_ff_n40C_1v95 Corner ===================================

max fanout

Pin                                   Limit Fanout  Slack
---------------------------------------------------------
clkbuf_3_1__f_clk/X                      10     18     -8 (VIOLATED)
clkbuf_3_5__f_clk/X                      10     17     -7 (VIOLATED)
clkbuf_3_4__f_clk/X                      10     16     -6 (VIOLATED)
clkbuf_3_0__f_clk/X                      10     13     -3 (VIOLATED)
clkbuf_3_7__f_clk/X                      10     12     -2 (VIOLATED)
clkbuf_3_6__f_clk/X                      10     11        (VIOLATED)



===========================================================================
report_parasitic_annotation -report_unannotated
============================================================================
Found 0 unannotated drivers.
Found 0 partially unannotated drivers.

===========================================================================
max slew violation count 0
max fanout violation count 6
max cap violation count 0
============================================================================

===========================================================================
check_setup -verbose -unconstrained_endpoints -multiple_clock -no_clock -no_input_delay -loops -generated_clocks
===========================================================================
