
===========================================================================
Violator List
============================================================================
[setup in-reg] periodTop[14] -> _3824_/D : -2.402835
[setup in-reg] periodTop[14] -> _3874_/D : -2.402833
[setup in-reg] periodTop[14] -> _3890_/D : -2.402830
[setup in-reg] periodTop[14] -> _3823_/D : -2.365900
[setup in-reg] periodTop[14] -> _3889_/D : -2.352529
[setup in-reg] periodTop[14] -> _3873_/D : -2.352480
[setup in-reg] periodTop[14] -> _3825_/D : -2.301833
[setup in-reg] periodTop[14] -> _3875_/D : -2.301833
[setup in-reg] periodTop[14] -> _3891_/D : -2.301833
[setup in-reg] periodTop[14] -> _3827_/D : -2.299059
[setup in-reg] periodTop[14] -> _3877_/D : -2.285630
[setup in-reg] periodTop[14] -> _3893_/D : -2.285630
[setup in-reg] periodTop[14] -> _3871_/D : -2.271188
[setup in-reg] periodTop[14] -> _3887_/D : -2.271186
[setup in-reg] periodTop[14] -> _3892_/D : -2.263124
[setup in-reg] periodTop[14] -> _3826_/D : -2.263098
[setup in-reg] periodTop[14] -> _3888_/D : -2.261141
[setup in-reg] periodTop[14] -> _3872_/D : -2.261095
[setup in-reg] periodTop[14] -> _3822_/D : -2.261083
[setup in-reg] periodTop[14] -> _3821_/D : -2.254585
[setup in-reg] periodTop[14] -> _3876_/D : -2.249669
[setup in-reg] periodTop[14] -> _3869_/D : -2.180444
[setup in-reg] periodTop[14] -> _3885_/D : -2.180443
[setup in-reg] periodTop[14] -> _3819_/D : -2.180433
[setup in-reg] periodTop[14] -> _3881_/D : -2.172293
[setup in-reg] periodTop[14] -> _3865_/D : -2.165364
[setup in-reg] periodTop[14] -> _3815_/D : -2.165355
[setup in-reg] periodTop[14] -> _3868_/D : -2.036000
[setup in-reg] periodTop[14] -> _3884_/D : -2.036002
[setup in-reg] periodTop[14] -> _3818_/D : -2.035991
[setup in-reg] periodTop[14] -> _3880_/D : -2.001449
[setup in-reg] periodTop[14] -> _3864_/D : -1.994521
[setup in-reg] periodTop[14] -> _3814_/D : -1.994512
[setup in-reg] periodTop[14] -> _3870_/D : -1.957517
[setup in-reg] periodTop[14] -> _3820_/D : -1.957509
[setup in-reg] periodTop[14] -> _3886_/D : -1.957457
[setup in-reg] periodTop[14] -> _3867_/D : -1.956561
[setup in-reg] periodTop[14] -> _3883_/D : -1.956563
[setup in-reg] periodTop[14] -> _3817_/D : -1.956552
[setup in-reg] periodTop[14] -> _3882_/D : -1.742421
[setup in-reg] periodTop[14] -> _3866_/D : -1.742419
[setup in-reg] periodTop[14] -> _3816_/D : -1.742410
[setup in-reg] periodTop[14] -> _3879_/D : -1.739940
[setup in-reg] periodTop[14] -> _3863_/D : -1.733012
[setup in-reg] periodTop[14] -> _3813_/D : -1.733003
[setup in-reg] periodTop[14] -> _3878_/D : -1.607744
[setup in-reg] periodTop[14] -> _3862_/D : -1.600816
[setup in-reg] periodTop[14] -> _3812_/D : -1.600807
[setup in-reg] periodTop[2] -> _3855_/D : -1.417502
[setup in-reg] periodTop[2] -> _3859_/D : -1.375744
[setup in-reg] periodTop[2] -> _3857_/D : -1.373107
[setup in-reg] periodTop[2] -> _3847_/D : -1.372581
[setup in-reg] periodTop[2] -> _3853_/D : -1.371857
[setup in-reg] periodTop[2] -> _3851_/D : -1.360276
[setup in-reg] periodTop[2] -> _3849_/D : -1.351268
[setup in-reg] periodTop[2] -> _3854_/D : -1.328425
[setup in-reg] periodTop[2] -> _3858_/D : -1.319912
[setup in-reg] periodTop[2] -> _3856_/D : -1.313552
[setup in-reg] periodTop[2] -> _3846_/D : -1.307228
[setup in-reg] periodTop[2] -> _3848_/D : -1.301985
[setup in-reg] periodTop[2] -> _3850_/D : -1.300724
[setup in-reg] periodTop[2] -> _3852_/D : -1.300724
[setup in-reg] periodTop[2] -> _3845_/D : -1.198521
[setup in-reg] periodTop[2] -> _3860_/D : -0.953258
[setup reg-out] _3830_/Q -> pwmB : -0.146952
[setup reg-out] _3830_/Q -> pwmA : -0.097611
Writing metric timing__hold_vio__count__corner:nom_tt_025C_1v80: 0
Writing metric timing__hold_r2r_vio__count__corner:nom_tt_025C_1v80: 0
Writing metric timing__setup_vio__count__corner:nom_tt_025C_1v80: 66
Writing metric timing__setup_r2r_vio__count__corner:nom_tt_025C_1v80: 0
