
===========================================================================
 report_power
============================================================================
======================= nom_tt_025C_1v80 Corner ===================================

Group                    Internal    Switching      Leakage        Total
                            Power        Power        Power        Power (Watts)
------------------------------------------------------------------------
Sequential           5.013893e-04 1.800578e-04 9.993176e-10 6.814480e-04  14.2%
Combinational        1.969025e-03 2.146230e-03 1.485919e-08 4.115270e-03  85.8%
Macro                0.000000e+00 0.000000e+00 0.000000e+00 0.000000e+00   0.0%
Pad                  0.000000e+00 0.000000e+00 0.000000e+00 0.000000e+00   0.0%
------------------------------------------------------------------------
Total                2.470417e-03 2.326288e-03 1.585849e-08 4.796720e-03 100.0%
                            51.5%        48.5%         0.0%

