
===========================================================================
Violator List
============================================================================
[setup in-reg] periodTop[11] -> _3890_/D : -2.861992
[setup in-reg] periodTop[11] -> _3824_/D : -2.860882
[setup in-reg] periodTop[11] -> _3874_/D : -2.860731
[setup in-reg] periodTop[11] -> _3823_/D : -2.844198
[setup in-reg] periodTop[11] -> _3873_/D : -2.836524
[setup in-reg] periodTop[11] -> _3889_/D : -2.823519
[setup in-reg] periodTop[11] -> _3891_/D : -2.822740
[setup in-reg] periodTop[11] -> _3887_/D : -2.821516
[setup in-reg] periodTop[11] -> _3871_/D : -2.819158
[setup in-reg] periodTop[11] -> _3825_/D : -2.816904
[setup in-reg] periodTop[11] -> _3875_/D : -2.815077
[setup in-reg] periodTop[11] -> _3821_/D : -2.804843
[setup in-reg] periodTop[11] -> _3827_/D : -2.803447
[setup in-reg] periodTop[11] -> _3877_/D : -2.792480
[setup in-reg] periodTop[11] -> _3826_/D : -2.788041
[setup in-reg] periodTop[11] -> _3893_/D : -2.787669
[setup in-reg] periodTop[11] -> _3892_/D : -2.786579
[setup in-reg] periodTop[11] -> _3876_/D : -2.782321
[setup in-reg] periodTop[11] -> _3872_/D : -2.776164
[setup in-reg] periodTop[11] -> _3822_/D : -2.770539
[setup in-reg] periodTop[11] -> _3888_/D : -2.768608
[setup in-reg] periodTop[11] -> _3819_/D : -2.664455
[setup in-reg] periodTop[11] -> _3885_/D : -2.660163
[setup in-reg] periodTop[11] -> _3869_/D : -2.659787
[setup in-reg] periodTop[11] -> _3820_/D : -2.642227
[setup in-reg] periodTop[11] -> _3886_/D : -2.642040
[setup in-reg] periodTop[11] -> _3870_/D : -2.638718
[setup in-reg] periodTop[11] -> _3868_/D : -2.516822
[setup in-reg] periodTop[11] -> _3881_/D : -2.516204
[setup in-reg] periodTop[11] -> _3818_/D : -2.512097
[setup in-reg] periodTop[11] -> _3865_/D : -2.507859
[setup in-reg] periodTop[11] -> _3884_/D : -2.507453
[setup in-reg] periodTop[11] -> _3815_/D : -2.503652
[setup in-reg] periodTop[11] -> _3883_/D : -2.419311
[setup in-reg] periodTop[11] -> _3867_/D : -2.411269
[setup in-reg] periodTop[11] -> _3817_/D : -2.408068
[setup in-reg] periodTop[11] -> _3880_/D : -2.333502
[setup in-reg] periodTop[11] -> _3864_/D : -2.325189
[setup in-reg] periodTop[11] -> _3814_/D : -2.323781
[setup in-reg] periodTop[11] -> _3816_/D : -2.217185
[setup in-reg] periodTop[11] -> _3866_/D : -2.212271
[setup in-reg] periodTop[11] -> _3882_/D : -2.205721
[setup in-reg] periodTop[11] -> _3879_/D : -2.053374
[setup in-reg] periodTop[11] -> _3863_/D : -2.042933
[setup in-reg] periodTop[11] -> _3813_/D : -2.035440
[setup in-reg] periodTop[11] -> _3878_/D : -1.882066
[setup in-reg] periodTop[11] -> _3862_/D : -1.873882
[setup in-reg] periodTop[11] -> _3812_/D : -1.871164
[setup in-reg] periodTop[2] -> _3855_/D : -1.837021
[setup in-reg] periodTop[2] -> _3847_/D : -1.806018
[setup in-reg] periodTop[2] -> _3853_/D : -1.794684
[setup in-reg] periodTop[2] -> _3859_/D : -1.787205
[setup in-reg] periodTop[2] -> _3857_/D : -1.783945
[setup in-reg] periodTop[2] -> _3851_/D : -1.775725
[setup in-reg] periodTop[2] -> _3854_/D : -1.770920
[setup in-reg] periodTop[2] -> _3849_/D : -1.767057
[setup in-reg] periodTop[2] -> _3858_/D : -1.762376
[setup in-reg] periodTop[2] -> _3856_/D : -1.760357
[setup in-reg] periodTop[2] -> _3846_/D : -1.754112
[setup in-reg] periodTop[2] -> _3850_/D : -1.744366
[setup in-reg] periodTop[2] -> _3848_/D : -1.742030
[setup in-reg] periodTop[2] -> _3852_/D : -1.738919
[setup in-reg] periodTop[2] -> _3845_/D : -1.592240
[setup in-reg] periodTop[2] -> _3860_/D : -1.238878
[setup reg-out] _3830_/Q -> pwmB : -0.503865
[setup reg-out] _3830_/Q -> pwmA : -0.437350
[setup reg-out] _3830_/Q -> pwmC : -0.310873
