
===========================================================================
report_checks -unconstrained
===========================================================================
======================= max_ff_n40C_1v95 Corner ===================================

Startpoint: rstb (input port clocked by clk)
Endpoint: _8434_ (recovery check against rising-edge clock clk')
Path Group: asynchronous
Path Type: max

Fanout         Cap        Slew       Delay        Time   Description
---------------------------------------------------------------------------------------------
                                  0.000000    0.000000   clock clk (rise edge)
                                  0.000000    0.000000   clock network delay (propagated)
                                  2.000000    2.000000 ^ input external delay
     1    0.005115    0.022091    0.013397    2.013397 ^ rstb (in)
                                                         rstb (net)
                      0.022098    0.000000    2.013397 ^ input17/A (sky130_fd_sc_hd__clkbuf_1)
     1    0.003380    0.036891    0.053350    2.066746 ^ input17/X (sky130_fd_sc_hd__clkbuf_1)
                                                         net17 (net)
                      0.036892    0.000146    2.066892 ^ fanout255/A (sky130_fd_sc_hd__clkbuf_2)
     5    0.025738    0.110741    0.123550    2.190442 ^ fanout255/X (sky130_fd_sc_hd__clkbuf_2)
                                                         net255 (net)
                      0.110822    0.002426    2.192868 ^ fanout252/A (sky130_fd_sc_hd__clkbuf_4)
    10    0.049353    0.117051    0.169819    2.362686 ^ fanout252/X (sky130_fd_sc_hd__clkbuf_4)
                                                         net252 (net)
                      0.117115    0.002264    2.364950 ^ _8434_/RESET_B (sky130_fd_sc_hd__dfrtp_4)
                                              2.364950   data arrival time

                                  5.000000    5.000000   clock clk' (rise edge)
                                  0.000000    5.000000   clock source latency
     1    0.015748    0.025647    0.016905    5.016905 v clk (in)
                                                         clk (net)
                      0.025757    0.000000    5.016905 v clkbuf_0_clk/A (sky130_fd_sc_hd__clkbuf_16)
     4    0.040004    0.035139    0.105846    5.122751 v clkbuf_0_clk/X (sky130_fd_sc_hd__clkbuf_16)
                                                         clknet_0_clk (net)
                      0.035497    0.002692    5.125443 v clkbuf_2_0__f_clk/A (sky130_fd_sc_hd__clkbuf_16)
     7    0.038491    0.034617    0.109328    5.234771 v clkbuf_2_0__f_clk/X (sky130_fd_sc_hd__clkbuf_16)
                                                         clknet_2_0__leaf_clk (net)
                      0.034757    0.001906    5.236678 v _8402__19/A (sky130_fd_sc_hd__inv_2)
     1    0.002512    0.017067    0.027745    5.264423 ^ _8402__19/Y (sky130_fd_sc_hd__inv_2)
                                                         net340 (net)
                      0.017068    0.000170    5.264593 ^ _8434_/CLK (sky130_fd_sc_hd__dfrtp_4)
                                 -0.250000    5.014593   clock uncertainty
                                  0.000000    5.014593   clock reconvergence pessimism
                                  0.101805    5.116397   library recovery time
                                              5.116397   data required time
---------------------------------------------------------------------------------------------
                                              5.116397   data required time
                                             -2.364950   data arrival time
---------------------------------------------------------------------------------------------
                                              2.751447   slack (MET)


Startpoint: periodTop[0] (input port clocked by clk)
Endpoint: _8421_ (rising edge-triggered flip-flop clocked by clk')
Path Group: clk
Path Type: max

Fanout         Cap        Slew       Delay        Time   Description
---------------------------------------------------------------------------------------------
                                  0.000000    0.000000   clock clk (rise edge)
                                  0.000000    0.000000   clock network delay (propagated)
                                  2.000000    2.000000 ^ input external delay
     1    0.004490    0.019947    0.011744    2.011744 ^ periodTop[0] (in)
                                                         periodTop[0] (net)
                      0.019950    0.000000    2.011744 ^ input1/A (sky130_fd_sc_hd__buf_1)
     1    0.015695    0.141102    0.124146    2.135890 ^ input1/X (sky130_fd_sc_hd__buf_1)
                                                         net1 (net)
                      0.141126    0.001505    2.137395 ^ fanout321/A (sky130_fd_sc_hd__buf_2)
     5    0.062666    0.230394    0.223649    2.361044 ^ fanout321/X (sky130_fd_sc_hd__buf_2)
                                                         net321 (net)
                      0.232068    0.015903    2.376947 ^ fanout320/A (sky130_fd_sc_hd__buf_4)
    10    0.068198    0.144979    0.176724    2.553671 ^ fanout320/X (sky130_fd_sc_hd__buf_4)
                                                         net320 (net)
                      0.146974    0.013606    2.567277 ^ fanout319/A (sky130_fd_sc_hd__buf_4)
    10    0.065749    0.139273    0.170108    2.737385 ^ fanout319/X (sky130_fd_sc_hd__buf_4)
                                                         net319 (net)
                      0.139778    0.006821    2.744206 ^ _4251_/A (sky130_fd_sc_hd__clkinv_4)
    10    0.073451    0.117713    0.113074    2.857280 v _4251_/Y (sky130_fd_sc_hd__clkinv_4)
                                                         _1218_ (net)
                      0.117910    0.004050    2.861331 v _4252_/A (sky130_fd_sc_hd__clkbuf_4)
    10    0.056577    0.086226    0.178416    3.039747 v _4252_/X (sky130_fd_sc_hd__clkbuf_4)
                                                         _1229_ (net)
                      0.086270    0.001678    3.041425 v _4253_/A (sky130_fd_sc_hd__buf_4)
    10    0.087093    0.082798    0.167337    3.208762 v _4253_/X (sky130_fd_sc_hd__buf_4)
                                                         _1240_ (net)
                      0.083864    0.007513    3.216275 v _4256_/A0 (sky130_fd_sc_hd__mux2_1)
     1    0.002604    0.037236    0.157802    3.374077 v _4256_/X (sky130_fd_sc_hd__mux2_1)
                                                         _1272_ (net)
                      0.037236    0.000166    3.374243 v _4260_/B (sky130_fd_sc_hd__or4_1)
     1    0.002472    0.051564    0.278717    3.652960 v _4260_/X (sky130_fd_sc_hd__or4_1)
                                                         _1316_ (net)
                      0.051564    0.000146    3.653105 v _4261_/D (sky130_fd_sc_hd__or4_1)
     1    0.003491    0.056520    0.225408    3.878513 v _4261_/X (sky130_fd_sc_hd__or4_1)
                                                         _1327_ (net)
                      0.056520    0.000194    3.878707 v _4262_/C (sky130_fd_sc_hd__or3_1)
     1    0.002588    0.041411    0.175135    4.053842 v _4262_/X (sky130_fd_sc_hd__or3_1)
                                                         _1338_ (net)
                      0.041411    0.000150    4.053992 v _4263_/D (sky130_fd_sc_hd__or4_1)
     1    0.004494    0.061157    0.229312    4.283304 v _4263_/X (sky130_fd_sc_hd__or4_1)
                                                         _1349_ (net)
                      0.061157    0.000300    4.283604 v _4264_/D (sky130_fd_sc_hd__or4_1)
     1    0.003395    0.055964    0.227652    4.511256 v _4264_/X (sky130_fd_sc_hd__or4_1)
                                                         _1360_ (net)
                      0.055964    0.000219    4.511475 v _4265_/D (sky130_fd_sc_hd__or4_1)
     1    0.003939    0.058830    0.229786    4.741261 v _4265_/X (sky130_fd_sc_hd__or4_1)
                                                         _1371_ (net)
                      0.058830    0.000271    4.741532 v _4281_/B1 (sky130_fd_sc_hd__a211o_1)
     2    0.008366    0.052441    0.150979    4.892511 v _4281_/X (sky130_fd_sc_hd__a211o_1)
                                                         _1547_ (net)
                      0.052453    0.000681    4.893193 v _4289_/A2 (sky130_fd_sc_hd__a21bo_1)
     1    0.002673    0.024781    0.124515    5.017708 v _4289_/X (sky130_fd_sc_hd__a21bo_1)
                                                         _1635_ (net)
                      0.024784    0.000189    5.017897 v _4290_/A (sky130_fd_sc_hd__buf_2)
     6    0.034584    0.063798    0.114287    5.132184 v _4290_/X (sky130_fd_sc_hd__buf_2)
                                                         _1646_ (net)
                      0.063826    0.001137    5.133321 v _4291_/A (sky130_fd_sc_hd__buf_4)
    10    0.063639    0.068297    0.143527    5.276848 v _4291_/X (sky130_fd_sc_hd__buf_4)
                                                         _1657_ (net)
                      0.068470    0.002906    5.279755 v _4301_/B (sky130_fd_sc_hd__xnor2_1)
     1    0.002617    0.035905    0.089041    5.368796 v _4301_/Y (sky130_fd_sc_hd__xnor2_1)
                                                         _0054_ (net)
                      0.035906    0.000179    5.368975 v _8421_/D (sky130_fd_sc_hd__dfrtp_1)
                                              5.368975   data arrival time

                                  5.000000    5.000000   clock clk' (rise edge)
                                  0.000000    5.000000   clock source latency
     1    0.015748    0.025647    0.016905    5.016905 v clk (in)
                                                         clk (net)
                      0.025757    0.000000    5.016905 v clkbuf_0_clk/A (sky130_fd_sc_hd__clkbuf_16)
     4    0.040004    0.035139    0.105846    5.122751 v clkbuf_0_clk/X (sky130_fd_sc_hd__clkbuf_16)
                                                         clknet_0_clk (net)
                      0.035443    0.002407    5.125158 v clkbuf_2_1__f_clk/A (sky130_fd_sc_hd__clkbuf_16)
     6    0.036293    0.033827    0.108821    5.233980 v clkbuf_2_1__f_clk/X (sky130_fd_sc_hd__clkbuf_16)
                                                         clknet_2_1__leaf_clk (net)
                      0.033877    0.001595    5.235575 v _8389__6/A (sky130_fd_sc_hd__inv_2)
     1    0.002081    0.015811    0.026291    5.261866 ^ _8389__6/Y (sky130_fd_sc_hd__inv_2)
                                                         net327 (net)
                      0.015811    0.000096    5.261962 ^ _8421_/CLK (sky130_fd_sc_hd__dfrtp_1)
                                 -0.250000    5.011962   clock uncertainty
                                  0.000000    5.011962   clock reconvergence pessimism
                                 -0.075398    4.936564   library setup time
                                              4.936564   data required time
---------------------------------------------------------------------------------------------
                                              4.936564   data required time
                                             -5.368975   data arrival time
---------------------------------------------------------------------------------------------
                                             -0.432411   slack (VIOLATED)




===========================================================================
report_checks --slack_max -0.01
============================================================================
======================= max_ff_n40C_1v95 Corner ===================================

Startpoint: periodTop[0] (input port clocked by clk)
Endpoint: _8421_ (rising edge-triggered flip-flop clocked by clk')
Path Group: clk
Path Type: max

Fanout         Cap        Slew       Delay        Time   Description
---------------------------------------------------------------------------------------------
                                  0.000000    0.000000   clock clk (rise edge)
                                  0.000000    0.000000   clock network delay (propagated)
                                  2.000000    2.000000 ^ input external delay
     1    0.004490    0.019947    0.011744    2.011744 ^ periodTop[0] (in)
                                                         periodTop[0] (net)
                      0.019950    0.000000    2.011744 ^ input1/A (sky130_fd_sc_hd__buf_1)
     1    0.015695    0.141102    0.124146    2.135890 ^ input1/X (sky130_fd_sc_hd__buf_1)
                                                         net1 (net)
                      0.141126    0.001505    2.137395 ^ fanout321/A (sky130_fd_sc_hd__buf_2)
     5    0.062666    0.230394    0.223649    2.361044 ^ fanout321/X (sky130_fd_sc_hd__buf_2)
                                                         net321 (net)
                      0.232068    0.015903    2.376947 ^ fanout320/A (sky130_fd_sc_hd__buf_4)
    10    0.068198    0.144979    0.176724    2.553671 ^ fanout320/X (sky130_fd_sc_hd__buf_4)
                                                         net320 (net)
                      0.146974    0.013606    2.567277 ^ fanout319/A (sky130_fd_sc_hd__buf_4)
    10    0.065749    0.139273    0.170108    2.737385 ^ fanout319/X (sky130_fd_sc_hd__buf_4)
                                                         net319 (net)
                      0.139778    0.006821    2.744206 ^ _4251_/A (sky130_fd_sc_hd__clkinv_4)
    10    0.073451    0.117713    0.113074    2.857280 v _4251_/Y (sky130_fd_sc_hd__clkinv_4)
                                                         _1218_ (net)
                      0.117910    0.004050    2.861331 v _4252_/A (sky130_fd_sc_hd__clkbuf_4)
    10    0.056577    0.086226    0.178416    3.039747 v _4252_/X (sky130_fd_sc_hd__clkbuf_4)
                                                         _1229_ (net)
                      0.086270    0.001678    3.041425 v _4253_/A (sky130_fd_sc_hd__buf_4)
    10    0.087093    0.082798    0.167337    3.208762 v _4253_/X (sky130_fd_sc_hd__buf_4)
                                                         _1240_ (net)
                      0.083864    0.007513    3.216275 v _4256_/A0 (sky130_fd_sc_hd__mux2_1)
     1    0.002604    0.037236    0.157802    3.374077 v _4256_/X (sky130_fd_sc_hd__mux2_1)
                                                         _1272_ (net)
                      0.037236    0.000166    3.374243 v _4260_/B (sky130_fd_sc_hd__or4_1)
     1    0.002472    0.051564    0.278717    3.652960 v _4260_/X (sky130_fd_sc_hd__or4_1)
                                                         _1316_ (net)
                      0.051564    0.000146    3.653105 v _4261_/D (sky130_fd_sc_hd__or4_1)
     1    0.003491    0.056520    0.225408    3.878513 v _4261_/X (sky130_fd_sc_hd__or4_1)
                                                         _1327_ (net)
                      0.056520    0.000194    3.878707 v _4262_/C (sky130_fd_sc_hd__or3_1)
     1    0.002588    0.041411    0.175135    4.053842 v _4262_/X (sky130_fd_sc_hd__or3_1)
                                                         _1338_ (net)
                      0.041411    0.000150    4.053992 v _4263_/D (sky130_fd_sc_hd__or4_1)
     1    0.004494    0.061157    0.229312    4.283304 v _4263_/X (sky130_fd_sc_hd__or4_1)
                                                         _1349_ (net)
                      0.061157    0.000300    4.283604 v _4264_/D (sky130_fd_sc_hd__or4_1)
     1    0.003395    0.055964    0.227652    4.511256 v _4264_/X (sky130_fd_sc_hd__or4_1)
                                                         _1360_ (net)
                      0.055964    0.000219    4.511475 v _4265_/D (sky130_fd_sc_hd__or4_1)
     1    0.003939    0.058830    0.229786    4.741261 v _4265_/X (sky130_fd_sc_hd__or4_1)
                                                         _1371_ (net)
                      0.058830    0.000271    4.741532 v _4281_/B1 (sky130_fd_sc_hd__a211o_1)
     2    0.008366    0.052441    0.150979    4.892511 v _4281_/X (sky130_fd_sc_hd__a211o_1)
                                                         _1547_ (net)
                      0.052453    0.000681    4.893193 v _4289_/A2 (sky130_fd_sc_hd__a21bo_1)
     1    0.002673    0.024781    0.124515    5.017708 v _4289_/X (sky130_fd_sc_hd__a21bo_1)
                                                         _1635_ (net)
                      0.024784    0.000189    5.017897 v _4290_/A (sky130_fd_sc_hd__buf_2)
     6    0.034584    0.063798    0.114287    5.132184 v _4290_/X (sky130_fd_sc_hd__buf_2)
                                                         _1646_ (net)
                      0.063826    0.001137    5.133321 v _4291_/A (sky130_fd_sc_hd__buf_4)
    10    0.063639    0.068297    0.143527    5.276848 v _4291_/X (sky130_fd_sc_hd__buf_4)
                                                         _1657_ (net)
                      0.068470    0.002906    5.279755 v _4301_/B (sky130_fd_sc_hd__xnor2_1)
     1    0.002617    0.035905    0.089041    5.368796 v _4301_/Y (sky130_fd_sc_hd__xnor2_1)
                                                         _0054_ (net)
                      0.035906    0.000179    5.368975 v _8421_/D (sky130_fd_sc_hd__dfrtp_1)
                                              5.368975   data arrival time

                                  5.000000    5.000000   clock clk' (rise edge)
                                  0.000000    5.000000   clock source latency
     1    0.015748    0.025647    0.016905    5.016905 v clk (in)
                                                         clk (net)
                      0.025757    0.000000    5.016905 v clkbuf_0_clk/A (sky130_fd_sc_hd__clkbuf_16)
     4    0.040004    0.035139    0.105846    5.122751 v clkbuf_0_clk/X (sky130_fd_sc_hd__clkbuf_16)
                                                         clknet_0_clk (net)
                      0.035443    0.002407    5.125158 v clkbuf_2_1__f_clk/A (sky130_fd_sc_hd__clkbuf_16)
     6    0.036293    0.033827    0.108821    5.233980 v clkbuf_2_1__f_clk/X (sky130_fd_sc_hd__clkbuf_16)
                                                         clknet_2_1__leaf_clk (net)
                      0.033877    0.001595    5.235575 v _8389__6/A (sky130_fd_sc_hd__inv_2)
     1    0.002081    0.015811    0.026291    5.261866 ^ _8389__6/Y (sky130_fd_sc_hd__inv_2)
                                                         net327 (net)
                      0.015811    0.000096    5.261962 ^ _8421_/CLK (sky130_fd_sc_hd__dfrtp_1)
                                 -0.250000    5.011962   clock uncertainty
                                  0.000000    5.011962   clock reconvergence pessimism
                                 -0.075398    4.936564   library setup time
                                              4.936564   data required time
---------------------------------------------------------------------------------------------
                                              4.936564   data required time
                                             -5.368975   data arrival time
---------------------------------------------------------------------------------------------
                                             -0.432411   slack (VIOLATED)




===========================================================================
 report_check_types -max_slew -max_cap -max_fanout -violators
============================================================================
======================= max_ff_n40C_1v95 Corner ===================================



===========================================================================
report_parasitic_annotation -report_unannotated
============================================================================
Found 0 unannotated drivers.
Found 0 partially unannotated drivers.

===========================================================================
max slew violation count 0
max fanout violation count 0
max cap violation count 0
============================================================================

===========================================================================
check_setup -verbose -unconstrained_endpoints -multiple_clock -no_clock -no_input_delay -loops -generated_clocks
===========================================================================
