
===========================================================================
 report_power
============================================================================
======================= nom_tt_025C_1v80 Corner ===================================

Group                    Internal    Switching      Leakage        Total
                            Power        Power        Power        Power (Watts)
------------------------------------------------------------------------
Sequential           7.029397e-04 8.892301e-05 1.216964e-09 7.918639e-04   3.7%
Combinational        1.098737e-02 9.465933e-03 9.440484e-09 2.045331e-02  96.3%
Macro                0.000000e+00 0.000000e+00 0.000000e+00 0.000000e+00   0.0%
Pad                  0.000000e+00 0.000000e+00 0.000000e+00 0.000000e+00   0.0%
------------------------------------------------------------------------
Total                1.169031e-02 9.554854e-03 1.065743e-08 2.124517e-02 100.0%
                            55.0%        45.0%         0.0%
Writing metric power__internal__total: 0.011690309271216393
Writing metric power__switching__total: 0.009554853662848473
Writing metric power__leakage__total: 1.0657431381844162e-8
Writing metric power__total: 0.02124517410993576

