
===========================================================================
report_checks -unconstrained
===========================================================================
======================= min_ss_100C_1v60 Corner ===================================

Startpoint: rstb (input port clocked by clk)
Endpoint: _8434_ (recovery check against rising-edge clock clk')
Path Group: asynchronous
Path Type: max

Fanout         Cap        Slew       Delay        Time   Description
---------------------------------------------------------------------------------------------
                                  0.000000    0.000000   clock clk (rise edge)
                                  0.000000    0.000000   clock network delay (propagated)
                                  2.000000    2.000000 ^ input external delay
     1    0.004596    0.044429    0.025274    2.025274 ^ rstb (in)
                                                         rstb (net)
                      0.044429    0.000000    2.025274 ^ input17/A (sky130_fd_sc_hd__clkbuf_1)
     1    0.003175    0.081838    0.143902    2.169176 ^ input17/X (sky130_fd_sc_hd__clkbuf_1)
                                                         net17 (net)
                      0.081838    0.000023    2.169199 ^ fanout255/A (sky130_fd_sc_hd__clkbuf_2)
     5    0.022610    0.200144    0.291929    2.461129 ^ fanout255/X (sky130_fd_sc_hd__clkbuf_2)
                                                         net255 (net)
                      0.200149    0.000832    2.461961 ^ fanout252/A (sky130_fd_sc_hd__clkbuf_4)
    10    0.043399    0.219304    0.418177    2.880137 ^ fanout252/X (sky130_fd_sc_hd__clkbuf_4)
                                                         net252 (net)
                      0.219305    0.000450    2.880587 ^ _8434_/RESET_B (sky130_fd_sc_hd__dfrtp_4)
                                              2.880587   data arrival time

                                  5.000000    5.000000   clock clk' (rise edge)
                                  0.000000    5.000000   clock source latency
     1    0.014189    0.064561    0.044187    5.044187 v clk (in)
                                                         clk (net)
                      0.064570    0.000000    5.044187 v clkbuf_0_clk/A (sky130_fd_sc_hd__clkbuf_16)
     4    0.037809    0.074310    0.275772    5.319959 v clkbuf_0_clk/X (sky130_fd_sc_hd__clkbuf_16)
                                                         clknet_0_clk (net)
                      0.074315    0.000529    5.320488 v clkbuf_2_0__f_clk/A (sky130_fd_sc_hd__clkbuf_16)
     7    0.036963    0.073370    0.279280    5.599768 v clkbuf_2_0__f_clk/X (sky130_fd_sc_hd__clkbuf_16)
                                                         clknet_2_0__leaf_clk (net)
                      0.073372    0.000352    5.600120 v _8402__19/A (sky130_fd_sc_hd__inv_2)
     1    0.002242    0.032991    0.065105    5.665225 ^ _8402__19/Y (sky130_fd_sc_hd__inv_2)
                                                         net340 (net)
                      0.032991    0.000020    5.665245 ^ _8434_/CLK (sky130_fd_sc_hd__dfrtp_4)
                                 -0.250000    5.415245   clock uncertainty
                                  0.000000    5.415245   clock reconvergence pessimism
                                  0.361403    5.776647   library recovery time
                                              5.776647   data required time
---------------------------------------------------------------------------------------------
                                              5.776647   data required time
                                             -2.880587   data arrival time
---------------------------------------------------------------------------------------------
                                              2.896060   slack (MET)


Startpoint: periodTop[15] (input port clocked by clk)
Endpoint: pwmA (output port clocked by clk)
Path Group: clk
Path Type: max

Fanout         Cap        Slew       Delay        Time   Description
---------------------------------------------------------------------------------------------
                                  0.000000    0.000000   clock clk (rise edge)
                                  0.000000    0.000000   clock network delay (propagated)
                                  2.000000    2.000000 ^ input external delay
     1    0.003246    0.035220    0.018130    2.018130 ^ periodTop[15] (in)
                                                         periodTop[15] (net)
                      0.035220    0.000000    2.018130 ^ input7/A (sky130_fd_sc_hd__clkbuf_4)
     4    0.050154    0.248941    0.363082    2.381212 ^ input7/X (sky130_fd_sc_hd__clkbuf_4)
                                                         net7 (net)
                      0.248973    0.002356    2.383568 ^ fanout100/A (sky130_fd_sc_hd__buf_6)
    10    0.056764    0.190016    0.349071    2.732638 ^ fanout100/X (sky130_fd_sc_hd__buf_6)
                                                         net100 (net)
                      0.190066    0.002538    2.735177 ^ fanout99/A (sky130_fd_sc_hd__clkbuf_2)
     6    0.028747    0.250060    0.376879    3.112056 ^ fanout99/X (sky130_fd_sc_hd__clkbuf_2)
                                                         net99 (net)
                      0.250065    0.000928    3.112984 ^ fanout98/A (sky130_fd_sc_hd__clkbuf_4)
    10    0.037631    0.194491    0.421846    3.534829 ^ fanout98/X (sky130_fd_sc_hd__clkbuf_4)
                                                         net98 (net)
                      0.194501    0.001189    3.536019 ^ _4273_/A (sky130_fd_sc_hd__inv_2)
     2    0.005549    0.054247    0.109102    3.645120 v _4273_/Y (sky130_fd_sc_hd__inv_2)
                                                         _1459_ (net)
                      0.054247    0.000032    3.645152 v _4274_/A (sky130_fd_sc_hd__buf_4)
    10    0.085332    0.205658    0.383186    4.028337 v _4274_/X (sky130_fd_sc_hd__buf_4)
                                                         _1470_ (net)
                      0.205836    0.005075    4.033412 v _4275_/A (sky130_fd_sc_hd__buf_4)
    10    0.070919    0.175938    0.428797    4.462208 v _4275_/X (sky130_fd_sc_hd__buf_4)
                                                         _1481_ (net)
                      0.176421    0.007595    4.469804 v _4276_/A (sky130_fd_sc_hd__buf_4)
    10    0.091399    0.210629    0.451235    4.921038 v _4276_/X (sky130_fd_sc_hd__buf_4)
                                                         _1492_ (net)
                      0.210899    0.006152    4.927190 v _7562_/A (sky130_fd_sc_hd__or3_4)
     4    0.016214    0.150752    0.865379    5.792569 v _7562_/X (sky130_fd_sc_hd__or3_4)
                                                         _2755_ (net)
                      0.150753    0.000278    5.792847 v _7938_/B (sky130_fd_sc_hd__xnor2_1)
     1    0.004797    0.133041    0.263533    6.056380 v _7938_/Y (sky130_fd_sc_hd__xnor2_1)
                                                         _3168_ (net)
                      0.133041    0.000028    6.056407 v _7941_/A (sky130_fd_sc_hd__xnor2_1)
     2    0.009234    0.393724    0.429163    6.485570 ^ _7941_/Y (sky130_fd_sc_hd__xnor2_1)
                                                         _3172_ (net)
                      0.393724    0.000160    6.485730 ^ _8015_/B_N (sky130_fd_sc_hd__or2b_4)
     2    0.009975    0.094109    0.640985    7.126715 v _8015_/X (sky130_fd_sc_hd__or2b_4)
                                                         _3253_ (net)
                      0.094110    0.000212    7.126927 v _8016_/B (sky130_fd_sc_hd__xor2_1)
     2    0.007432    0.167420    0.309512    7.436439 v _8016_/X (sky130_fd_sc_hd__xor2_1)
                                                         _3254_ (net)
                      0.167420    0.000058    7.436497 v _8074_/A2 (sky130_fd_sc_hd__a21o_1)
     2    0.009300    0.110871    0.409258    7.845756 v _8074_/X (sky130_fd_sc_hd__a21o_1)
                                                         _3318_ (net)
                      0.110871    0.000137    7.845892 v _8075_/B (sky130_fd_sc_hd__xnor2_1)
     2    0.008490    0.177793    0.287589    8.133481 v _8075_/Y (sky130_fd_sc_hd__xnor2_1)
                                                         _3319_ (net)
                      0.177793    0.000080    8.133561 v _8116_/B2 (sky130_fd_sc_hd__a32o_1)
     2    0.007366    0.108524    0.465029    8.598590 v _8116_/X (sky130_fd_sc_hd__a32o_1)
                                                         _3364_ (net)
                      0.108524    0.000096    8.598685 v _8117_/B (sky130_fd_sc_hd__xnor2_1)
     2    0.007561    0.351263    0.347304    8.945989 ^ _8117_/Y (sky130_fd_sc_hd__xnor2_1)
                                                         _3365_ (net)
                      0.351263    0.000028    8.946016 ^ _8118_/B (sky130_fd_sc_hd__xnor2_1)
     2    0.007062    0.334520    0.343342    9.289359 ^ _8118_/Y (sky130_fd_sc_hd__xnor2_1)
                                                         _3366_ (net)
                      0.334520    0.000107    9.289466 ^ _8119_/B1 (sky130_fd_sc_hd__a21oi_1)
     2    0.007992    0.163095    0.210387    9.499854 v _8119_/Y (sky130_fd_sc_hd__a21oi_1)
                                                         _3367_ (net)
                      0.163095    0.000086    9.499940 v _8121_/A (sky130_fd_sc_hd__or2b_1)
     2    0.011695    0.170965    0.614763   10.114703 v _8121_/X (sky130_fd_sc_hd__or2b_1)
                                                         _3370_ (net)
                      0.170965    0.000069   10.114773 v _8126_/A (sky130_fd_sc_hd__or2_1)
     2    0.007534    0.138105    0.589849   10.704621 v _8126_/X (sky130_fd_sc_hd__or2_1)
                                                         _3375_ (net)
                      0.138105    0.000068   10.704690 v _8127_/D1 (sky130_fd_sc_hd__a2111o_1)
     2    0.015241    0.218284    0.731197   11.435887 v _8127_/X (sky130_fd_sc_hd__a2111o_1)
                                                         _3376_ (net)
                      0.218285    0.000432   11.436319 v _8170_/A1 (sky130_fd_sc_hd__a21oi_4)
     4    0.015261    0.241290    0.332550   11.768868 ^ _8170_/Y (sky130_fd_sc_hd__a21oi_4)
                                                         _3424_ (net)
                      0.241290    0.000211   11.769080 ^ _8247_/A1 (sky130_fd_sc_hd__a21oi_1)
     2    0.008163    0.170031    0.253324   12.022404 v _8247_/Y (sky130_fd_sc_hd__a21oi_1)
                                                         _3508_ (net)
                      0.170031    0.000085   12.022490 v _8250_/B (sky130_fd_sc_hd__xnor2_1)
     2    0.007777    0.180455    0.307544   12.330033 v _8250_/Y (sky130_fd_sc_hd__xnor2_1)
                                                         _3512_ (net)
                      0.180455    0.000066   12.330099 v _8275_/A2 (sky130_fd_sc_hd__a22oi_1)
     2    0.004693    0.294444    0.377274   12.707374 ^ _8275_/Y (sky130_fd_sc_hd__a22oi_1)
                                                         _3539_ (net)
                      0.294444    0.000026   12.707399 ^ _8276_/C_N (sky130_fd_sc_hd__or3b_4)
     2    0.005057    0.119520    0.815436   13.522835 v _8276_/X (sky130_fd_sc_hd__or3b_4)
                                                         _3540_ (net)
                      0.119520    0.000043   13.522878 v _8296_/B (sky130_fd_sc_hd__or4_1)
     1    0.003537    0.193457    1.201154   14.724031 v _8296_/X (sky130_fd_sc_hd__or4_1)
                                                         _3562_ (net)
                      0.193457    0.000049   14.724080 v _8307_/A3 (sky130_fd_sc_hd__o32a_1)
     1    0.004938    0.138919    0.603556   15.327637 v _8307_/X (sky130_fd_sc_hd__o32a_1)
                                                         _3574_ (net)
                      0.138919    0.000107   15.327744 v _8311_/A1_N (sky130_fd_sc_hd__a2bb2o_1)
     1    0.009025    0.158414    0.601110   15.928853 ^ _8311_/X (sky130_fd_sc_hd__a2bb2o_1)
                                                         net67 (net)
                      0.158415    0.000346   15.929200 ^ output67/A (sky130_fd_sc_hd__buf_4)
     1    0.034491    0.166122    0.322391   16.251591 ^ output67/X (sky130_fd_sc_hd__buf_4)
                                                         pwmA (net)
                      0.166123    0.000439   16.252029 ^ pwmA (out)
                                             16.252029   data arrival time

                                 10.000000   10.000000   clock clk (rise edge)
                                  0.000000   10.000000   clock network delay (propagated)
                                 -0.250000    9.750000   clock uncertainty
                                  0.000000    9.750000   clock reconvergence pessimism
                                 -2.000000    7.750000   output external delay
                                              7.750000   data required time
---------------------------------------------------------------------------------------------
                                              7.750000   data required time
                                            -16.252029   data arrival time
---------------------------------------------------------------------------------------------
                                             -8.502029   slack (VIOLATED)




===========================================================================
report_checks --slack_max -0.01
============================================================================
======================= min_ss_100C_1v60 Corner ===================================

Startpoint: periodTop[15] (input port clocked by clk)
Endpoint: pwmA (output port clocked by clk)
Path Group: clk
Path Type: max

Fanout         Cap        Slew       Delay        Time   Description
---------------------------------------------------------------------------------------------
                                  0.000000    0.000000   clock clk (rise edge)
                                  0.000000    0.000000   clock network delay (propagated)
                                  2.000000    2.000000 ^ input external delay
     1    0.003246    0.035220    0.018130    2.018130 ^ periodTop[15] (in)
                                                         periodTop[15] (net)
                      0.035220    0.000000    2.018130 ^ input7/A (sky130_fd_sc_hd__clkbuf_4)
     4    0.050154    0.248941    0.363082    2.381212 ^ input7/X (sky130_fd_sc_hd__clkbuf_4)
                                                         net7 (net)
                      0.248973    0.002356    2.383568 ^ fanout100/A (sky130_fd_sc_hd__buf_6)
    10    0.056764    0.190016    0.349071    2.732638 ^ fanout100/X (sky130_fd_sc_hd__buf_6)
                                                         net100 (net)
                      0.190066    0.002538    2.735177 ^ fanout99/A (sky130_fd_sc_hd__clkbuf_2)
     6    0.028747    0.250060    0.376879    3.112056 ^ fanout99/X (sky130_fd_sc_hd__clkbuf_2)
                                                         net99 (net)
                      0.250065    0.000928    3.112984 ^ fanout98/A (sky130_fd_sc_hd__clkbuf_4)
    10    0.037631    0.194491    0.421846    3.534829 ^ fanout98/X (sky130_fd_sc_hd__clkbuf_4)
                                                         net98 (net)
                      0.194501    0.001189    3.536019 ^ _4273_/A (sky130_fd_sc_hd__inv_2)
     2    0.005549    0.054247    0.109102    3.645120 v _4273_/Y (sky130_fd_sc_hd__inv_2)
                                                         _1459_ (net)
                      0.054247    0.000032    3.645152 v _4274_/A (sky130_fd_sc_hd__buf_4)
    10    0.085332    0.205658    0.383186    4.028337 v _4274_/X (sky130_fd_sc_hd__buf_4)
                                                         _1470_ (net)
                      0.205836    0.005075    4.033412 v _4275_/A (sky130_fd_sc_hd__buf_4)
    10    0.070919    0.175938    0.428797    4.462208 v _4275_/X (sky130_fd_sc_hd__buf_4)
                                                         _1481_ (net)
                      0.176421    0.007595    4.469804 v _4276_/A (sky130_fd_sc_hd__buf_4)
    10    0.091399    0.210629    0.451235    4.921038 v _4276_/X (sky130_fd_sc_hd__buf_4)
                                                         _1492_ (net)
                      0.210899    0.006152    4.927190 v _7562_/A (sky130_fd_sc_hd__or3_4)
     4    0.016214    0.150752    0.865379    5.792569 v _7562_/X (sky130_fd_sc_hd__or3_4)
                                                         _2755_ (net)
                      0.150753    0.000278    5.792847 v _7938_/B (sky130_fd_sc_hd__xnor2_1)
     1    0.004797    0.133041    0.263533    6.056380 v _7938_/Y (sky130_fd_sc_hd__xnor2_1)
                                                         _3168_ (net)
                      0.133041    0.000028    6.056407 v _7941_/A (sky130_fd_sc_hd__xnor2_1)
     2    0.009234    0.393724    0.429163    6.485570 ^ _7941_/Y (sky130_fd_sc_hd__xnor2_1)
                                                         _3172_ (net)
                      0.393724    0.000160    6.485730 ^ _8015_/B_N (sky130_fd_sc_hd__or2b_4)
     2    0.009975    0.094109    0.640985    7.126715 v _8015_/X (sky130_fd_sc_hd__or2b_4)
                                                         _3253_ (net)
                      0.094110    0.000212    7.126927 v _8016_/B (sky130_fd_sc_hd__xor2_1)
     2    0.007432    0.167420    0.309512    7.436439 v _8016_/X (sky130_fd_sc_hd__xor2_1)
                                                         _3254_ (net)
                      0.167420    0.000058    7.436497 v _8074_/A2 (sky130_fd_sc_hd__a21o_1)
     2    0.009300    0.110871    0.409258    7.845756 v _8074_/X (sky130_fd_sc_hd__a21o_1)
                                                         _3318_ (net)
                      0.110871    0.000137    7.845892 v _8075_/B (sky130_fd_sc_hd__xnor2_1)
     2    0.008490    0.177793    0.287589    8.133481 v _8075_/Y (sky130_fd_sc_hd__xnor2_1)
                                                         _3319_ (net)
                      0.177793    0.000080    8.133561 v _8116_/B2 (sky130_fd_sc_hd__a32o_1)
     2    0.007366    0.108524    0.465029    8.598590 v _8116_/X (sky130_fd_sc_hd__a32o_1)
                                                         _3364_ (net)
                      0.108524    0.000096    8.598685 v _8117_/B (sky130_fd_sc_hd__xnor2_1)
     2    0.007561    0.351263    0.347304    8.945989 ^ _8117_/Y (sky130_fd_sc_hd__xnor2_1)
                                                         _3365_ (net)
                      0.351263    0.000028    8.946016 ^ _8118_/B (sky130_fd_sc_hd__xnor2_1)
     2    0.007062    0.334520    0.343342    9.289359 ^ _8118_/Y (sky130_fd_sc_hd__xnor2_1)
                                                         _3366_ (net)
                      0.334520    0.000107    9.289466 ^ _8119_/B1 (sky130_fd_sc_hd__a21oi_1)
     2    0.007992    0.163095    0.210387    9.499854 v _8119_/Y (sky130_fd_sc_hd__a21oi_1)
                                                         _3367_ (net)
                      0.163095    0.000086    9.499940 v _8121_/A (sky130_fd_sc_hd__or2b_1)
     2    0.011695    0.170965    0.614763   10.114703 v _8121_/X (sky130_fd_sc_hd__or2b_1)
                                                         _3370_ (net)
                      0.170965    0.000069   10.114773 v _8126_/A (sky130_fd_sc_hd__or2_1)
     2    0.007534    0.138105    0.589849   10.704621 v _8126_/X (sky130_fd_sc_hd__or2_1)
                                                         _3375_ (net)
                      0.138105    0.000068   10.704690 v _8127_/D1 (sky130_fd_sc_hd__a2111o_1)
     2    0.015241    0.218284    0.731197   11.435887 v _8127_/X (sky130_fd_sc_hd__a2111o_1)
                                                         _3376_ (net)
                      0.218285    0.000432   11.436319 v _8170_/A1 (sky130_fd_sc_hd__a21oi_4)
     4    0.015261    0.241290    0.332550   11.768868 ^ _8170_/Y (sky130_fd_sc_hd__a21oi_4)
                                                         _3424_ (net)
                      0.241290    0.000211   11.769080 ^ _8247_/A1 (sky130_fd_sc_hd__a21oi_1)
     2    0.008163    0.170031    0.253324   12.022404 v _8247_/Y (sky130_fd_sc_hd__a21oi_1)
                                                         _3508_ (net)
                      0.170031    0.000085   12.022490 v _8250_/B (sky130_fd_sc_hd__xnor2_1)
     2    0.007777    0.180455    0.307544   12.330033 v _8250_/Y (sky130_fd_sc_hd__xnor2_1)
                                                         _3512_ (net)
                      0.180455    0.000066   12.330099 v _8275_/A2 (sky130_fd_sc_hd__a22oi_1)
     2    0.004693    0.294444    0.377274   12.707374 ^ _8275_/Y (sky130_fd_sc_hd__a22oi_1)
                                                         _3539_ (net)
                      0.294444    0.000026   12.707399 ^ _8276_/C_N (sky130_fd_sc_hd__or3b_4)
     2    0.005057    0.119520    0.815436   13.522835 v _8276_/X (sky130_fd_sc_hd__or3b_4)
                                                         _3540_ (net)
                      0.119520    0.000043   13.522878 v _8296_/B (sky130_fd_sc_hd__or4_1)
     1    0.003537    0.193457    1.201154   14.724031 v _8296_/X (sky130_fd_sc_hd__or4_1)
                                                         _3562_ (net)
                      0.193457    0.000049   14.724080 v _8307_/A3 (sky130_fd_sc_hd__o32a_1)
     1    0.004938    0.138919    0.603556   15.327637 v _8307_/X (sky130_fd_sc_hd__o32a_1)
                                                         _3574_ (net)
                      0.138919    0.000107   15.327744 v _8311_/A1_N (sky130_fd_sc_hd__a2bb2o_1)
     1    0.009025    0.158414    0.601110   15.928853 ^ _8311_/X (sky130_fd_sc_hd__a2bb2o_1)
                                                         net67 (net)
                      0.158415    0.000346   15.929200 ^ output67/A (sky130_fd_sc_hd__buf_4)
     1    0.034491    0.166122    0.322391   16.251591 ^ output67/X (sky130_fd_sc_hd__buf_4)
                                                         pwmA (net)
                      0.166123    0.000439   16.252029 ^ pwmA (out)
                                             16.252029   data arrival time

                                 10.000000   10.000000   clock clk (rise edge)
                                  0.000000   10.000000   clock network delay (propagated)
                                 -0.250000    9.750000   clock uncertainty
                                  0.000000    9.750000   clock reconvergence pessimism
                                 -2.000000    7.750000   output external delay
                                              7.750000   data required time
---------------------------------------------------------------------------------------------
                                              7.750000   data required time
                                            -16.252029   data arrival time
---------------------------------------------------------------------------------------------
                                             -8.502029   slack (VIOLATED)




===========================================================================
 report_check_types -max_slew -max_cap -max_fanout -violators
============================================================================
======================= min_ss_100C_1v60 Corner ===================================

max slew

Pin                                        Limit        Slew       Slack
------------------------------------------------------------------------
_4619_/Y                                0.750000    0.772498   -0.022498 (VIOLATED)
_4621_/A2                               0.750000    0.772498   -0.022498 (VIOLATED)
_4697_/B                                0.750000    0.772498   -0.022498 (VIOLATED)



===========================================================================
report_parasitic_annotation -report_unannotated
============================================================================
Found 0 unannotated drivers.
Found 0 partially unannotated drivers.

===========================================================================
max slew violation count 3
max fanout violation count 0
max cap violation count 0
============================================================================

===========================================================================
check_setup -verbose -unconstrained_endpoints -multiple_clock -no_clock -no_input_delay -loops -generated_clocks
===========================================================================
