
===========================================================================
report_checks -unconstrained
===========================================================================
======================= max_ss_100C_1v60 Corner ===================================

Startpoint: rstb (input port clocked by clk)
Endpoint: _4734_ (recovery check against rising-edge clock clk')
Path Group: asynchronous
Path Type: max

Fanout         Cap        Slew       Delay        Time   Description
---------------------------------------------------------------------------------------------
                                  0.000000    0.000000   clock clk (rise edge)
                                  0.000000    0.000000   clock network delay (propagated)
                                  2.000000    2.000000 ^ input external delay
     1    0.002439    0.029869    0.013929    2.013929 ^ rstb (in)
                                                         rstb (net)
                      0.029869    0.000000    2.013929 ^ input2/A (sky130_fd_sc_hd__buf_2)
     4    0.049167    0.383397    0.400906    2.414834 ^ input2/X (sky130_fd_sc_hd__buf_2)
                                                         net2 (net)
                      0.383505    0.005377    2.420212 ^ fanout174/A (sky130_fd_sc_hd__buf_4)
     9    0.061942    0.281788    0.493877    2.914089 ^ fanout174/X (sky130_fd_sc_hd__buf_4)
                                                         net174 (net)
                      0.281800    0.001505    2.915594 ^ fanout173/A (sky130_fd_sc_hd__buf_4)
    10    0.056568    0.258899    0.436059    3.351653 ^ fanout173/X (sky130_fd_sc_hd__buf_4)
                                                         net173 (net)
                      0.259054    0.005294    3.356947 ^ fanout172/A (sky130_fd_sc_hd__clkbuf_4)
    10    0.051465    0.254470    0.468111    3.825058 ^ fanout172/X (sky130_fd_sc_hd__clkbuf_4)
                                                         net172 (net)
                      0.254613    0.004965    3.830023 ^ fanout171/A (sky130_fd_sc_hd__clkbuf_4)
    10    0.045355    0.227823    0.447592    4.277615 ^ fanout171/X (sky130_fd_sc_hd__clkbuf_4)
                                                         net171 (net)
                      0.227906    0.003572    4.281187 ^ _4734_/RESET_B (sky130_fd_sc_hd__dfrtp_2)
                                              4.281187   data arrival time

                                  5.000000    5.000000   clock clk' (rise edge)
                                  0.000000    5.000000   clock source latency
     1    0.035330    0.153673    0.110620    5.110620 v clk (in)
                                                         clk (net)
                      0.153858    0.000000    5.110620 v clkbuf_0_clk/A (sky130_fd_sc_hd__clkbuf_16)
     8    0.127905    0.157601    0.387750    5.498370 v clkbuf_0_clk/X (sky130_fd_sc_hd__clkbuf_16)
                                                         clknet_0_clk (net)
                      0.159044    0.012125    5.510495 v clkbuf_3_0__f_clk/A (sky130_fd_sc_hd__clkbuf_16)
    13    0.085430    0.116879    0.358843    5.869338 v clkbuf_3_0__f_clk/X (sky130_fd_sc_hd__clkbuf_16)
                                                         clknet_3_0__leaf_clk (net)
                      0.117342    0.005948    5.875286 v _4627__41/A (sky130_fd_sc_hd__inv_2)
     1    0.002302    0.041536    0.080451    5.955737 ^ _4627__41/Y (sky130_fd_sc_hd__inv_2)
                                                         net225 (net)
                      0.041537    0.000155    5.955892 ^ _4734_/CLK (sky130_fd_sc_hd__dfrtp_2)
                                 -0.250000    5.705892   clock uncertainty
                                  0.000000    5.705892   clock reconvergence pessimism
                                  0.367415    6.073306   library recovery time
                                              6.073306   data required time
---------------------------------------------------------------------------------------------
                                              6.073306   data required time
                                             -4.281187   data arrival time
---------------------------------------------------------------------------------------------
                                              1.792119   slack (MET)


Startpoint: _4759_ (rising edge-triggered flip-flop clocked by clk')
Endpoint: _4728_ (rising edge-triggered flip-flop clocked by clk')
Path Group: clk
Path Type: max

Fanout         Cap        Slew       Delay        Time   Description
---------------------------------------------------------------------------------------------
                                  5.000000    5.000000   clock clk' (rise edge)
                                  0.000000    5.000000   clock source latency
     1    0.035330    0.153673    0.110620    5.110620 v clk (in)
                                                         clk (net)
                      0.153858    0.000000    5.110620 v clkbuf_0_clk/A (sky130_fd_sc_hd__clkbuf_16)
     8    0.127905    0.157601    0.387750    5.498370 v clkbuf_0_clk/X (sky130_fd_sc_hd__clkbuf_16)
                                                         clknet_0_clk (net)
                      0.157954    0.006165    5.504535 v clkbuf_3_6__f_clk/A (sky130_fd_sc_hd__clkbuf_16)
    11    0.075815    0.107874    0.351283    5.855819 v clkbuf_3_6__f_clk/X (sky130_fd_sc_hd__clkbuf_16)
                                                         clknet_3_6__leaf_clk (net)
                      0.108323    0.005524    5.861343 v _4652__66/A (sky130_fd_sc_hd__inv_2)
     1    0.001999    0.038099    0.075690    5.937033 ^ _4652__66/Y (sky130_fd_sc_hd__inv_2)
                                                         net250 (net)
                      0.038099    0.000092    5.937125 ^ _4759_/CLK (sky130_fd_sc_hd__dfstp_1)
     3    0.023855    0.352559    1.263673    7.200799 ^ _4759_/Q (sky130_fd_sc_hd__dfstp_1)
                                                         vec[0][8] (net)
                      0.352566    0.001395    7.202193 ^ fanout128/A (sky130_fd_sc_hd__clkbuf_4)
    10    0.063310    0.306571    0.547347    7.749540 ^ fanout128/X (sky130_fd_sc_hd__clkbuf_4)
                                                         net128 (net)
                      0.306583    0.001643    7.751183 ^ fanout126/A (sky130_fd_sc_hd__buf_4)
    10    0.064897    0.291957    0.474599    8.225782 ^ fanout126/X (sky130_fd_sc_hd__buf_4)
                                                         net126 (net)
                      0.292344    0.008740    8.234522 ^ _3312_/A (sky130_fd_sc_hd__xor2_4)
     5    0.037417    0.462059    0.537090    8.771612 ^ _3312_/X (sky130_fd_sc_hd__xor2_4)
                                                         _0499_ (net)
                      0.462098    0.003411    8.775023 ^ _3462_/A_N (sky130_fd_sc_hd__and2b_1)
     2    0.005047    0.084474    0.513636    9.288659 v _3462_/X (sky130_fd_sc_hd__and2b_1)
                                                         _0649_ (net)
                      0.084477    0.000350    9.289009 v _3463_/B1 (sky130_fd_sc_hd__o22a_1)
     2    0.004161    0.099410    0.365707    9.654716 v _3463_/X (sky130_fd_sc_hd__o22a_1)
                                                         _0650_ (net)
                      0.099410    0.000153    9.654868 v _3468_/A_N (sky130_fd_sc_hd__and2b_1)
     3    0.012866    0.203219    0.484363   10.139231 ^ _3468_/X (sky130_fd_sc_hd__and2b_1)
                                                         _0655_ (net)
                      0.203223    0.000782   10.140014 ^ _3470_/A (sky130_fd_sc_hd__nor2_1)
     2    0.007304    0.091059    0.168570   10.308583 v _3470_/Y (sky130_fd_sc_hd__nor2_1)
                                                         _0657_ (net)
                      0.091060    0.000298   10.308881 v _3489_/B (sky130_fd_sc_hd__and2b_1)
     2    0.007013    0.099623    0.363299   10.672180 v _3489_/X (sky130_fd_sc_hd__and2b_1)
                                                         _0676_ (net)
                      0.099624    0.000216   10.672396 v _3491_/C (sky130_fd_sc_hd__or3_1)
     1    0.003133    0.138330    0.727972   11.400368 v _3491_/X (sky130_fd_sc_hd__or3_1)
                                                         _0678_ (net)
                      0.138330    0.000177   11.400545 v _3492_/B (sky130_fd_sc_hd__and2_1)
     2    0.007648    0.106431    0.389037   11.789582 v _3492_/X (sky130_fd_sc_hd__and2_1)
                                                         _0679_ (net)
                      0.106432    0.000298   11.789881 v _3503_/B (sky130_fd_sc_hd__xnor2_1)
     2    0.008585    0.372658    0.371908   12.161788 ^ _3503_/Y (sky130_fd_sc_hd__xnor2_1)
                                                         _0690_ (net)
                      0.372660    0.000566   12.162354 ^ _3544_/A (sky130_fd_sc_hd__xnor2_1)
     2    0.008217    0.360635    0.361201   12.523555 ^ _3544_/Y (sky130_fd_sc_hd__xnor2_1)
                                                         _0731_ (net)
                      0.360636    0.000544   12.524098 ^ _3585_/B (sky130_fd_sc_hd__xor2_1)
     3    0.010075    0.392094    0.499362   13.023461 ^ _3585_/X (sky130_fd_sc_hd__xor2_1)
                                                         _0772_ (net)
                      0.392097    0.000862   13.024323 ^ _3734_/B (sky130_fd_sc_hd__nand4b_2)
     4    0.013652    0.314344    0.432895   13.457218 v _3734_/Y (sky130_fd_sc_hd__nand4b_2)
                                                         _0921_ (net)
                      0.314348    0.000854   13.458073 v _3735_/C (sky130_fd_sc_hd__nand3b_1)
     2    0.006758    0.173637    0.285090   13.743162 ^ _3735_/Y (sky130_fd_sc_hd__nand3b_1)
                                                         _0922_ (net)
                      0.173641    0.000639   13.743802 ^ _3737_/A4 (sky130_fd_sc_hd__a41o_2)
     4    0.025810    0.235065    0.627955   14.371757 ^ _3737_/X (sky130_fd_sc_hd__a41o_2)
                                                         _0924_ (net)
                      0.235124    0.003034   14.374790 ^ _3742_/A (sky130_fd_sc_hd__and3_1)
     2    0.017392    0.283638    0.507284   14.882074 ^ _3742_/X (sky130_fd_sc_hd__and3_1)
                                                         _0929_ (net)
                      0.283657    0.001967   14.884042 ^ _3745_/A2 (sky130_fd_sc_hd__o2111a_1)
     2    0.009935    0.188046    0.514858   15.398900 ^ _3745_/X (sky130_fd_sc_hd__o2111a_1)
                                                         _0932_ (net)
                      0.188051    0.000888   15.399789 ^ _3750_/A2 (sky130_fd_sc_hd__o21a_1)
     3    0.009626    0.166366    0.321858   15.721646 ^ _3750_/X (sky130_fd_sc_hd__o21a_1)
                                                         _0937_ (net)
                      0.166371    0.000735   15.722382 ^ _3752_/A2_N (sky130_fd_sc_hd__o2bb2a_1)
     3    0.011803    0.189012    0.567717   16.290098 v _3752_/X (sky130_fd_sc_hd__o2bb2a_1)
                                                         _0939_ (net)
                      0.189015    0.000581   16.290680 v _3753_/C (sky130_fd_sc_hd__or3_1)
     1    0.003129    0.138482    0.758966   17.049646 v _3753_/X (sky130_fd_sc_hd__or3_1)
                                                         _0940_ (net)
                      0.138482    0.000210   17.049856 v _3760_/A2 (sky130_fd_sc_hd__a32o_1)
     1    0.003009    0.072887    0.465450   17.515305 v _3760_/X (sky130_fd_sc_hd__a32o_1)
                                                         _0141_ (net)
                      0.072888    0.000192   17.515497 v _4728_/D (sky130_fd_sc_hd__dfrtp_1)
                                             17.515497   data arrival time

                                 15.000000   15.000000   clock clk' (rise edge)
                                  0.000000   15.000000   clock source latency
     1    0.035330    0.153673    0.110621   15.110620 v clk (in)
                                                         clk (net)
                      0.153858    0.000000   15.110620 v clkbuf_0_clk/A (sky130_fd_sc_hd__clkbuf_16)
     8    0.127905    0.157601    0.387750   15.498371 v clkbuf_0_clk/X (sky130_fd_sc_hd__clkbuf_16)
                                                         clknet_0_clk (net)
                      0.158119    0.007413   15.505784 v clkbuf_3_5__f_clk/A (sky130_fd_sc_hd__clkbuf_16)
    17    0.102563    0.133336    0.370331   15.876115 v clkbuf_3_5__f_clk/X (sky130_fd_sc_hd__clkbuf_16)
                                                         clknet_3_5__leaf_clk (net)
                      0.133780    0.006228   15.882343 v _4621__35/A (sky130_fd_sc_hd__inv_2)
     1    0.002464    0.045705    0.086890   15.969234 ^ _4621__35/Y (sky130_fd_sc_hd__inv_2)
                                                         net219 (net)
                      0.045705    0.000169   15.969402 ^ _4728_/CLK (sky130_fd_sc_hd__dfrtp_1)
                                 -0.250000   15.719403   clock uncertainty
                                  0.000000   15.719403   clock reconvergence pessimism
                                 -0.284244   15.435160   library setup time
                                             15.435160   data required time
---------------------------------------------------------------------------------------------
                                             15.435160   data required time
                                            -17.515497   data arrival time
---------------------------------------------------------------------------------------------
                                             -2.080338   slack (VIOLATED)




===========================================================================
report_checks --slack_max -0.01
============================================================================
======================= max_ss_100C_1v60 Corner ===================================

Startpoint: _4759_ (rising edge-triggered flip-flop clocked by clk')
Endpoint: _4728_ (rising edge-triggered flip-flop clocked by clk')
Path Group: clk
Path Type: max

Fanout         Cap        Slew       Delay        Time   Description
---------------------------------------------------------------------------------------------
                                  5.000000    5.000000   clock clk' (rise edge)
                                  0.000000    5.000000   clock source latency
     1    0.035330    0.153673    0.110620    5.110620 v clk (in)
                                                         clk (net)
                      0.153858    0.000000    5.110620 v clkbuf_0_clk/A (sky130_fd_sc_hd__clkbuf_16)
     8    0.127905    0.157601    0.387750    5.498370 v clkbuf_0_clk/X (sky130_fd_sc_hd__clkbuf_16)
                                                         clknet_0_clk (net)
                      0.157954    0.006165    5.504535 v clkbuf_3_6__f_clk/A (sky130_fd_sc_hd__clkbuf_16)
    11    0.075815    0.107874    0.351283    5.855819 v clkbuf_3_6__f_clk/X (sky130_fd_sc_hd__clkbuf_16)
                                                         clknet_3_6__leaf_clk (net)
                      0.108323    0.005524    5.861343 v _4652__66/A (sky130_fd_sc_hd__inv_2)
     1    0.001999    0.038099    0.075690    5.937033 ^ _4652__66/Y (sky130_fd_sc_hd__inv_2)
                                                         net250 (net)
                      0.038099    0.000092    5.937125 ^ _4759_/CLK (sky130_fd_sc_hd__dfstp_1)
     3    0.023855    0.352559    1.263673    7.200799 ^ _4759_/Q (sky130_fd_sc_hd__dfstp_1)
                                                         vec[0][8] (net)
                      0.352566    0.001395    7.202193 ^ fanout128/A (sky130_fd_sc_hd__clkbuf_4)
    10    0.063310    0.306571    0.547347    7.749540 ^ fanout128/X (sky130_fd_sc_hd__clkbuf_4)
                                                         net128 (net)
                      0.306583    0.001643    7.751183 ^ fanout126/A (sky130_fd_sc_hd__buf_4)
    10    0.064897    0.291957    0.474599    8.225782 ^ fanout126/X (sky130_fd_sc_hd__buf_4)
                                                         net126 (net)
                      0.292344    0.008740    8.234522 ^ _3312_/A (sky130_fd_sc_hd__xor2_4)
     5    0.037417    0.462059    0.537090    8.771612 ^ _3312_/X (sky130_fd_sc_hd__xor2_4)
                                                         _0499_ (net)
                      0.462098    0.003411    8.775023 ^ _3462_/A_N (sky130_fd_sc_hd__and2b_1)
     2    0.005047    0.084474    0.513636    9.288659 v _3462_/X (sky130_fd_sc_hd__and2b_1)
                                                         _0649_ (net)
                      0.084477    0.000350    9.289009 v _3463_/B1 (sky130_fd_sc_hd__o22a_1)
     2    0.004161    0.099410    0.365707    9.654716 v _3463_/X (sky130_fd_sc_hd__o22a_1)
                                                         _0650_ (net)
                      0.099410    0.000153    9.654868 v _3468_/A_N (sky130_fd_sc_hd__and2b_1)
     3    0.012866    0.203219    0.484363   10.139231 ^ _3468_/X (sky130_fd_sc_hd__and2b_1)
                                                         _0655_ (net)
                      0.203223    0.000782   10.140014 ^ _3470_/A (sky130_fd_sc_hd__nor2_1)
     2    0.007304    0.091059    0.168570   10.308583 v _3470_/Y (sky130_fd_sc_hd__nor2_1)
                                                         _0657_ (net)
                      0.091060    0.000298   10.308881 v _3489_/B (sky130_fd_sc_hd__and2b_1)
     2    0.007013    0.099623    0.363299   10.672180 v _3489_/X (sky130_fd_sc_hd__and2b_1)
                                                         _0676_ (net)
                      0.099624    0.000216   10.672396 v _3491_/C (sky130_fd_sc_hd__or3_1)
     1    0.003133    0.138330    0.727972   11.400368 v _3491_/X (sky130_fd_sc_hd__or3_1)
                                                         _0678_ (net)
                      0.138330    0.000177   11.400545 v _3492_/B (sky130_fd_sc_hd__and2_1)
     2    0.007648    0.106431    0.389037   11.789582 v _3492_/X (sky130_fd_sc_hd__and2_1)
                                                         _0679_ (net)
                      0.106432    0.000298   11.789881 v _3503_/B (sky130_fd_sc_hd__xnor2_1)
     2    0.008585    0.372658    0.371908   12.161788 ^ _3503_/Y (sky130_fd_sc_hd__xnor2_1)
                                                         _0690_ (net)
                      0.372660    0.000566   12.162354 ^ _3544_/A (sky130_fd_sc_hd__xnor2_1)
     2    0.008217    0.360635    0.361201   12.523555 ^ _3544_/Y (sky130_fd_sc_hd__xnor2_1)
                                                         _0731_ (net)
                      0.360636    0.000544   12.524098 ^ _3585_/B (sky130_fd_sc_hd__xor2_1)
     3    0.010075    0.392094    0.499362   13.023461 ^ _3585_/X (sky130_fd_sc_hd__xor2_1)
                                                         _0772_ (net)
                      0.392097    0.000862   13.024323 ^ _3734_/B (sky130_fd_sc_hd__nand4b_2)
     4    0.013652    0.314344    0.432895   13.457218 v _3734_/Y (sky130_fd_sc_hd__nand4b_2)
                                                         _0921_ (net)
                      0.314348    0.000854   13.458073 v _3735_/C (sky130_fd_sc_hd__nand3b_1)
     2    0.006758    0.173637    0.285090   13.743162 ^ _3735_/Y (sky130_fd_sc_hd__nand3b_1)
                                                         _0922_ (net)
                      0.173641    0.000639   13.743802 ^ _3737_/A4 (sky130_fd_sc_hd__a41o_2)
     4    0.025810    0.235065    0.627955   14.371757 ^ _3737_/X (sky130_fd_sc_hd__a41o_2)
                                                         _0924_ (net)
                      0.235124    0.003034   14.374790 ^ _3742_/A (sky130_fd_sc_hd__and3_1)
     2    0.017392    0.283638    0.507284   14.882074 ^ _3742_/X (sky130_fd_sc_hd__and3_1)
                                                         _0929_ (net)
                      0.283657    0.001967   14.884042 ^ _3745_/A2 (sky130_fd_sc_hd__o2111a_1)
     2    0.009935    0.188046    0.514858   15.398900 ^ _3745_/X (sky130_fd_sc_hd__o2111a_1)
                                                         _0932_ (net)
                      0.188051    0.000888   15.399789 ^ _3750_/A2 (sky130_fd_sc_hd__o21a_1)
     3    0.009626    0.166366    0.321858   15.721646 ^ _3750_/X (sky130_fd_sc_hd__o21a_1)
                                                         _0937_ (net)
                      0.166371    0.000735   15.722382 ^ _3752_/A2_N (sky130_fd_sc_hd__o2bb2a_1)
     3    0.011803    0.189012    0.567717   16.290098 v _3752_/X (sky130_fd_sc_hd__o2bb2a_1)
                                                         _0939_ (net)
                      0.189015    0.000581   16.290680 v _3753_/C (sky130_fd_sc_hd__or3_1)
     1    0.003129    0.138482    0.758966   17.049646 v _3753_/X (sky130_fd_sc_hd__or3_1)
                                                         _0940_ (net)
                      0.138482    0.000210   17.049856 v _3760_/A2 (sky130_fd_sc_hd__a32o_1)
     1    0.003009    0.072887    0.465450   17.515305 v _3760_/X (sky130_fd_sc_hd__a32o_1)
                                                         _0141_ (net)
                      0.072888    0.000192   17.515497 v _4728_/D (sky130_fd_sc_hd__dfrtp_1)
                                             17.515497   data arrival time

                                 15.000000   15.000000   clock clk' (rise edge)
                                  0.000000   15.000000   clock source latency
     1    0.035330    0.153673    0.110621   15.110620 v clk (in)
                                                         clk (net)
                      0.153858    0.000000   15.110620 v clkbuf_0_clk/A (sky130_fd_sc_hd__clkbuf_16)
     8    0.127905    0.157601    0.387750   15.498371 v clkbuf_0_clk/X (sky130_fd_sc_hd__clkbuf_16)
                                                         clknet_0_clk (net)
                      0.158119    0.007413   15.505784 v clkbuf_3_5__f_clk/A (sky130_fd_sc_hd__clkbuf_16)
    17    0.102563    0.133336    0.370331   15.876115 v clkbuf_3_5__f_clk/X (sky130_fd_sc_hd__clkbuf_16)
                                                         clknet_3_5__leaf_clk (net)
                      0.133780    0.006228   15.882343 v _4621__35/A (sky130_fd_sc_hd__inv_2)
     1    0.002464    0.045705    0.086890   15.969234 ^ _4621__35/Y (sky130_fd_sc_hd__inv_2)
                                                         net219 (net)
                      0.045705    0.000169   15.969402 ^ _4728_/CLK (sky130_fd_sc_hd__dfrtp_1)
                                 -0.250000   15.719403   clock uncertainty
                                  0.000000   15.719403   clock reconvergence pessimism
                                 -0.284244   15.435160   library setup time
                                             15.435160   data required time
---------------------------------------------------------------------------------------------
                                             15.435160   data required time
                                            -17.515497   data arrival time
---------------------------------------------------------------------------------------------
                                             -2.080338   slack (VIOLATED)




===========================================================================
 report_check_types -max_slew -max_cap -max_fanout -violators
============================================================================
======================= max_ss_100C_1v60 Corner ===================================

max fanout

Pin                                   Limit Fanout  Slack
---------------------------------------------------------
clkbuf_3_1__f_clk/X                      10     18     -8 (VIOLATED)
clkbuf_3_5__f_clk/X                      10     17     -7 (VIOLATED)
clkbuf_3_4__f_clk/X                      10     16     -6 (VIOLATED)
clkbuf_3_0__f_clk/X                      10     13     -3 (VIOLATED)
clkbuf_3_7__f_clk/X                      10     12     -2 (VIOLATED)
clkbuf_3_6__f_clk/X                      10     11        (VIOLATED)



===========================================================================
report_parasitic_annotation -report_unannotated
============================================================================
Found 0 unannotated drivers.
Found 0 partially unannotated drivers.

===========================================================================
max slew violation count 0
max fanout violation count 6
max cap violation count 0
============================================================================

===========================================================================
check_setup -verbose -unconstrained_endpoints -multiple_clock -no_clock -no_input_delay -loops -generated_clocks
===========================================================================
