
===========================================================================
 report_power
============================================================================
======================= max_ss_100C_1v60 Corner ===================================

Group                    Internal    Switching      Leakage        Total
                            Power        Power        Power        Power (Watts)
------------------------------------------------------------------------
Sequential           5.494446e-04 1.198863e-04 2.055844e-06 6.713868e-04   3.2%
Combinational        9.427696e-03 1.112156e-02 1.233738e-05 2.056159e-02  96.8%
Macro                0.000000e+00 0.000000e+00 0.000000e+00 0.000000e+00   0.0%
Pad                  0.000000e+00 0.000000e+00 0.000000e+00 0.000000e+00   0.0%
------------------------------------------------------------------------
Total                9.977140e-03 1.124145e-02 1.439326e-05 2.123298e-02 100.0%
                            47.0%        52.9%         0.1%

