
===========================================================================
report_checks -unconstrained
===========================================================================
======================= nom_ss_100C_1v60 Corner ===================================

Startpoint: rstb (input port clocked by clk)
Endpoint: _4734_ (recovery check against rising-edge clock clk')
Path Group: asynchronous
Path Type: max

Fanout         Cap        Slew       Delay        Time   Description
---------------------------------------------------------------------------------------------
                                  0.000000    0.000000   clock clk (rise edge)
                                  0.000000    0.000000   clock network delay (propagated)
                                  2.000000    2.000000 ^ input external delay
     1    0.002402    0.029626    0.013693    2.013693 ^ rstb (in)
                                                         rstb (net)
                      0.029626    0.000000    2.013693 ^ input2/A (sky130_fd_sc_hd__buf_2)
     4    0.046122    0.360484    0.385984    2.399677 ^ input2/X (sky130_fd_sc_hd__buf_2)
                                                         net2 (net)
                      0.360531    0.003457    2.403134 ^ fanout174/A (sky130_fd_sc_hd__buf_4)
     9    0.059746    0.271058    0.480796    2.883929 ^ fanout174/X (sky130_fd_sc_hd__buf_4)
                                                         net174 (net)
                      0.271060    0.000594    2.884524 ^ fanout173/A (sky130_fd_sc_hd__buf_4)
    10    0.054542    0.249009    0.429049    3.313572 ^ fanout173/X (sky130_fd_sc_hd__buf_4)
                                                         net173 (net)
                      0.249034    0.002055    3.315628 ^ fanout172/A (sky130_fd_sc_hd__clkbuf_4)
    10    0.049613    0.246921    0.459511    3.775139 ^ fanout172/X (sky130_fd_sc_hd__clkbuf_4)
                                                         net172 (net)
                      0.246944    0.001972    3.777110 ^ fanout171/A (sky130_fd_sc_hd__clkbuf_4)
    10    0.044312    0.223574    0.441735    4.218845 ^ fanout171/X (sky130_fd_sc_hd__clkbuf_4)
                                                         net171 (net)
                      0.223598    0.001945    4.220790 ^ _4734_/RESET_B (sky130_fd_sc_hd__dfrtp_2)
                                              4.220790   data arrival time

                                  5.000000    5.000000   clock clk' (rise edge)
                                  0.000000    5.000000   clock source latency
     1    0.032947    0.144175    0.102535    5.102535 v clk (in)
                                                         clk (net)
                      0.144263    0.000000    5.102535 v clkbuf_0_clk/A (sky130_fd_sc_hd__clkbuf_16)
     8    0.121995    0.150544    0.380966    5.483501 v clkbuf_0_clk/X (sky130_fd_sc_hd__clkbuf_16)
                                                         clknet_0_clk (net)
                      0.151010    0.006792    5.490293 v clkbuf_3_0__f_clk/A (sky130_fd_sc_hd__clkbuf_16)
    13    0.082679    0.113652    0.354203    5.844496 v clkbuf_3_0__f_clk/X (sky130_fd_sc_hd__clkbuf_16)
                                                         clknet_3_0__leaf_clk (net)
                      0.113783    0.003102    5.847599 v _4627__41/A (sky130_fd_sc_hd__inv_2)
     1    0.002265    0.040619    0.079083    5.926682 ^ _4627__41/Y (sky130_fd_sc_hd__inv_2)
                                                         net225 (net)
                      0.040619    0.000064    5.926746 ^ _4734_/CLK (sky130_fd_sc_hd__dfrtp_2)
                                 -0.250000    5.676746   clock uncertainty
                                  0.000000    5.676746   clock reconvergence pessimism
                                  0.368949    6.045695   library recovery time
                                              6.045695   data required time
---------------------------------------------------------------------------------------------
                                              6.045695   data required time
                                             -4.220790   data arrival time
---------------------------------------------------------------------------------------------
                                              1.824905   slack (MET)


Startpoint: _4794_ (rising edge-triggered flip-flop clocked by clk')
Endpoint: _4712_ (rising edge-triggered flip-flop clocked by clk')
Path Group: clk
Path Type: max

Fanout         Cap        Slew       Delay        Time   Description
---------------------------------------------------------------------------------------------
                                  5.000000    5.000000   clock clk' (rise edge)
                                  0.000000    5.000000   clock source latency
     1    0.032947    0.144175    0.102535    5.102535 v clk (in)
                                                         clk (net)
                      0.144263    0.000000    5.102535 v clkbuf_0_clk/A (sky130_fd_sc_hd__clkbuf_16)
     8    0.121995    0.150544    0.380966    5.483501 v clkbuf_0_clk/X (sky130_fd_sc_hd__clkbuf_16)
                                                         clknet_0_clk (net)
                      0.151010    0.006792    5.490293 v clkbuf_3_0__f_clk/A (sky130_fd_sc_hd__clkbuf_16)
    13    0.082679    0.113652    0.354203    5.844496 v clkbuf_3_0__f_clk/X (sky130_fd_sc_hd__clkbuf_16)
                                                         clknet_3_0__leaf_clk (net)
                      0.113722    0.002283    5.846779 v _4687__101/A (sky130_fd_sc_hd__inv_2)
     1    0.002267    0.040622    0.079080    5.925859 ^ _4687__101/Y (sky130_fd_sc_hd__inv_2)
                                                         net285 (net)
                      0.040622    0.000065    5.925924 ^ _4794_/CLK (sky130_fd_sc_hd__dfrtp_1)
     1    0.004971    0.095300    0.743110    6.669034 v _4794_/Q (sky130_fd_sc_hd__dfrtp_1)
                                                         vec[1][10] (net)
                      0.095300    0.000148    6.669182 v fanout72/A (sky130_fd_sc_hd__buf_6)
     8    0.040121    0.083484    0.265363    6.934545 v fanout72/X (sky130_fd_sc_hd__buf_6)
                                                         net72 (net)
                      0.083488    0.000438    6.934983 v fanout71/A (sky130_fd_sc_hd__buf_6)
     6    0.037533    0.080133    0.256904    7.191887 v fanout71/X (sky130_fd_sc_hd__buf_6)
                                                         net71 (net)
                      0.080143    0.000685    7.192572 v fanout70/A (sky130_fd_sc_hd__buf_12)
     5    0.054153    0.073260    0.260860    7.453432 v fanout70/X (sky130_fd_sc_hd__buf_12)
                                                         net70 (net)
                      0.073295    0.001037    7.454469 v _3924_/B (sky130_fd_sc_hd__xor2_4)
     5    0.039337    0.480296    0.461212    7.915681 ^ _3924_/X (sky130_fd_sc_hd__xor2_4)
                                                         _1095_ (net)
                      0.480297    0.000730    7.916411 ^ _3954_/A (sky130_fd_sc_hd__xnor2_4)
     3    0.033840    0.448289    0.424580    8.340991 ^ _3954_/Y (sky130_fd_sc_hd__xnor2_4)
                                                         _1125_ (net)
                      0.448299    0.001727    8.342718 ^ _4232_/A (sky130_fd_sc_hd__xor2_4)
     2    0.020710    0.302437    0.455924    8.798642 ^ _4232_/X (sky130_fd_sc_hd__xor2_4)
                                                         _1403_ (net)
                      0.302437    0.000189    8.798831 ^ _4239_/A_N (sky130_fd_sc_hd__and2b_1)
     1    0.008658    0.112994    0.494829    9.293660 v _4239_/X (sky130_fd_sc_hd__and2b_1)
                                                         _1410_ (net)
                      0.112996    0.000352    9.294012 v _4240_/B1 (sky130_fd_sc_hd__a21oi_2)
     2    0.013782    0.309590    0.315375    9.609387 ^ _4240_/Y (sky130_fd_sc_hd__a21oi_2)
                                                         _1411_ (net)
                      0.309591    0.000488    9.609876 ^ _4241_/B (sky130_fd_sc_hd__xnor2_2)
     2    0.013829    0.342628    0.333389    9.943265 ^ _4241_/Y (sky130_fd_sc_hd__xnor2_2)
                                                         _1412_ (net)
                      0.342628    0.000230    9.943495 ^ _4264_/B (sky130_fd_sc_hd__xor2_2)
     2    0.011944    0.288596    0.408830   10.352325 ^ _4264_/X (sky130_fd_sc_hd__xor2_2)
                                                         _1435_ (net)
                      0.288596    0.000349   10.352674 ^ _4281_/A (sky130_fd_sc_hd__xnor2_2)
     2    0.014400    0.352753    0.338085   10.690760 ^ _4281_/Y (sky130_fd_sc_hd__xnor2_2)
                                                         _1452_ (net)
                      0.352753    0.000308   10.691068 ^ _4286_/B (sky130_fd_sc_hd__xnor2_2)
     2    0.006868    0.222595    0.305818   10.996885 ^ _4286_/Y (sky130_fd_sc_hd__xnor2_2)
                                                         _1457_ (net)
                      0.222595    0.000094   10.996980 ^ _4314_/A_N (sky130_fd_sc_hd__and2b_1)
     3    0.011039    0.132817    0.489961   11.486940 v _4314_/X (sky130_fd_sc_hd__and2b_1)
                                                         _1485_ (net)
                      0.132818    0.000254   11.487195 v _4317_/B1 (sky130_fd_sc_hd__a2bb2o_4)
     1    0.004124    0.056315    0.410576   11.897771 v _4317_/X (sky130_fd_sc_hd__a2bb2o_4)
                                                         _1488_ (net)
                      0.056315    0.000103   11.897874 v _4318_/C1 (sky130_fd_sc_hd__a211o_1)
     2    0.006266    0.116493    0.463763   12.361637 v _4318_/X (sky130_fd_sc_hd__a211o_1)
                                                         _1489_ (net)
                      0.116493    0.000145   12.361782 v _4426_/A1 (sky130_fd_sc_hd__o32a_1)
     2    0.006615    0.154439    0.701291   13.063073 v _4426_/X (sky130_fd_sc_hd__o32a_1)
                                                         _1597_ (net)
                      0.154439    0.000197   13.063270 v _4429_/A2 (sky130_fd_sc_hd__a2111o_1)
     1    0.006320    0.141951    0.852440   13.915709 v _4429_/X (sky130_fd_sc_hd__a2111o_1)
                                                         _1600_ (net)
                      0.141951    0.000219   13.915929 v _4483_/A3 (sky130_fd_sc_hd__a31o_4)
     4    0.041956    0.142076    0.552034   14.467963 v _4483_/X (sky130_fd_sc_hd__a31o_4)
                                                         _1654_ (net)
                      0.142356    0.005148   14.473111 v _4507_/A1 (sky130_fd_sc_hd__a2111o_1)
     3    0.010239    0.180114    0.823409   15.296520 v _4507_/X (sky130_fd_sc_hd__a2111o_1)
                                                         _1678_ (net)
                      0.180115    0.000291   15.296811 v _4521_/A2 (sky130_fd_sc_hd__a211o_1)
     2    0.014194    0.179366    0.696602   15.993413 v _4521_/X (sky130_fd_sc_hd__a211o_1)
                                                         _1692_ (net)
                      0.179371    0.000734   15.994147 v _4525_/A1 (sky130_fd_sc_hd__a21o_1)
     2    0.013654    0.142301    0.417469   16.411615 v _4525_/X (sky130_fd_sc_hd__a21o_1)
                                                         _1696_ (net)
                      0.142302    0.000380   16.411995 v _4526_/S (sky130_fd_sc_hd__mux2_4)
     1    0.008697    0.096565    0.590324   17.002319 v _4526_/X (sky130_fd_sc_hd__mux2_4)
                                                         _1697_ (net)
                      0.096566    0.000481   17.002802 v _4527_/B1 (sky130_fd_sc_hd__a22o_1)
     1    0.002495    0.068124    0.331040   17.333841 v _4527_/X (sky130_fd_sc_hd__a22o_1)
                                                         _0125_ (net)
                      0.068125    0.000075   17.333916 v _4712_/D (sky130_fd_sc_hd__dfrtp_1)
                                             17.333916   data arrival time

                                 15.000000   15.000000   clock clk' (rise edge)
                                  0.000000   15.000000   clock source latency
     1    0.032947    0.144175    0.102537   15.102536 v clk (in)
                                                         clk (net)
                      0.144263    0.000000   15.102536 v clkbuf_0_clk/A (sky130_fd_sc_hd__clkbuf_16)
     8    0.121995    0.150544    0.380965   15.483501 v clkbuf_0_clk/X (sky130_fd_sc_hd__clkbuf_16)
                                                         clknet_0_clk (net)
                      0.151010    0.006793   15.490294 v clkbuf_3_0__f_clk/A (sky130_fd_sc_hd__clkbuf_16)
    13    0.082679    0.113652    0.354202   15.844496 v clkbuf_3_0__f_clk/X (sky130_fd_sc_hd__clkbuf_16)
                                                         clknet_3_0__leaf_clk (net)
                      0.113768    0.002926   15.847422 v _4605__19/A (sky130_fd_sc_hd__inv_2)
     1    0.002633    0.042585    0.081373   15.928795 ^ _4605__19/Y (sky130_fd_sc_hd__inv_2)
                                                         net203 (net)
                      0.042585    0.000082   15.928877 ^ _4712_/CLK (sky130_fd_sc_hd__dfrtp_1)
                                 -0.250000   15.678876   clock uncertainty
                                  0.000000   15.678876   clock reconvergence pessimism
                                 -0.283088   15.395788   library setup time
                                             15.395788   data required time
---------------------------------------------------------------------------------------------
                                             15.395788   data required time
                                            -17.333916   data arrival time
---------------------------------------------------------------------------------------------
                                             -1.938128   slack (VIOLATED)




===========================================================================
report_checks --slack_max -0.01
============================================================================
======================= nom_ss_100C_1v60 Corner ===================================

Startpoint: _4794_ (rising edge-triggered flip-flop clocked by clk')
Endpoint: _4712_ (rising edge-triggered flip-flop clocked by clk')
Path Group: clk
Path Type: max

Fanout         Cap        Slew       Delay        Time   Description
---------------------------------------------------------------------------------------------
                                  5.000000    5.000000   clock clk' (rise edge)
                                  0.000000    5.000000   clock source latency
     1    0.032947    0.144175    0.102535    5.102535 v clk (in)
                                                         clk (net)
                      0.144263    0.000000    5.102535 v clkbuf_0_clk/A (sky130_fd_sc_hd__clkbuf_16)
     8    0.121995    0.150544    0.380966    5.483501 v clkbuf_0_clk/X (sky130_fd_sc_hd__clkbuf_16)
                                                         clknet_0_clk (net)
                      0.151010    0.006792    5.490293 v clkbuf_3_0__f_clk/A (sky130_fd_sc_hd__clkbuf_16)
    13    0.082679    0.113652    0.354203    5.844496 v clkbuf_3_0__f_clk/X (sky130_fd_sc_hd__clkbuf_16)
                                                         clknet_3_0__leaf_clk (net)
                      0.113722    0.002283    5.846779 v _4687__101/A (sky130_fd_sc_hd__inv_2)
     1    0.002267    0.040622    0.079080    5.925859 ^ _4687__101/Y (sky130_fd_sc_hd__inv_2)
                                                         net285 (net)
                      0.040622    0.000065    5.925924 ^ _4794_/CLK (sky130_fd_sc_hd__dfrtp_1)
     1    0.004971    0.095300    0.743110    6.669034 v _4794_/Q (sky130_fd_sc_hd__dfrtp_1)
                                                         vec[1][10] (net)
                      0.095300    0.000148    6.669182 v fanout72/A (sky130_fd_sc_hd__buf_6)
     8    0.040121    0.083484    0.265363    6.934545 v fanout72/X (sky130_fd_sc_hd__buf_6)
                                                         net72 (net)
                      0.083488    0.000438    6.934983 v fanout71/A (sky130_fd_sc_hd__buf_6)
     6    0.037533    0.080133    0.256904    7.191887 v fanout71/X (sky130_fd_sc_hd__buf_6)
                                                         net71 (net)
                      0.080143    0.000685    7.192572 v fanout70/A (sky130_fd_sc_hd__buf_12)
     5    0.054153    0.073260    0.260860    7.453432 v fanout70/X (sky130_fd_sc_hd__buf_12)
                                                         net70 (net)
                      0.073295    0.001037    7.454469 v _3924_/B (sky130_fd_sc_hd__xor2_4)
     5    0.039337    0.480296    0.461212    7.915681 ^ _3924_/X (sky130_fd_sc_hd__xor2_4)
                                                         _1095_ (net)
                      0.480297    0.000730    7.916411 ^ _3954_/A (sky130_fd_sc_hd__xnor2_4)
     3    0.033840    0.448289    0.424580    8.340991 ^ _3954_/Y (sky130_fd_sc_hd__xnor2_4)
                                                         _1125_ (net)
                      0.448299    0.001727    8.342718 ^ _4232_/A (sky130_fd_sc_hd__xor2_4)
     2    0.020710    0.302437    0.455924    8.798642 ^ _4232_/X (sky130_fd_sc_hd__xor2_4)
                                                         _1403_ (net)
                      0.302437    0.000189    8.798831 ^ _4239_/A_N (sky130_fd_sc_hd__and2b_1)
     1    0.008658    0.112994    0.494829    9.293660 v _4239_/X (sky130_fd_sc_hd__and2b_1)
                                                         _1410_ (net)
                      0.112996    0.000352    9.294012 v _4240_/B1 (sky130_fd_sc_hd__a21oi_2)
     2    0.013782    0.309590    0.315375    9.609387 ^ _4240_/Y (sky130_fd_sc_hd__a21oi_2)
                                                         _1411_ (net)
                      0.309591    0.000488    9.609876 ^ _4241_/B (sky130_fd_sc_hd__xnor2_2)
     2    0.013829    0.342628    0.333389    9.943265 ^ _4241_/Y (sky130_fd_sc_hd__xnor2_2)
                                                         _1412_ (net)
                      0.342628    0.000230    9.943495 ^ _4264_/B (sky130_fd_sc_hd__xor2_2)
     2    0.011944    0.288596    0.408830   10.352325 ^ _4264_/X (sky130_fd_sc_hd__xor2_2)
                                                         _1435_ (net)
                      0.288596    0.000349   10.352674 ^ _4281_/A (sky130_fd_sc_hd__xnor2_2)
     2    0.014400    0.352753    0.338085   10.690760 ^ _4281_/Y (sky130_fd_sc_hd__xnor2_2)
                                                         _1452_ (net)
                      0.352753    0.000308   10.691068 ^ _4286_/B (sky130_fd_sc_hd__xnor2_2)
     2    0.006868    0.222595    0.305818   10.996885 ^ _4286_/Y (sky130_fd_sc_hd__xnor2_2)
                                                         _1457_ (net)
                      0.222595    0.000094   10.996980 ^ _4314_/A_N (sky130_fd_sc_hd__and2b_1)
     3    0.011039    0.132817    0.489961   11.486940 v _4314_/X (sky130_fd_sc_hd__and2b_1)
                                                         _1485_ (net)
                      0.132818    0.000254   11.487195 v _4317_/B1 (sky130_fd_sc_hd__a2bb2o_4)
     1    0.004124    0.056315    0.410576   11.897771 v _4317_/X (sky130_fd_sc_hd__a2bb2o_4)
                                                         _1488_ (net)
                      0.056315    0.000103   11.897874 v _4318_/C1 (sky130_fd_sc_hd__a211o_1)
     2    0.006266    0.116493    0.463763   12.361637 v _4318_/X (sky130_fd_sc_hd__a211o_1)
                                                         _1489_ (net)
                      0.116493    0.000145   12.361782 v _4426_/A1 (sky130_fd_sc_hd__o32a_1)
     2    0.006615    0.154439    0.701291   13.063073 v _4426_/X (sky130_fd_sc_hd__o32a_1)
                                                         _1597_ (net)
                      0.154439    0.000197   13.063270 v _4429_/A2 (sky130_fd_sc_hd__a2111o_1)
     1    0.006320    0.141951    0.852440   13.915709 v _4429_/X (sky130_fd_sc_hd__a2111o_1)
                                                         _1600_ (net)
                      0.141951    0.000219   13.915929 v _4483_/A3 (sky130_fd_sc_hd__a31o_4)
     4    0.041956    0.142076    0.552034   14.467963 v _4483_/X (sky130_fd_sc_hd__a31o_4)
                                                         _1654_ (net)
                      0.142356    0.005148   14.473111 v _4507_/A1 (sky130_fd_sc_hd__a2111o_1)
     3    0.010239    0.180114    0.823409   15.296520 v _4507_/X (sky130_fd_sc_hd__a2111o_1)
                                                         _1678_ (net)
                      0.180115    0.000291   15.296811 v _4521_/A2 (sky130_fd_sc_hd__a211o_1)
     2    0.014194    0.179366    0.696602   15.993413 v _4521_/X (sky130_fd_sc_hd__a211o_1)
                                                         _1692_ (net)
                      0.179371    0.000734   15.994147 v _4525_/A1 (sky130_fd_sc_hd__a21o_1)
     2    0.013654    0.142301    0.417469   16.411615 v _4525_/X (sky130_fd_sc_hd__a21o_1)
                                                         _1696_ (net)
                      0.142302    0.000380   16.411995 v _4526_/S (sky130_fd_sc_hd__mux2_4)
     1    0.008697    0.096565    0.590324   17.002319 v _4526_/X (sky130_fd_sc_hd__mux2_4)
                                                         _1697_ (net)
                      0.096566    0.000481   17.002802 v _4527_/B1 (sky130_fd_sc_hd__a22o_1)
     1    0.002495    0.068124    0.331040   17.333841 v _4527_/X (sky130_fd_sc_hd__a22o_1)
                                                         _0125_ (net)
                      0.068125    0.000075   17.333916 v _4712_/D (sky130_fd_sc_hd__dfrtp_1)
                                             17.333916   data arrival time

                                 15.000000   15.000000   clock clk' (rise edge)
                                  0.000000   15.000000   clock source latency
     1    0.032947    0.144175    0.102537   15.102536 v clk (in)
                                                         clk (net)
                      0.144263    0.000000   15.102536 v clkbuf_0_clk/A (sky130_fd_sc_hd__clkbuf_16)
     8    0.121995    0.150544    0.380965   15.483501 v clkbuf_0_clk/X (sky130_fd_sc_hd__clkbuf_16)
                                                         clknet_0_clk (net)
                      0.151010    0.006793   15.490294 v clkbuf_3_0__f_clk/A (sky130_fd_sc_hd__clkbuf_16)
    13    0.082679    0.113652    0.354202   15.844496 v clkbuf_3_0__f_clk/X (sky130_fd_sc_hd__clkbuf_16)
                                                         clknet_3_0__leaf_clk (net)
                      0.113768    0.002926   15.847422 v _4605__19/A (sky130_fd_sc_hd__inv_2)
     1    0.002633    0.042585    0.081373   15.928795 ^ _4605__19/Y (sky130_fd_sc_hd__inv_2)
                                                         net203 (net)
                      0.042585    0.000082   15.928877 ^ _4712_/CLK (sky130_fd_sc_hd__dfrtp_1)
                                 -0.250000   15.678876   clock uncertainty
                                  0.000000   15.678876   clock reconvergence pessimism
                                 -0.283088   15.395788   library setup time
                                             15.395788   data required time
---------------------------------------------------------------------------------------------
                                             15.395788   data required time
                                            -17.333916   data arrival time
---------------------------------------------------------------------------------------------
                                             -1.938128   slack (VIOLATED)




===========================================================================
 report_check_types -max_slew -max_cap -max_fanout -violators
============================================================================
======================= nom_ss_100C_1v60 Corner ===================================

max fanout

Pin                                   Limit Fanout  Slack
---------------------------------------------------------
clkbuf_3_1__f_clk/X                      10     18     -8 (VIOLATED)
clkbuf_3_5__f_clk/X                      10     17     -7 (VIOLATED)
clkbuf_3_4__f_clk/X                      10     16     -6 (VIOLATED)
clkbuf_3_0__f_clk/X                      10     13     -3 (VIOLATED)
clkbuf_3_7__f_clk/X                      10     12     -2 (VIOLATED)
clkbuf_3_6__f_clk/X                      10     11        (VIOLATED)



===========================================================================
report_parasitic_annotation -report_unannotated
============================================================================
Found 0 unannotated drivers.
Found 0 partially unannotated drivers.

===========================================================================
max slew violation count 0
max fanout violation count 6
max cap violation count 0
============================================================================

===========================================================================
check_setup -verbose -unconstrained_endpoints -multiple_clock -no_clock -no_input_delay -loops -generated_clocks
===========================================================================
