
===========================================================================
 report_power
============================================================================
======================= nom_ss_100C_1v60 Corner ===================================

Group                    Internal    Switching      Leakage        Total
                            Power        Power        Power        Power (Watts)
------------------------------------------------------------------------
Sequential           5.498991e-04 1.157336e-04 2.055844e-06 6.676886e-04   3.2%
Combinational        9.426841e-03 1.084533e-02 1.233738e-05 2.028451e-02  96.8%
Macro                0.000000e+00 0.000000e+00 0.000000e+00 0.000000e+00   0.0%
Pad                  0.000000e+00 0.000000e+00 0.000000e+00 0.000000e+00   0.0%
------------------------------------------------------------------------
Total                9.976737e-03 1.096106e-02 1.439326e-05 2.095219e-02 100.0%
                            47.6%        52.3%         0.1%

