
===========================================================================
report_checks -unconstrained
===========================================================================
======================= min_ff_n40C_1v95 Corner ===================================

Startpoint: rstb (input port clocked by clk)
Endpoint: _8434_ (recovery check against rising-edge clock clk')
Path Group: asynchronous
Path Type: max

Fanout         Cap        Slew       Delay        Time   Description
---------------------------------------------------------------------------------------------
                                  0.000000    0.000000   clock clk (rise edge)
                                  0.000000    0.000000   clock network delay (propagated)
                                  2.000000    2.000000 ^ input external delay
     1    0.004727    0.020786    0.012303    2.012303 ^ rstb (in)
                                                         rstb (net)
                      0.020786    0.000000    2.012303 ^ input17/A (sky130_fd_sc_hd__clkbuf_1)
     1    0.003234    0.035695    0.052178    2.064481 ^ input17/X (sky130_fd_sc_hd__clkbuf_1)
                                                         net17 (net)
                      0.035695    0.000024    2.064505 ^ fanout255/A (sky130_fd_sc_hd__clkbuf_2)
     5    0.023511    0.101695    0.117858    2.182363 ^ fanout255/X (sky130_fd_sc_hd__clkbuf_2)
                                                         net255 (net)
                      0.101706    0.000873    2.183236 ^ fanout252/A (sky130_fd_sc_hd__clkbuf_4)
    10    0.046951    0.111704    0.165038    2.348274 ^ fanout252/X (sky130_fd_sc_hd__clkbuf_4)
                                                         net252 (net)
                      0.111707    0.000487    2.348760 ^ _8434_/RESET_B (sky130_fd_sc_hd__dfrtp_4)
                                              2.348760   data arrival time

                                  5.000000    5.000000   clock clk' (rise edge)
                                  0.000000    5.000000   clock source latency
     1    0.014181    0.023014    0.014776    5.014776 v clk (in)
                                                         clk (net)
                      0.023037    0.000000    5.014776 v clkbuf_0_clk/A (sky130_fd_sc_hd__clkbuf_16)
     4    0.037777    0.034341    0.104591    5.119367 v clkbuf_0_clk/X (sky130_fd_sc_hd__clkbuf_16)
                                                         clknet_0_clk (net)
                      0.034342    0.000528    5.119895 v clkbuf_2_0__f_clk/A (sky130_fd_sc_hd__clkbuf_16)
     7    0.036858    0.033994    0.108985    5.228880 v clkbuf_2_0__f_clk/X (sky130_fd_sc_hd__clkbuf_16)
                                                         clknet_2_0__leaf_clk (net)
                      0.033995    0.000350    5.229230 v _8402__19/A (sky130_fd_sc_hd__inv_2)
     1    0.002394    0.016618    0.027203    5.256433 ^ _8402__19/Y (sky130_fd_sc_hd__inv_2)
                                                         net340 (net)
                      0.016618    0.000022    5.256454 ^ _8434_/CLK (sky130_fd_sc_hd__dfrtp_4)
                                 -0.250000    5.006454   clock uncertainty
                                  0.000000    5.006454   clock reconvergence pessimism
                                  0.103450    5.109905   library recovery time
                                              5.109905   data required time
---------------------------------------------------------------------------------------------
                                              5.109905   data required time
                                             -2.348760   data arrival time
---------------------------------------------------------------------------------------------
                                              2.761144   slack (MET)


Startpoint: periodTop[0] (input port clocked by clk)
Endpoint: _8421_ (rising edge-triggered flip-flop clocked by clk')
Path Group: clk
Path Type: max

Fanout         Cap        Slew       Delay        Time   Description
---------------------------------------------------------------------------------------------
                                  0.000000    0.000000   clock clk (rise edge)
                                  0.000000    0.000000   clock network delay (propagated)
                                  2.000000    2.000000 ^ input external delay
     1    0.004166    0.018806    0.010814    2.010814 ^ periodTop[0] (in)
                                                         periodTop[0] (net)
                      0.018807    0.000000    2.010814 ^ input1/A (sky130_fd_sc_hd__buf_1)
     1    0.012787    0.116264    0.107355    2.118170 ^ input1/X (sky130_fd_sc_hd__buf_1)
                                                         net1 (net)
                      0.116268    0.000568    2.118737 ^ fanout321/A (sky130_fd_sc_hd__buf_2)
     5    0.053291    0.196224    0.202377    2.321115 ^ fanout321/X (sky130_fd_sc_hd__buf_2)
                                                         net321 (net)
                      0.196527    0.006331    2.327446 ^ fanout320/A (sky130_fd_sc_hd__buf_4)
    10    0.059837    0.128018    0.166899    2.494344 ^ fanout320/X (sky130_fd_sc_hd__buf_4)
                                                         net320 (net)
                      0.128337    0.005214    2.499558 ^ fanout319/A (sky130_fd_sc_hd__buf_4)
    10    0.059197    0.125674    0.161945    2.661503 ^ fanout319/X (sky130_fd_sc_hd__buf_4)
                                                         net319 (net)
                      0.125743    0.002431    2.663934 ^ _4251_/A (sky130_fd_sc_hd__clkinv_4)
    10    0.063422    0.099230    0.104611    2.768546 v _4251_/Y (sky130_fd_sc_hd__clkinv_4)
                                                         _1218_ (net)
                      0.099233    0.000445    2.768991 v _4252_/A (sky130_fd_sc_hd__clkbuf_4)
    10    0.049698    0.075739    0.167006    2.935997 v _4252_/X (sky130_fd_sc_hd__clkbuf_4)
                                                         _1229_ (net)
                      0.075739    0.000160    2.936157 v _4253_/A (sky130_fd_sc_hd__buf_4)
    10    0.075127    0.072363    0.158794    3.094951 v _4253_/X (sky130_fd_sc_hd__buf_4)
                                                         _1240_ (net)
                      0.072476    0.002309    3.097260 v _4256_/A0 (sky130_fd_sc_hd__mux2_1)
     1    0.002402    0.036479    0.152231    3.249491 v _4256_/X (sky130_fd_sc_hd__mux2_1)
                                                         _1272_ (net)
                      0.036479    0.000024    3.249515 v _4260_/B (sky130_fd_sc_hd__or4_1)
     1    0.002228    0.050370    0.276721    3.526236 v _4260_/X (sky130_fd_sc_hd__or4_1)
                                                         _1316_ (net)
                      0.050370    0.000024    3.526260 v _4261_/D (sky130_fd_sc_hd__or4_1)
     1    0.003032    0.054039    0.221736    3.747996 v _4261_/X (sky130_fd_sc_hd__or4_1)
                                                         _1327_ (net)
                      0.054039    0.000040    3.748036 v _4262_/C (sky130_fd_sc_hd__or3_1)
     1    0.002316    0.040206    0.172541    3.920577 v _4262_/X (sky130_fd_sc_hd__or3_1)
                                                         _1338_ (net)
                      0.040206    0.000026    3.920603 v _4263_/D (sky130_fd_sc_hd__or4_1)
     1    0.003908    0.058954    0.225825    4.146427 v _4263_/X (sky130_fd_sc_hd__or4_1)
                                                         _1349_ (net)
                      0.058954    0.000068    4.146495 v _4264_/D (sky130_fd_sc_hd__or4_1)
     1    0.003027    0.053968    0.224228    4.370723 v _4264_/X (sky130_fd_sc_hd__or4_1)
                                                         _1360_ (net)
                      0.053968    0.000041    4.370764 v _4265_/D (sky130_fd_sc_hd__or4_1)
     1    0.003604    0.057127    0.226913    4.597677 v _4265_/X (sky130_fd_sc_hd__or4_1)
                                                         _1371_ (net)
                      0.057127    0.000049    4.597726 v _4281_/B1 (sky130_fd_sc_hd__a211o_1)
     2    0.007674    0.049811    0.148156    4.745882 v _4281_/X (sky130_fd_sc_hd__a211o_1)
                                                         _1547_ (net)
                      0.049811    0.000155    4.746036 v _4289_/A2 (sky130_fd_sc_hd__a21bo_1)
     1    0.002506    0.024242    0.122869    4.868906 v _4289_/X (sky130_fd_sc_hd__a21bo_1)
                                                         _1635_ (net)
                      0.024242    0.000027    4.868933 v _4290_/A (sky130_fd_sc_hd__buf_2)
     6    0.032666    0.060423    0.112864    4.981797 v _4290_/X (sky130_fd_sc_hd__buf_2)
                                                         _1646_ (net)
                      0.060424    0.000210    4.982007 v _4291_/A (sky130_fd_sc_hd__buf_4)
    10    0.060103    0.063924    0.142197    5.124204 v _4291_/X (sky130_fd_sc_hd__buf_4)
                                                         _1657_ (net)
                      0.063929    0.000469    5.124674 v _4301_/B (sky130_fd_sc_hd__xnor2_1)
     1    0.002501    0.034451    0.086869    5.211543 v _4301_/Y (sky130_fd_sc_hd__xnor2_1)
                                                         _0054_ (net)
                      0.034451    0.000022    5.211564 v _8421_/D (sky130_fd_sc_hd__dfrtp_1)
                                              5.211564   data arrival time

                                  5.000000    5.000000   clock clk' (rise edge)
                                  0.000000    5.000000   clock source latency
     1    0.014181    0.023014    0.014776    5.014776 v clk (in)
                                                         clk (net)
                      0.023037    0.000000    5.014776 v clkbuf_0_clk/A (sky130_fd_sc_hd__clkbuf_16)
     4    0.037777    0.034341    0.104591    5.119367 v clkbuf_0_clk/X (sky130_fd_sc_hd__clkbuf_16)
                                                         clknet_0_clk (net)
                      0.034343    0.000463    5.119830 v clkbuf_2_1__f_clk/A (sky130_fd_sc_hd__clkbuf_16)
     6    0.034322    0.033058    0.108076    5.227906 v clkbuf_2_1__f_clk/X (sky130_fd_sc_hd__clkbuf_16)
                                                         clknet_2_1__leaf_clk (net)
                      0.033059    0.000265    5.228170 v _8389__6/A (sky130_fd_sc_hd__inv_2)
     1    0.002069    0.015607    0.026009    5.254179 ^ _8389__6/Y (sky130_fd_sc_hd__inv_2)
                                                         net327 (net)
                      0.015607    0.000008    5.254187 ^ _8421_/CLK (sky130_fd_sc_hd__dfrtp_1)
                                 -0.250000    5.004187   clock uncertainty
                                  0.000000    5.004187   clock reconvergence pessimism
                                 -0.074898    4.929289   library setup time
                                              4.929289   data required time
---------------------------------------------------------------------------------------------
                                              4.929289   data required time
                                             -5.211564   data arrival time
---------------------------------------------------------------------------------------------
                                             -0.282276   slack (VIOLATED)




===========================================================================
report_checks --slack_max -0.01
============================================================================
======================= min_ff_n40C_1v95 Corner ===================================

Startpoint: periodTop[0] (input port clocked by clk)
Endpoint: _8421_ (rising edge-triggered flip-flop clocked by clk')
Path Group: clk
Path Type: max

Fanout         Cap        Slew       Delay        Time   Description
---------------------------------------------------------------------------------------------
                                  0.000000    0.000000   clock clk (rise edge)
                                  0.000000    0.000000   clock network delay (propagated)
                                  2.000000    2.000000 ^ input external delay
     1    0.004166    0.018806    0.010814    2.010814 ^ periodTop[0] (in)
                                                         periodTop[0] (net)
                      0.018807    0.000000    2.010814 ^ input1/A (sky130_fd_sc_hd__buf_1)
     1    0.012787    0.116264    0.107355    2.118170 ^ input1/X (sky130_fd_sc_hd__buf_1)
                                                         net1 (net)
                      0.116268    0.000568    2.118737 ^ fanout321/A (sky130_fd_sc_hd__buf_2)
     5    0.053291    0.196224    0.202377    2.321115 ^ fanout321/X (sky130_fd_sc_hd__buf_2)
                                                         net321 (net)
                      0.196527    0.006331    2.327446 ^ fanout320/A (sky130_fd_sc_hd__buf_4)
    10    0.059837    0.128018    0.166899    2.494344 ^ fanout320/X (sky130_fd_sc_hd__buf_4)
                                                         net320 (net)
                      0.128337    0.005214    2.499558 ^ fanout319/A (sky130_fd_sc_hd__buf_4)
    10    0.059197    0.125674    0.161945    2.661503 ^ fanout319/X (sky130_fd_sc_hd__buf_4)
                                                         net319 (net)
                      0.125743    0.002431    2.663934 ^ _4251_/A (sky130_fd_sc_hd__clkinv_4)
    10    0.063422    0.099230    0.104611    2.768546 v _4251_/Y (sky130_fd_sc_hd__clkinv_4)
                                                         _1218_ (net)
                      0.099233    0.000445    2.768991 v _4252_/A (sky130_fd_sc_hd__clkbuf_4)
    10    0.049698    0.075739    0.167006    2.935997 v _4252_/X (sky130_fd_sc_hd__clkbuf_4)
                                                         _1229_ (net)
                      0.075739    0.000160    2.936157 v _4253_/A (sky130_fd_sc_hd__buf_4)
    10    0.075127    0.072363    0.158794    3.094951 v _4253_/X (sky130_fd_sc_hd__buf_4)
                                                         _1240_ (net)
                      0.072476    0.002309    3.097260 v _4256_/A0 (sky130_fd_sc_hd__mux2_1)
     1    0.002402    0.036479    0.152231    3.249491 v _4256_/X (sky130_fd_sc_hd__mux2_1)
                                                         _1272_ (net)
                      0.036479    0.000024    3.249515 v _4260_/B (sky130_fd_sc_hd__or4_1)
     1    0.002228    0.050370    0.276721    3.526236 v _4260_/X (sky130_fd_sc_hd__or4_1)
                                                         _1316_ (net)
                      0.050370    0.000024    3.526260 v _4261_/D (sky130_fd_sc_hd__or4_1)
     1    0.003032    0.054039    0.221736    3.747996 v _4261_/X (sky130_fd_sc_hd__or4_1)
                                                         _1327_ (net)
                      0.054039    0.000040    3.748036 v _4262_/C (sky130_fd_sc_hd__or3_1)
     1    0.002316    0.040206    0.172541    3.920577 v _4262_/X (sky130_fd_sc_hd__or3_1)
                                                         _1338_ (net)
                      0.040206    0.000026    3.920603 v _4263_/D (sky130_fd_sc_hd__or4_1)
     1    0.003908    0.058954    0.225825    4.146427 v _4263_/X (sky130_fd_sc_hd__or4_1)
                                                         _1349_ (net)
                      0.058954    0.000068    4.146495 v _4264_/D (sky130_fd_sc_hd__or4_1)
     1    0.003027    0.053968    0.224228    4.370723 v _4264_/X (sky130_fd_sc_hd__or4_1)
                                                         _1360_ (net)
                      0.053968    0.000041    4.370764 v _4265_/D (sky130_fd_sc_hd__or4_1)
     1    0.003604    0.057127    0.226913    4.597677 v _4265_/X (sky130_fd_sc_hd__or4_1)
                                                         _1371_ (net)
                      0.057127    0.000049    4.597726 v _4281_/B1 (sky130_fd_sc_hd__a211o_1)
     2    0.007674    0.049811    0.148156    4.745882 v _4281_/X (sky130_fd_sc_hd__a211o_1)
                                                         _1547_ (net)
                      0.049811    0.000155    4.746036 v _4289_/A2 (sky130_fd_sc_hd__a21bo_1)
     1    0.002506    0.024242    0.122869    4.868906 v _4289_/X (sky130_fd_sc_hd__a21bo_1)
                                                         _1635_ (net)
                      0.024242    0.000027    4.868933 v _4290_/A (sky130_fd_sc_hd__buf_2)
     6    0.032666    0.060423    0.112864    4.981797 v _4290_/X (sky130_fd_sc_hd__buf_2)
                                                         _1646_ (net)
                      0.060424    0.000210    4.982007 v _4291_/A (sky130_fd_sc_hd__buf_4)
    10    0.060103    0.063924    0.142197    5.124204 v _4291_/X (sky130_fd_sc_hd__buf_4)
                                                         _1657_ (net)
                      0.063929    0.000469    5.124674 v _4301_/B (sky130_fd_sc_hd__xnor2_1)
     1    0.002501    0.034451    0.086869    5.211543 v _4301_/Y (sky130_fd_sc_hd__xnor2_1)
                                                         _0054_ (net)
                      0.034451    0.000022    5.211564 v _8421_/D (sky130_fd_sc_hd__dfrtp_1)
                                              5.211564   data arrival time

                                  5.000000    5.000000   clock clk' (rise edge)
                                  0.000000    5.000000   clock source latency
     1    0.014181    0.023014    0.014776    5.014776 v clk (in)
                                                         clk (net)
                      0.023037    0.000000    5.014776 v clkbuf_0_clk/A (sky130_fd_sc_hd__clkbuf_16)
     4    0.037777    0.034341    0.104591    5.119367 v clkbuf_0_clk/X (sky130_fd_sc_hd__clkbuf_16)
                                                         clknet_0_clk (net)
                      0.034343    0.000463    5.119830 v clkbuf_2_1__f_clk/A (sky130_fd_sc_hd__clkbuf_16)
     6    0.034322    0.033058    0.108076    5.227906 v clkbuf_2_1__f_clk/X (sky130_fd_sc_hd__clkbuf_16)
                                                         clknet_2_1__leaf_clk (net)
                      0.033059    0.000265    5.228170 v _8389__6/A (sky130_fd_sc_hd__inv_2)
     1    0.002069    0.015607    0.026009    5.254179 ^ _8389__6/Y (sky130_fd_sc_hd__inv_2)
                                                         net327 (net)
                      0.015607    0.000008    5.254187 ^ _8421_/CLK (sky130_fd_sc_hd__dfrtp_1)
                                 -0.250000    5.004187   clock uncertainty
                                  0.000000    5.004187   clock reconvergence pessimism
                                 -0.074898    4.929289   library setup time
                                              4.929289   data required time
---------------------------------------------------------------------------------------------
                                              4.929289   data required time
                                             -5.211564   data arrival time
---------------------------------------------------------------------------------------------
                                             -0.282276   slack (VIOLATED)




===========================================================================
 report_check_types -max_slew -max_cap -max_fanout -violators
============================================================================
======================= min_ff_n40C_1v95 Corner ===================================



===========================================================================
report_parasitic_annotation -report_unannotated
============================================================================
Found 0 unannotated drivers.
Found 0 partially unannotated drivers.

===========================================================================
max slew violation count 0
max fanout violation count 0
max cap violation count 0
============================================================================

===========================================================================
check_setup -verbose -unconstrained_endpoints -multiple_clock -no_clock -no_input_delay -loops -generated_clocks
===========================================================================
