
===========================================================================
Violator List
============================================================================
[setup in-reg] vB[1] -> _3824_/D : -3.112824
[setup in-reg] vB[1] -> _3874_/D : -3.112823
[setup in-reg] vB[1] -> _3890_/D : -3.112818
[setup in-reg] vB[1] -> _3877_/D : -2.854746
[setup in-reg] vB[1] -> _3893_/D : -2.854686
[setup in-reg] vB[1] -> _3827_/D : -2.854673
[setup in-reg] vB[1] -> _3875_/D : -2.828949
[setup in-reg] vB[1] -> _3825_/D : -2.828908
[setup in-reg] vB[1] -> _3891_/D : -2.828908
[setup in-reg] vB[1] -> _3826_/D : -2.790352
[setup in-reg] vB[1] -> _3876_/D : -2.790352
[setup in-reg] vB[1] -> _3892_/D : -2.790308
[setup in-reg] vB[1] -> _3823_/D : -2.767722
[setup in-reg] vB[1] -> _3873_/D : -2.767721
[setup in-reg] vB[1] -> _3889_/D : -2.767717
[setup in-reg] vB[1] -> _3822_/D : -2.662034
[setup in-reg] vB[1] -> _3872_/D : -2.662033
[setup in-reg] vB[1] -> _3888_/D : -2.662029
[setup in-reg] vB[1] -> _3821_/D : -2.647130
[setup in-reg] vB[1] -> _3871_/D : -2.647130
[setup in-reg] vB[1] -> _3887_/D : -2.647125
[setup in-reg] vB[1] -> _3819_/D : -2.632027
[setup in-reg] vB[1] -> _3869_/D : -2.632026
[setup in-reg] vB[1] -> _3885_/D : -2.632022
[setup in-reg] vB[1] -> _3818_/D : -2.507532
[setup in-reg] vB[1] -> _3868_/D : -2.507531
[setup in-reg] vB[1] -> _3884_/D : -2.507527
[setup in-reg] vB[1] -> _3817_/D : -2.415313
[setup in-reg] vB[1] -> _3867_/D : -2.415312
[setup in-reg] vB[1] -> _3883_/D : -2.415307
[setup in-reg] vB[1] -> _3886_/D : -2.415064
[setup in-reg] vB[1] -> _3870_/D : -2.414320
[setup in-reg] vB[1] -> _3820_/D : -2.414269
[setup in-reg] vB[1] -> _3815_/D : -2.211508
[setup in-reg] vB[1] -> _3865_/D : -2.211508
[setup in-reg] vB[1] -> _3881_/D : -2.211503
[setup in-reg] vB[1] -> _3882_/D : -2.180470
[setup in-reg] vB[1] -> _3866_/D : -2.179727
[setup in-reg] vB[1] -> _3816_/D : -2.179675
[setup in-reg] periodTop[1] -> _3855_/D : -2.030051
[setup in-reg] vB[1] -> _3814_/D : -2.007682
[setup in-reg] vB[1] -> _3864_/D : -2.007681
[setup in-reg] vB[1] -> _3880_/D : -2.007676
[setup in-reg] periodTop[1] -> _3857_/D : -1.952351
[setup in-reg] periodTop[1] -> _3851_/D : -1.952348
[setup in-reg] periodTop[1] -> _3853_/D : -1.952331
[setup in-reg] periodTop[1] -> _3847_/D : -1.950590
[setup in-reg] periodTop[1] -> _3859_/D : -1.950592
[setup in-reg] periodTop[1] -> _3849_/D : -1.933490
[setup in-reg] periodTop[1] -> _3854_/D : -1.912955
[setup in-reg] periodTop[1] -> _3850_/D : -1.893037
[setup in-reg] periodTop[1] -> _3852_/D : -1.893037
[setup in-reg] periodTop[1] -> _3856_/D : -1.893037
[setup in-reg] periodTop[1] -> _3846_/D : -1.891258
[setup in-reg] periodTop[1] -> _3858_/D : -1.891258
[setup in-reg] periodTop[1] -> _3848_/D : -1.888442
[setup in-reg] vB[1] -> _3813_/D : -1.791078
[setup in-reg] vB[1] -> _3863_/D : -1.791077
[setup in-reg] vB[1] -> _3879_/D : -1.791072
[setup in-reg] periodTop[1] -> _3845_/D : -1.776104
[setup in-reg] vB[1] -> _3812_/D : -1.555324
[setup in-reg] vB[1] -> _3862_/D : -1.555323
[setup in-reg] vB[1] -> _3878_/D : -1.555319
[setup in-reg] periodTop[1] -> _3860_/D : -1.426965
[setup reg-out] _3830_/Q -> pwmB : -0.957198
[setup reg-out] _3830_/Q -> pwmA : -0.744974
[setup reg-out] _3836_/Q -> pwmC : -0.691815
[setup reg-out] _3840_/Q -> halt : -0.188424
Writing metric timing__hold_vio__count__corner:nom_tt_025C_1v80: 0
Writing metric timing__hold_r2r_vio__count__corner:nom_tt_025C_1v80: 0
Writing metric timing__setup_vio__count__corner:nom_tt_025C_1v80: 68
Writing metric timing__setup_r2r_vio__count__corner:nom_tt_025C_1v80: 0
